     VMA      LMA     Size Align Out     In      Symbol
       0        0        0     1 RAM_START = 0x22000000
       0        0        0     1 RAM_LENGTH = 0x001d4000
       0        0        0     1 FLASH_START = 0x02000000
       0        0        0     1 FLASH_LENGTH = 0x00100000
       0        0        0     1 DATA_FLASH_START = 0x27000000
       0        0        0     1 DATA_FLASH_LENGTH = 0x00000000
       0        0        0     1 SDRAM_START = 0x68000000
       0        0        0     1 SDRAM_LENGTH = 0x08000000
       0        0        0     1 OSPI0_CS0_START = 0x80000000
       0        0        0     1 OSPI0_CS0_LENGTH = 0x10000000
       0        0        0     1 OSPI0_CS1_START = 0x90000000
       0        0        0     1 OSPI0_CS1_LENGTH = 0x10000000
       0        0        0     1 OSPI1_CS0_START = 0x70000000
       0        0        0     1 OSPI1_CS0_LENGTH = 0x08000000
       0        0        0     1 OSPI1_CS1_START = 0x78000000
       0        0        0     1 OSPI1_CS1_LENGTH = 0x08000000
       0        0        0     1 OPTION_SETTING_OFS0_START = 0x02c9f040
       0        0        0     1 OPTION_SETTING_OFS0_LENGTH = 0x00000004
       0        0        0     1 OPTION_SETTING_OFS2_START = 0x02c9f044
       0        0        0     1 OPTION_SETTING_OFS2_LENGTH = 0x00000004
       0        0        0     1 OPTION_SETTING_SAS_START = 0x02c9f074
       0        0        0     1 OPTION_SETTING_SAS_LENGTH = 0x00000004
       0        0        0     1 OPTION_SETTING_OFS1_START = 0x12c9f4c0
       0        0        0     1 OPTION_SETTING_OFS1_LENGTH = 0x00000004
       0        0        0     1 OPTION_SETTING_OFS1_SEC_START = 0x02c9f0c0
       0        0        0     1 OPTION_SETTING_OFS1_SEC_LENGTH = 0x00000004
       0        0        0     1 OPTION_SETTING_OFS1_SEL_START = 0x02c9f120
       0        0        0     1 OPTION_SETTING_OFS1_SEL_LENGTH = 0x00000004
       0        0        0     1 OPTION_SETTING_OFS3_START = 0x12c9f4c4
       0        0        0     1 OPTION_SETTING_OFS3_LENGTH = 0x00000004
       0        0        0     1 OPTION_SETTING_OFS3_SEC_START = 0x02c9f0c4
       0        0        0     1 OPTION_SETTING_OFS3_SEC_LENGTH = 0x00000004
       0        0        0     1 OPTION_SETTING_OFS3_SEL_START = 0x02c9f124
       0        0        0     1 OPTION_SETTING_OFS3_SEL_LENGTH = 0x00000004
       0        0        0     1 OPTION_SETTING_BPS_START = 0x12c9f600
       0        0        0     1 OPTION_SETTING_BPS_LENGTH = 0x00000080
       0        0        0     1 OPTION_SETTING_BPS_SEC_START = 0x02c9f200
       0        0        0     1 OPTION_SETTING_BPS_SEC_LENGTH = 0x00000080
       0        0        0     1 OPTION_SETTING_OTP_FSBLCTRL0_START = 0x02e07600
       0        0        0     1 OPTION_SETTING_OTP_FSBLCTRL0_LENGTH = 0x00000004
       0        0        0     1 OPTION_SETTING_OTP_FSBLCTRL1_START = 0x02e07604
       0        0        0     1 OPTION_SETTING_OTP_FSBLCTRL1_LENGTH = 0x00000004
       0        0        0     1 OPTION_SETTING_OTP_FSBLCTRL2_START = 0x02e07608
       0        0        0     1 OPTION_SETTING_OTP_FSBLCTRL2_LENGTH = 0x00000004
       0        0        0     1 OPTION_SETTING_OTP_SAMR_START = 0x02e07614
       0        0        0     1 OPTION_SETTING_OTP_SAMR_LENGTH = 0x00000004
       0        0        0     1 OPTION_SETTING_OTP_SACC00_START = 0x02e07620
       0        0        0     1 OPTION_SETTING_OTP_SACC00_LENGTH = 0x00000004
       0        0        0     1 OPTION_SETTING_OTP_SACC10_START = 0x02e07630
       0        0        0     1 OPTION_SETTING_OTP_SACC10_LENGTH = 0x00000004
       0        0        0     1 OPTION_SETTING_OTP_SACC01_START = 0x02e07640
       0        0        0     1 OPTION_SETTING_OTP_SACC01_LENGTH = 0x00000004
       0        0        0     1 OPTION_SETTING_OTP_SACC11_START = 0x02e07650
       0        0        0     1 OPTION_SETTING_OTP_SACC11_LENGTH = 0x00000004
       0        0        0     1 OPTION_SETTING_OTP_SACC02_START = 0x02e07660
       0        0        0     1 OPTION_SETTING_OTP_SACC02_LENGTH = 0x00000004
       0        0        0     1 OPTION_SETTING_OTP_SACC12_START = 0x02e07670
       0        0        0     1 OPTION_SETTING_OTP_SACC12_LENGTH = 0x00000004
       0        0        0     1 OPTION_SETTING_OTP_SACC03_START = 0x02e07680
       0        0        0     1 OPTION_SETTING_OTP_SACC03_LENGTH = 0x00000004
       0        0        0     1 OPTION_SETTING_OTP_SACC13_START = 0x02e07690
       0        0        0     1 OPTION_SETTING_OTP_SACC13_LENGTH = 0x00000004
       0        0        0     1 OPTION_SETTING_OTP_PBPS_SEC_START = 0x02e17700
       0        0        0     1 OPTION_SETTING_OTP_PBPS_SEC_LENGTH = 0x00000080
       0        0        0     1 OPTION_SETTING_OTP_PBPS_START = 0x12e17780
       0        0        0     1 OPTION_SETTING_OTP_PBPS_LENGTH = 0x00000080
       0        0        0     1 OPTION_SETTING_OTP_ZHUK_START = 0x02e17920
       0        0        0     1 OPTION_SETTING_OTP_ZHUK_LENGTH = 0x00000004
       0        0        0     1 ITCM_START = 0x00000000
       0        0        0     1 ITCM_LENGTH = 0x00020000
       0        0        0     1 DTCM_START = 0x20000000
       0        0        0     1 DTCM_LENGTH = 0x00020000
90000000 90000000        0     1 .ospi0_cs1.startof
90000000 90000000        0     1         __ddsc_OSPI0_CS1_START = .
68000000 68000000        0     1 .sdram.startof
68000000 68000000        0     1         __ddsc_SDRAM_START = .
68000000 68000000        0     1 __sdram_from_ospi0_cs1$$
68000000 68000000        0     1         __sdram_from_ospi0_cs1$$Base = .
68000000 68000000        0     1         __sdram_from_ospi0_cs1$$Load = LOADADDR(__sdram_from_ospi0_cs1$$)
68000000 68000000        0     1         __sdram_from_ospi0_cs1$$Limit = .
80000000 80000000        0     1 .ospi0_cs0.startof
80000000 80000000        0     1         __ddsc_OSPI0_CS0_START = .
80000000 80000000        0     1 __ospi0_cs0_from_ospi0_cs1$$
80000000 80000000        0     1         __ospi0_cs0_from_ospi0_cs1$$Base = .
80000000 80000000        0     1         __ospi0_cs0_from_ospi0_cs1$$Load = LOADADDR(__ospi0_cs0_from_ospi0_cs1$$)
80000000 80000000        0     1         __ospi0_cs0_from_ospi0_cs1$$Limit = .
70000000 70000000        0     1 .ospi1_cs0.startof
70000000 70000000        0     1         __ddsc_OSPI1_CS0_START = .
70000000 70000000        0     1 __ospi1_cs0_from_ospi0_cs1$$
70000000 70000000        0     1         __ospi1_cs0_from_ospi0_cs1$$Base = .
70000000 70000000        0     1         __ospi1_cs0_from_ospi0_cs1$$Load = LOADADDR(__ospi1_cs0_from_ospi0_cs1$$)
70000000 70000000        0     1         __ospi1_cs0_from_ospi0_cs1$$Limit = .
       0        0        0     1 .itcm.startof
       0        0        0     1         __ddsc_ITCM_START = .
       0        0        0     1 __itcm_from_ospi0_cs1$$
       0        0        0     1         __itcm_from_ospi0_cs1$$Base = .
       0        0        0     1         __itcm_from_ospi0_cs1$$Load = LOADADDR(__itcm_from_ospi0_cs1$$)
       0        0        0     1         __itcm_from_ospi0_cs1$$Limit = .
20000000 20000000        0     1 .dtcm.startof
20000000 20000000        0     1         __ddsc_DTCM_START = .
20000000 20000000        0     1 __dtcm_from_ospi0_cs1$$
20000000 20000000        0     1         __dtcm_from_ospi0_cs1$$Base = .
20000000 20000000        0     1         __dtcm_from_ospi0_cs1$$Load = LOADADDR(__dtcm_from_ospi0_cs1$$)
20000000 20000000        0     1         __dtcm_from_ospi0_cs1$$Limit = .
22000000 22000000        0     1 .ram.startof
22000000 22000000        0     1         __ddsc_RAM_START = .
22000000 22000000        0     1 __ram_dtc_vector$$
22000000 22000000        0     1         __ram_dtc_vector$$Base = .
22000000 22000000        0     1         __ram_dtc_vector$$Limit = .
22000000 22000000        0     1 __ram_from_ospi0_cs1$$
22000000 22000000        0     1         __ram_from_ospi0_cs1$$Base = .
22000000 22000000        0     1         __ram_from_ospi0_cs1$$Load = LOADADDR(__ram_from_ospi0_cs1$$)
22000000 22000000        0     1         __ram_from_ospi0_cs1$$Limit = .
90000000 90000000        0     1 __ospi0_cs1_readonly$$
90000000 90000000        0     1         __ospi0_cs1_readonly$$Base = .
90000000 90000000        0     1         __ospi0_cs1_readonly$$Limit = .
90000000 90000000        0     1 __ospi0_cs1_noinit$$
90000000 90000000        0     1         __ospi0_cs1_noinit$$Base = .
90000000 90000000        0     1         __ospi0_cs1_noinit$$Limit = .
90000000 90000000        0     1 .ospi0_cs1.endof
90000000 90000000        0     1         __ddsc_OSPI0_CS1_END = .
78000000 78000000        0     1 .ospi1_cs1.startof
78000000 78000000        0     1         __ddsc_OSPI1_CS1_START = .
68000000 68000000        0     1 __sdram_from_ospi1_cs1$$
68000000 68000000        0     1         __sdram_from_ospi1_cs1$$Base = .
68000000 68000000        0     1         __sdram_from_ospi1_cs1$$Load = LOADADDR(__sdram_from_ospi1_cs1$$)
68000000 68000000        0     1         __sdram_from_ospi1_cs1$$Limit = .
80000000 80000000        0     1 __ospi0_cs0_from_ospi1_cs1$$
80000000 80000000        0     1         __ospi0_cs0_from_ospi1_cs1$$Base = .
80000000 80000000        0     1         __ospi0_cs0_from_ospi1_cs1$$Load = LOADADDR(__ospi0_cs0_from_ospi1_cs1$$)
80000000 80000000        0     1         __ospi0_cs0_from_ospi1_cs1$$Limit = .
70000000 70000000        0     1 __ospi1_cs0_from_ospi1_cs1$$
70000000 70000000        0     1         __ospi1_cs0_from_ospi1_cs1$$Base = .
70000000 70000000        0     1         __ospi1_cs0_from_ospi1_cs1$$Load = LOADADDR(__ospi1_cs0_from_ospi1_cs1$$)
70000000 70000000        0     1         __ospi1_cs0_from_ospi1_cs1$$Limit = .
       0        0        0     1 __itcm_from_ospi1_cs1$$
       0        0        0     1         __itcm_from_ospi1_cs1$$Base = .
       0        0        0     1         __itcm_from_ospi1_cs1$$Load = LOADADDR(__itcm_from_ospi1_cs1$$)
       0        0        0     1         __itcm_from_ospi1_cs1$$Limit = .
20000000 20000000        0     1 __dtcm_from_ospi1_cs1$$
20000000 20000000        0     1         __dtcm_from_ospi1_cs1$$Base = .
20000000 20000000        0     1         __dtcm_from_ospi1_cs1$$Load = LOADADDR(__dtcm_from_ospi1_cs1$$)
20000000 20000000        0     1         __dtcm_from_ospi1_cs1$$Limit = .
22000000 22000000        0     1 __ram_from_ospi1_cs1$$
22000000 22000000        0     1         __ram_from_ospi1_cs1$$Base = .
22000000 22000000        0     1         __ram_from_ospi1_cs1$$Load = LOADADDR(__ram_from_ospi1_cs1$$)
22000000 22000000        0     1         __ram_from_ospi1_cs1$$Limit = .
78000000 78000000        0     1 __ospi1_cs1_readonly$$
78000000 78000000        0     1         __ospi1_cs1_readonly$$Base = .
78000000 78000000        0     1         __ospi1_cs1_readonly$$Limit = .
78000000 78000000        0     1 __ospi1_cs1_noinit$$
78000000 78000000        0     1         __ospi1_cs1_noinit$$Base = .
78000000 78000000        0     1         __ospi1_cs1_noinit$$Limit = .
78000000 78000000        0     1 .ospi1_cs1.endof
78000000 78000000        0     1         __ddsc_OSPI1_CS1_END = .
27000000 27000000        0     1 .data_flash.startof
27000000 27000000        0     1         __ddsc_DATA_FLASH_START = .
68000000 68000000        0     1 __sdram_from_data_flash$$
68000000 68000000        0     1         __sdram_from_data_flash$$Base = .
68000000 68000000        0     1         __sdram_from_data_flash$$Load = LOADADDR(__sdram_from_data_flash$$)
68000000 68000000        0     1         __sdram_from_data_flash$$Limit = .
80000000 80000000        0     1 __ospi0_cs0_from_data_flash$$
80000000 80000000        0     1         __ospi0_cs0_from_data_flash$$Base = .
80000000 80000000        0     1         __ospi0_cs0_from_data_flash$$Load = LOADADDR(__ospi0_cs0_from_data_flash$$)
80000000 80000000        0     1         __ospi0_cs0_from_data_flash$$Limit = .
70000000 70000000        0     1 __ospi1_cs0_from_data_flash$$
70000000 70000000        0     1         __ospi1_cs0_from_data_flash$$Base = .
70000000 70000000        0     1         __ospi1_cs0_from_data_flash$$Load = LOADADDR(__ospi1_cs0_from_data_flash$$)
70000000 70000000        0     1         __ospi1_cs0_from_data_flash$$Limit = .
       0        0        0     1 __itcm_from_data_flash$$
       0        0        0     1         __itcm_from_data_flash$$Base = .
       0        0        0     1         __itcm_from_data_flash$$Load = LOADADDR(__itcm_from_data_flash$$)
       0        0        0     1         __itcm_from_data_flash$$Limit = .
20000000 20000000        0     1 __dtcm_from_data_flash$$
20000000 20000000        0     1         __dtcm_from_data_flash$$Base = .
20000000 20000000        0     1         __dtcm_from_data_flash$$Load = LOADADDR(__dtcm_from_data_flash$$)
20000000 20000000        0     1         __dtcm_from_data_flash$$Limit = .
22000000 22000000        0     1 __ram_from_data_flash$$
22000000 22000000        0     1         __ram_from_data_flash$$Base = .
22000000 22000000        0     1         __ram_from_data_flash$$Load = LOADADDR(__ram_from_data_flash$$)
22000000 22000000        0     1         __ram_from_data_flash$$Limit = .
27000000 27000000        0     1 __data_flash_readonly$$
27000000 27000000        0     1         __data_flash_readonly$$Base = .
27000000 27000000        0     1         __data_flash_readonly$$Limit = .
27000000 27000000        0     1 __data_flash_noinit$$
27000000 27000000        0     1         __data_flash_noinit$$Base = .
27000000 27000000        0     1         __data_flash_noinit$$Limit = .
27000000 27000000        0     1 .data_flash.endof
27000000 27000000        0     1         __ddsc_DATA_FLASH_END = .
 2000000  2000000        0     1 .flash.startof
 2000000  2000000        0     1         __ddsc_FLASH_START = .
 2000000  2000000       6c     4 __flash_vectors$$
 2000000  2000000        0     1         __flash_vectors$$Base = .
 2000000  2000000        0     1         _VECTORS = .
 2000000  2000000       40     4         ./ra/fsp/src/bsp/cmsis/Device/RENESAS/Source/startup.o:(.fixed_vectors)
 2000000  2000000       40     1                 __Vectors
 2000040  2000040       2c     4         ./ra_gen/vector_data.o:(.application_vectors)
 2000040  2000040       2c     1                 g_vector_table
 200006c  200006c        0     1         __flash_vectors$$Limit = .
 200006c  200006c        0     1 __flash_noinit$$
 200006c  200006c        0     1         __flash_noinit$$Base = .
 200006c  200006c        0     1         __flash_noinit$$Limit = .
68000000 68000000        0     1 __sdram_from_flash$$
68000000 68000000        0     1         __sdram_from_flash$$Base = .
68000000 68000000        0     1         __sdram_from_flash$$Load = LOADADDR(__sdram_from_flash$$)
68000000 68000000        0     1         __sdram_from_flash$$Limit = .
68000000 68000000        0     1 __sdram_noinit_nocache$$
68000000 68000000        0     1         __sdram_noinit_nocache$$Base = .
68000000 68000000        0     1         __sdram_noinit_nocache$$Limit = .
68000000 68000000        0     1 __sdram_zero_nocache$$
68000000 68000000        0     1         __sdram_zero_nocache$$Base = .
68000000 68000000        0     1         . = ALIGN(32)
68000000 68000000        0     1         __sdram_zero_nocache$$Limit = .
68000000 68000000        0     1 __sdram_noinit$$
68000000 68000000        0     1         __sdram_noinit$$Base = .
68000000 68000000        0     1         __sdram_noinit$$Limit = .
68000000 68000000        0     1 __sdram_zero$$
68000000 68000000        0     1         __sdram_zero$$Base = .
68000000 68000000        0     1         __sdram_zero$$Limit = .
68000000 68000000        0     1 .sdram.endof
68000000 68000000        0     1         __ddsc_SDRAM_END = .
80000000 80000000        0     1 __ospi0_cs0_from_flash$$
80000000 80000000        0     1         __ospi0_cs0_from_flash$$Base = .
80000000 80000000        0     1         __ospi0_cs0_from_flash$$Load = LOADADDR(__ospi0_cs0_from_flash$$)
80000000 80000000        0     1         __ospi0_cs0_from_flash$$Limit = .
80000000 80000000        0     1 __ospi0_cs0_noinit_nocache$$
80000000 80000000        0     1         __ospi0_cs0_noinit_nocache$$Base = .
80000000 80000000        0     1         __ospi0_cs0_noinit_nocache$$Limit = .
80000000 80000000        0     1 __ospi0_cs0_zero_nocache$$
80000000 80000000        0     1         __ospi0_cs0_zero_nocache$$Base = .
80000000 80000000        0     1         . = ALIGN(32)
80000000 80000000        0     1         __ospi0_cs0_zero_nocache$$Limit = .
80000000 80000000        0     1 __ospi0_cs0_noinit$$
80000000 80000000        0     1         __ospi0_cs0_noinit$$Base = .
80000000 80000000        0     1         __ospi0_cs0_noinit$$Limit = .
80000000 80000000        0     1 __ospi0_cs0_zero$$
80000000 80000000        0     1         __ospi0_cs0_zero$$Base = .
80000000 80000000        0     1         __ospi0_cs0_zero$$Limit = .
80000000 80000000        0     1 .ospi0_cs0.endof
80000000 80000000        0     1         __ddsc_OSPI0_CS0_END = .
70000000 70000000        0     1 __ospi1_cs0_from_flash$$
70000000 70000000        0     1         __ospi1_cs0_from_flash$$Base = .
70000000 70000000        0     1         __ospi1_cs0_from_flash$$Load = LOADADDR(__ospi1_cs0_from_flash$$)
70000000 70000000        0     1         __ospi1_cs0_from_flash$$Limit = .
70000000 70000000        0     1 __ospi1_cs0_noinit_nocache$$
70000000 70000000        0     1         __ospi1_cs0_noinit_nocache$$Base = .
70000000 70000000        0     1         __ospi1_cs0_noinit_nocache$$Limit = .
70000000 70000000        0     1 __ospi1_cs0_zero_nocache$$
70000000 70000000        0     1         __ospi1_cs0_zero_nocache$$Base = .
70000000 70000000        0     1         . = ALIGN(32)
70000000 70000000        0     1         __ospi1_cs0_zero_nocache$$Limit = .
70000000 70000000        0     1 __ospi1_cs0_noinit$$
70000000 70000000        0     1         __ospi1_cs0_noinit$$Base = .
70000000 70000000        0     1         __ospi1_cs0_noinit$$Limit = .
70000000 70000000        0     1 __ospi1_cs0_zero$$
70000000 70000000        0     1         __ospi1_cs0_zero$$Base = .
70000000 70000000        0     1         __ospi1_cs0_zero$$Limit = .
70000000 70000000        0     1 .ospi1_cs0.endof
70000000 70000000        0     1         __ddsc_OSPI1_CS0_END = .
       0        0        0     1 __itcm_from_flash$$
       0        0        0     1         __itcm_from_flash$$Base = .
       0        0        0     1         __itcm_from_flash$$Load = LOADADDR(__itcm_from_flash$$)
       0        0        0     1         __itcm_from_flash$$Limit = .
       0        0        0     1 __itcm_noinit$$
       0        0        0     1         __itcm_noinit$$Base = .
       0        0        0     1         __itcm_noinit$$Limit = .
       0        0        0     1 __itcm_zero$$
       0        0        0     1         __itcm_zero$$Base = .
       0        0        0     1         __itcm_zero$$Limit = .
       0        0        0     1 .itcm.endof
       0        0        0     1         __ddsc_ITCM_END = .
20000000 20000000        0     1 __dtcm_from_flash$$
20000000 20000000        0     1         __dtcm_from_flash$$Base = .
20000000 20000000        0     1         __dtcm_from_flash$$Load = LOADADDR(__dtcm_from_flash$$)
20000000 20000000        0     1         __dtcm_from_flash$$Limit = .
20000000 20000000        0     1 __dtcm_noinit$$
20000000 20000000        0     1         __dtcm_noinit$$Base = .
20000000 20000000        0     1         __dtcm_noinit$$Limit = .
20000000 20000000        0     1 __dtcm_zero$$
20000000 20000000        0     1         __dtcm_zero$$Base = .
20000000 20000000        0     1         __dtcm_zero$$Limit = .
20000000 20000000        0     1 .dtcm.endof
20000000 20000000        0     1         __ddsc_DTCM_END = .
22000000  200006c        2     1 __ram_from_flash$$
22000000  200006c        0     1         __ram_from_flash$$Base = .
22000000  200006c        0     1         __ram_from_flash$$Load = LOADADDR(__ram_from_flash$$)
22000000  200006c        2     1         ./ra/fsp/src/r_glcdc/r_glcdc.o:(.data.g_clut_data_latched)
22000000  200006c        2     1                 g_clut_data_latched
22000002  200006e        0     1         __ram_from_flash$$Limit = .
22000020 22000020        0     1 __ram_noinit_nocache$$
22000020 22000020        0     1         __ram_noinit_nocache$$Base = .
22000020 22000020        0     1         __ram_noinit_nocache$$Limit = .
22000020 22000020        0     1 __ram_zero_nocache$$
22000020 22000020        0     1         __ram_zero_nocache$$Base = .
22000020 22000020        0     1         . = ALIGN(32)
22000020 22000020        0     1         __ram_zero_nocache$$Limit = .
22000020 22000020     802c     8 __ram_noinit$$
22000020 22000020        0     1         __ram_noinit$$Base = .
22000020 22000020     8000     8         ./ra/fsp/src/bsp/cmsis/Device/RENESAS/Source/startup.o:(.bss.g_main_stack)
22000020 22000020     8000     1                 g_main_stack
22008020 22008020       2c     4         ./ra/fsp/src/bsp/mcu/all/bsp_clocks.o:(.ram_noinit)
22008020 22008020       2c     1                 g_clock_freq
2200804c 2200804c        0     1         __ram_noinit$$Limit = .
2200804c 2200804c      608     4 __ram_zero$$
2200804c 2200804c        0     1         __ram_zero$$Base = .
2200804c 2200804c       a8     4         ./src/SEGGER_RTT/SEGGER_RTT.o:(.bss._SEGGER_RTT)
2200804c 2200804c       a8     1                 _SEGGER_RTT
220080f4 220080f4      400     1         ./src/SEGGER_RTT/SEGGER_RTT.o:(.bss._acUpBuffer)
220080f4 220080f4      400     1                 _acUpBuffer
220084f4 220084f4       10     1         ./src/SEGGER_RTT/SEGGER_RTT.o:(.bss._acDownBuffer)
220084f4 220084f4       10     1                 _acDownBuffer
22008504 22008504        8     4         ./ra_gen/common_data.o:(.bss.g_ioport_ctrl)
22008504 22008504        8     1                 g_ioport_ctrl
2200850c 2200850c       20     4         ./ra_gen/hal_data.o:(.bss.g_led_b_ctrl)
2200850c 2200850c       20     1                 g_led_b_ctrl
2200852c 2200852c       20     4         ./ra_gen/hal_data.o:(.bss.g_led_a_ctrl)
2200852c 2200852c       20     1                 g_led_a_ctrl
2200854c 2200854c       20     4         ./ra_gen/hal_data.o:(.bss.g_right_wheel_ctrl)
2200854c 2200854c       20     1                 g_right_wheel_ctrl
2200856c 2200856c       20     4         ./ra_gen/hal_data.o:(.bss.g_fan_ctrl)
2200856c 2200856c       20     1                 g_fan_ctrl
2200858c 2200858c       20     4         ./ra_gen/hal_data.o:(.bss.g_left_wheel_ctrl)
2200858c 2200858c       20     1                 g_left_wheel_ctrl
220085ac 220085ac        4     4         ./ra/fsp/src/r_glcdc/r_glcdc.o:(.bss.g_ctrl_blk.4)
220085ac 220085ac        4     1                 g_ctrl_blk.4
220085b0 220085b0        8     4         ./ra/fsp/src/r_glcdc/r_glcdc.o:(.bss.g_fade_pending)
220085b0 220085b0        8     1                 g_fade_pending
220085b8 220085b8        4     4         ./ra/fsp/src/r_glcdc/r_glcdc.o:(.bss.g_frame_ctr)
220085b8 220085b8        4     1                 g_frame_ctr
220085bc 220085bc       54     4         ./ra/fsp/src/bsp/mcu/all/bsp_group_irq.o:(.bss.g_bsp_group_irq_sources)
220085bc 220085bc       54     1                 g_bsp_group_irq_sources
22008610 22008610        4     4         ./ra/fsp/src/bsp/mcu/all/bsp_io.o:(.bss.g_protect_pfswe_counter)
22008610 22008610        4     1                 g_protect_pfswe_counter
22008614 22008614       2c     4         ./ra/fsp/src/bsp/mcu/all/bsp_irq.o:(.bss.gp_renesas_isr_context)
22008614 22008614       2c     1                 gp_renesas_isr_context
22008640 22008640        a     2         ./ra/fsp/src/bsp/mcu/all/bsp_register_protection.o:(.bss.g_protect_counters)
22008640 22008640        a     1                 g_protect_counters
2200864c 2200864c        4     4         ./ra/fsp/src/bsp/cmsis/Device/RENESAS/Source/system.o:(.bss.SystemCoreClock)
2200864c 2200864c        4     1                 SystemCoreClock
22008650 22008650        4     4         E:\Renesas\RAv6.4.0\RA\toolchains\llvm_arm\ATfE-21.1.1-Windows-x86_64\bin\..\lib\clang-runtimes/arm-none-eabi/armv8.1m.main_hard_fpdp_nomve_exn_rtti_unaligned_size\lib\libc.a(libc_picolib_machine_arm_tls.c.o):(.bss.__tls)
22008650 22008650        4     1                 __tls
22008654 22008654        0     1         __ram_zero$$Limit = .
22008654 22008654        0     1 __ram_tdata$$
22008654 22008654        0     1         __ram_tdata$$Base = .
22008654 22008654        0     1         __ram_tdata$$Load = LOADADDR(__ram_tdata$$)
22008654 22008654        0     1         __ram_tdata$$Limit = .
22008654 22008654        0     1 __ram_tbss$$
22008654 22008654        0     1         __ram_tbss$$Base = .
22008654 22008654        0     1         __ram_tbss$$Limit = .
22008658 22008658        0     1 __ram_thread_stack$$
22008658 22008658        0     1         __ram_thread_stack$$Base = .
22008658 22008658        0     1         __ram_thread_stack$$Limit = .
22008800 22008800        0     1 .ram.endof
22008800 22008800        0     1         __ddsc_RAM_END = .
22008800 22008800        0     1 .ram.flat_nsc
22008800 22008800        0     1         __ddsc_RAM_NSC = .
 2000070  2000070     32f6     8 __flash_readonly$$
 2000070  2000070        0     1         __flash_readonly$$Base = .
 2000070  2000070       7a     8         ./src/SEGGER_RTT/SEGGER_RTT.o:(.text._DoInit)
 2000070  2000070        0     1                 $t
 2000071  2000071       7a     1                 _DoInit
 20000f0  20000f0       7e     8         ./src/SEGGER_RTT/SEGGER_RTT.o:(.text._WriteBlocking)
 20000f0  20000f0        0     1                 $t
 20000f1  20000f1       7e     1                 _WriteBlocking
 200016e  200016e       f4     2         ./src/SEGGER_RTT/SEGGER_RTT.o:(.text.SEGGER_RTT_WriteNoLock)
 200016e  200016e        0     1                 $t
 200016f  200016f       f4     1                 SEGGER_RTT_WriteNoLock
 2000262  2000262       3a     2         ./src/SEGGER_RTT/SEGGER_RTT.o:(.text.SEGGER_RTT_Write)
 2000262  2000262        0     1                 $t
 2000263  2000263       3a     1                 SEGGER_RTT_Write
 20002a0  20002a0      32a     8         ./src/SEGGER_RTT/SEGGER_RTT_printf.o:(.text.SEGGER_RTT_vprintf)
 20002a0  20002a0        0     1                 $t
 20002a1  20002a1      32a     1                 SEGGER_RTT_vprintf
 20003ec  20003ec        0     1                 $d
 20003f6  20003f6        0     1                 $t
 20005ca  20005ca       40     2         ./src/SEGGER_RTT/SEGGER_RTT_printf.o:(.text._StoreChar)
 20005ca  20005ca        0     1                 $t
 20005cb  20005cb       40     1                 _StoreChar
 2000610  2000610       f8     8         ./src/SEGGER_RTT/SEGGER_RTT_printf.o:(.text._PrintUnsigned)
 2000610  2000610        0     1                 $t
 2000611  2000611       f8     1                 _PrintUnsigned
 2000708  2000708       1e     2         ./src/SEGGER_RTT/SEGGER_RTT_printf.o:(.text.SEGGER_RTT_printf)
 2000708  2000708        0     1                 $t
 2000709  2000709       1e     1                 SEGGER_RTT_printf
 2000726  2000726       18     2         ./src/GPT/GPT.o:(.text.gpt_init)
 2000726  2000726        0     1                 $t
 2000727  2000727       18     1                 gpt_init
 2000740  2000740       b6     8         ./src/hal_entry.o:(.text.hal_entry)
 2000740  2000740        0     1                 $t
 2000741  2000741       b6     1                 hal_entry
 20007f6  20007f6       1a     2         ./src/hal_warmstart.o:(.text.R_BSP_WarmStart)
 20007f6  20007f6        0     1                 $t
 20007f7  20007f7       1a     1                 R_BSP_WarmStart
 2000810  2000810        a     2         ./ra_gen/main.o:(.text.main)
 2000810  2000810        0     1                 $t
 2000811  2000811        a     1                 main
 200081a  200081a        6     2         ./ra/fsp/src/r_vin/r_vin.o:(.text.vin_status_isr)
 200081a  200081a        0     1                 $t
 200081b  200081b        6     1                 vin_status_isr
 2000820  2000820       c6     2         ./ra/fsp/src/r_vin/r_vin.o:(.text.vin_common_isr)
 2000820  2000820        0     1                 $t
 2000821  2000821       c6     1                 vin_common_isr
 20008e6  20008e6       80     2         ./ra/fsp/src/r_mipi_csi/r_mipi_csi.o:(.text.mipi_csi_rx_isr)
 20008e6  20008e6        0     1                 $t
 20008e7  20008e7       80     1                 mipi_csi_rx_isr
 2000966  2000966       e0     2         ./ra/fsp/src/r_mipi_csi/r_mipi_csi.o:(.text.mipi_csi_dl_isr)
 2000966  2000966        0     1                 $t
 2000967  2000967       e0     1                 mipi_csi_dl_isr
 2000a46  2000a46       80     2         ./ra/fsp/src/r_mipi_csi/r_mipi_csi.o:(.text.mipi_csi_vc_isr)
 2000a46  2000a46        0     1                 $t
 2000a47  2000a47       80     1                 mipi_csi_vc_isr
 2000ac6  2000ac6       16     2         ./ra/fsp/src/r_ioport/r_ioport.o:(.text.R_IOPORT_Open)
 2000ac6  2000ac6        0     1                 $t
 2000ac7  2000ac7       16     1                 R_IOPORT_Open
 2000adc  2000adc        a     2         ./ra/fsp/src/r_ioport/r_ioport.o:(.text.R_IOPORT_Close)
 2000adc  2000adc        0     1                 $t
 2000add  2000add        a     1                 R_IOPORT_Close
 2000ae6  2000ae6        c     2         ./ra/fsp/src/r_ioport/r_ioport.o:(.text.R_IOPORT_PinsCfg)
 2000ae6  2000ae6        0     1                 $t
 2000ae7  2000ae7        c     1                 R_IOPORT_PinsCfg
 2000af2  2000af2       b4     2         ./ra/fsp/src/r_ioport/r_ioport.o:(.text.R_IOPORT_PinCfg)
 2000af2  2000af2        0     1                 $t
 2000af3  2000af3       b4     1                 R_IOPORT_PinCfg
 2000ba6  2000ba6       2a     2         ./ra/fsp/src/r_ioport/r_ioport.o:(.text.R_IOPORT_PinEventInputRead)
 2000ba6  2000ba6        0     1                 $t
 2000ba7  2000ba7       2a     1                 R_IOPORT_PinEventInputRead
 2000bd0  2000bd0       46     2         ./ra/fsp/src/r_ioport/r_ioport.o:(.text.R_IOPORT_PinEventOutputWrite)
 2000bd0  2000bd0        0     1                 $t
 2000bd1  2000bd1       46     1                 R_IOPORT_PinEventOutputWrite
 2000c16  2000c16       22     2         ./ra/fsp/src/r_ioport/r_ioport.o:(.text.R_IOPORT_PinRead)
 2000c16  2000c16        0     1                 $t
 2000c17  2000c17       22     1                 R_IOPORT_PinRead
 2000c38  2000c38       32     2         ./ra/fsp/src/r_ioport/r_ioport.o:(.text.R_IOPORT_PinWrite)
 2000c38  2000c38        0     1                 $t
 2000c39  2000c39       32     1                 R_IOPORT_PinWrite
 2000c6a  2000c6a       30     2         ./ra/fsp/src/r_ioport/r_ioport.o:(.text.R_IOPORT_PortDirectionSet)
 2000c6a  2000c6a        0     1                 $t
 2000c6b  2000c6b       30     1                 R_IOPORT_PortDirectionSet
 2000c9a  2000c9a       1a     2         ./ra/fsp/src/r_ioport/r_ioport.o:(.text.R_IOPORT_PortEventInputRead)
 2000c9a  2000c9a        0     1                 $t
 2000c9b  2000c9b       1a     1                 R_IOPORT_PortEventInputRead
 2000cb4  2000cb4       22     2         ./ra/fsp/src/r_ioport/r_ioport.o:(.text.R_IOPORT_PortEventOutputWrite)
 2000cb4  2000cb4        0     1                 $t
 2000cb5  2000cb5       22     1                 R_IOPORT_PortEventOutputWrite
 2000cd6  2000cd6       18     2         ./ra/fsp/src/r_ioport/r_ioport.o:(.text.R_IOPORT_PortRead)
 2000cd6  2000cd6        0     1                 $t
 2000cd7  2000cd7       18     1                 R_IOPORT_PortRead
 2000cee  2000cee       22     2         ./ra/fsp/src/r_ioport/r_ioport.o:(.text.R_IOPORT_PortWrite)
 2000cee  2000cee        0     1                 $t
 2000cef  2000cef       22     1                 R_IOPORT_PortWrite
 2000d10  2000d10       c4     8         ./ra/fsp/src/r_ioport/r_ioport.o:(.text.r_ioport_pins_config)
 2000d10  2000d10        0     1                 $t
 2000d11  2000d11       c4     1                 r_ioport_pins_config
 2000dd8  2000dd8       e0     8         ./ra/fsp/src/r_ioport/r_ioport.o:(.text.bsp_vbatt_init)
 2000dd8  2000dd8        0     1                 $t
 2000dd9  2000dd9       e0     1                 bsp_vbatt_init
 2000eb8  2000eb8      1ee     8         ./ra/fsp/src/r_iic_master/r_iic_master.o:(.text.iic_master_open_hw_master)
 2000eb8  2000eb8        0     1                 $t
 2000eb9  2000eb9      1ee     1                 iic_master_open_hw_master
 20010a6  20010a6      1d4     2         ./ra/fsp/src/r_iic_master/r_iic_master.o:(.text.iic_master_rxi_isr)
 20010a6  20010a6        0     1                 $t
 20010a7  20010a7      1d4     1                 iic_master_rxi_isr
 2001280  2001280      166     8         ./ra/fsp/src/r_iic_master/r_iic_master.o:(.text.iic_master_txi_isr)
 2001280  2001280        0     1                 $t
 2001281  2001281      166     1                 iic_master_txi_isr
 20013e8  20013e8       e8     8         ./ra/fsp/src/r_iic_master/r_iic_master.o:(.text.iic_master_tei_isr)
 20013e8  20013e8        0     1                 $t
 20013e9  20013e9       e8     1                 iic_master_tei_isr
 20014d0  20014d0      138     2         ./ra/fsp/src/r_iic_master/r_iic_master.o:(.text.iic_master_eri_isr)
 20014d0  20014d0        0     1                 $t
 20014d1  20014d1      138     1                 iic_master_eri_isr
 2001608  2001608       62     2         ./ra/fsp/src/r_iic_master/r_iic_master.o:(.text.iic_master_notify)
 2001608  2001608        0     1                 $t
 2001609  2001609       62     1                 iic_master_notify
 2001670  2001670      4c8     8         ./ra/fsp/src/r_gpt/r_gpt.o:(.text.R_GPT_Open)
 2001670  2001670        0     1                 $t
 2001671  2001671      4c8     1                 R_GPT_Open
 2001b38  2001b38        a     2         ./ra/fsp/src/r_gpt/r_gpt.o:(.text.R_GPT_Start)
 2001b38  2001b38        0     1                 $t
 2001b39  2001b39        a     1                 R_GPT_Start
 2001b42  2001b42        a     2         ./ra/fsp/src/r_gpt/r_gpt.o:(.text.R_GPT_Stop)
 2001b42  2001b42        0     1                 $t
 2001b43  2001b43        a     1                 R_GPT_Stop
 2001b4c  2001b4c        a     2         ./ra/fsp/src/r_gpt/r_gpt.o:(.text.R_GPT_Reset)
 2001b4c  2001b4c        0     1                 $t
 2001b4d  2001b4d        a     1                 R_GPT_Reset
 2001b56  2001b56       36     2         ./ra/fsp/src/r_gpt/r_gpt.o:(.text.R_GPT_Enable)
 2001b56  2001b56        0     1                 $t
 2001b57  2001b57       36     1                 R_GPT_Enable
 2001b8c  2001b8c       1e     2         ./ra/fsp/src/r_gpt/r_gpt.o:(.text.R_GPT_Disable)
 2001b8c  2001b8c        0     1                 $t
 2001b8d  2001b8d       1e     1                 R_GPT_Disable
 2001baa  2001baa       3c     2         ./ra/fsp/src/r_gpt/r_gpt.o:(.text.R_GPT_PeriodSet)
 2001baa  2001baa        0     1                 $t
 2001bab  2001bab       3c     1                 R_GPT_PeriodSet
 2001be6  2001be6       a8     2         ./ra/fsp/src/r_gpt/r_gpt.o:(.text.R_GPT_DutyCycleSet)
 2001be6  2001be6        0     1                 $t
 2001be7  2001be7       a8     1                 R_GPT_DutyCycleSet
 2001c8e  2001c8e       1e     2         ./ra/fsp/src/r_gpt/r_gpt.o:(.text.R_GPT_CompareMatchSet)
 2001c8e  2001c8e        0     1                 $t
 2001c8f  2001c8f       1e     1                 R_GPT_CompareMatchSet
 2001cac  2001cac       8a     2         ./ra/fsp/src/r_gpt/r_gpt.o:(.text.R_GPT_InfoGet)
 2001cac  2001cac        0     1                 $t
 2001cad  2001cad       8a     1                 R_GPT_InfoGet
 2001d36  2001d36       14     2         ./ra/fsp/src/r_gpt/r_gpt.o:(.text.R_GPT_StatusGet)
 2001d36  2001d36        0     1                 $t
 2001d37  2001d37       14     1                 R_GPT_StatusGet
 2001d4a  2001d4a        c     2         ./ra/fsp/src/r_gpt/r_gpt.o:(.text.R_GPT_CallbackSet)
 2001d4a  2001d4a        0     1                 $t
 2001d4b  2001d4b        c     1                 R_GPT_CallbackSet
 2001d56  2001d56      132     2         ./ra/fsp/src/r_gpt/r_gpt.o:(.text.R_GPT_Close)
 2001d56  2001d56        0     1                 $t
 2001d57  2001d57      132     1                 R_GPT_Close
 2001e88  2001e88       64     2         ./ra/fsp/src/r_gpt/r_gpt.o:(.text.gpt_calculate_duty_cycle)
 2001e88  2001e88        0     1                 $t
 2001e89  2001e89       64     1                 gpt_calculate_duty_cycle
 2001eec  2001eec       82     2         ./ra/fsp/src/r_glcdc/r_glcdc.o:(.text.glcdc_line_detect_isr)
 2001eec  2001eec        0     1                 $t
 2001eed  2001eed       82     1                 glcdc_line_detect_isr
 2001f6e  2001f6e       54     2         ./ra/fsp/src/r_glcdc/r_glcdc.o:(.text.glcdc_underflow_1_isr)
 2001f6e  2001f6e        0     1                 $t
 2001f6f  2001f6f       54     1                 glcdc_underflow_1_isr
 2001fc2  2001fc2       54     2         ./ra/fsp/src/r_glcdc/r_glcdc.o:(.text.glcdc_underflow_2_isr)
 2001fc2  2001fc2        0     1                 $t
 2001fc3  2001fc3       54     1                 glcdc_underflow_2_isr
 2002018  2002018       aa     4         ./ra/fsp/src/bsp/mcu/all/bsp_clocks.o:(.text.SystemCoreClockUpdate)
 2002018  2002018        0     1                 $t
 2002019  2002019       aa     1                 SystemCoreClockUpdate
 2002034  2002034        0     1                 $d
 2002038  2002038        0     1                 $t
 20020c8  20020c8      2c8     8         ./ra/fsp/src/bsp/mcu/all/bsp_clocks.o:(.text.bsp_clock_init)
 20020c8  20020c8        0     1                 $t
 20020c9  20020c9      2c8     1                 bsp_clock_init
 2002370  2002370        0     1                 $d
 2002390  2002390        2     2         ./ra/fsp/src/bsp/mcu/all/bsp_clocks.o:(.text.R_BSP_SubClockStabilizeWaitAfterReset)
 2002390  2002390        0     1                 $t
 2002391  2002391        2     1                 R_BSP_SubClockStabilizeWaitAfterReset
 2002398  2002398       8a     8         ./ra/fsp/src/bsp/mcu/all/bsp_clocks.o:(.text.R_BSP_Init_RTC)
 2002398  2002398        0     1                 $t
 2002399  2002399       8a     1                 R_BSP_Init_RTC
 2002422  2002422        2     2         ./ra/fsp/src/bsp/mcu/all/bsp_common.o:(.text.bsp_init_internal)
 2002422  2002422        0     1                 $t
 2002423  2002423        2     1                 bsp_init_internal
 2002423  2002423        2     1                 bsp_init
 2002424  2002424       7a     2         ./ra/fsp/src/bsp/mcu/all/bsp_delay.o:(.text.R_BSP_SoftwareDelay)
 2002424  2002424        0     1                 $t
 2002425  2002425       7a     1                 R_BSP_SoftwareDelay
 20024a0  20024a0        8     8         ./ra/fsp/src/bsp/mcu/all/bsp_delay.o:(.text.bsp_prv_software_delay_loop)
 20024a0  20024a0        0     1                 sw_delay_loop
 20024a0  20024a0        0     1                 $t
 20024a1  20024a1        8     1                 bsp_prv_software_delay_loop
 20024a8  20024a8       4a     8         ./ra/fsp/src/bsp/mcu/all/bsp_group_irq.o:(.text.NMI_Handler)
 20024a8  20024a8        0     1                 $t
 20024a9  20024a9       4a     1                 NMI_Handler
 20024f8  20024f8       28     8         ./ra/fsp/src/bsp/mcu/all/bsp_irq.o:(.text.bsp_irq_cfg)
 20024f8  20024f8        0     1                 $t
 20024f9  20024f9       28     1                 bsp_irq_cfg
 2002520  2002520       4e     2         ./ra/fsp/src/bsp/mcu/all/bsp_register_protection.o:(.text.R_BSP_RegisterProtectEnable)
 2002520  2002520        0     1                 $t
 2002521  2002521       4e     1                 R_BSP_RegisterProtectEnable
 200256e  200256e       4c     2         ./ra/fsp/src/bsp/mcu/all/bsp_register_protection.o:(.text.R_BSP_RegisterProtectDisable)
 200256e  200256e        0     1                 $t
 200256f  200256f       4c     1                 R_BSP_RegisterProtectDisable
 20025c0  20025c0        a     8         ./ra/fsp/src/bsp/cmsis/Device/RENESAS/Source/startup.o:(.text.Reset_Handler)
 20025c0  20025c0        0     1                 $t
 20025c1  20025c1        a     1                 Reset_Handler
 20025ca  20025ca        4     2         ./ra/fsp/src/bsp/cmsis/Device/RENESAS/Source/startup.o:(.text.Default_Handler)
 20025ca  20025ca        0     1                 $t
 20025cb  20025cb        4     1                 Default_Handler
 20025cb  20025cb        4     1                 HardFault_Handler
 20025cb  20025cb        4     1                 MemManage_Handler
 20025cb  20025cb        4     1                 BusFault_Handler
 20025cb  20025cb        4     1                 UsageFault_Handler
 20025cb  20025cb        4     1                 SecureFault_Handler
 20025cb  20025cb        4     1                 SVC_Handler
 20025cb  20025cb        4     1                 DebugMon_Handler
 20025cb  20025cb        4     1                 PendSV_Handler
 20025cb  20025cb        4     1                 SysTick_Handler
 20025d0  20025d0      23e     8         ./ra/fsp/src/bsp/cmsis/Device/RENESAS/Source/system.o:(.text.SystemInit)
 20025d0  20025d0        0     1                 $t
 20025d1  20025d1      23e     1                 SystemInit
 20026c0  20026c0        0     1                 memset_64_loop_start_0
 20026c8  20026c8        0     1                 memset_64_loop_end_0
 20026d0  20026d0        0     1                 memset_64_loop_start_1
 20026d8  20026d8        0     1                 memset_64_loop_end_1
 2002810  2002810       5e     8         ./ra/fsp/src/bsp/cmsis/Device/RENESAS/Source/system.o:(.text.SystemRuntimeInit)
 2002810  2002810        0     1                 $t
 2002811  2002811       5e     1                 SystemRuntimeInit
 200286e  200286e        8     2         E:\Renesas\RAv6.4.0\RA\toolchains\llvm_arm\ATfE-21.1.1-Windows-x86_64\bin\..\lib\clang-runtimes/arm-none-eabi/armv8.1m.main_hard_fpdp_nomve_exn_rtti_unaligned_size\lib\libc.a(bzero.c.o):(.text.bzero)
 200286e  200286e        0     1                 $t
 200286f  200286f        8     1                 bzero
 200286f  200286f        8     1                 __aeabi_memclr4
 200286f  200286f        8     1                 __aeabi_memclr8
 200286f  200286f        8     1                 __aeabi_memclr
 2002876  2002876       12     2         E:\Renesas\RAv6.4.0\RA\toolchains\llvm_arm\ATfE-21.1.1-Windows-x86_64\bin\..\lib\clang-runtimes/arm-none-eabi/armv8.1m.main_hard_fpdp_nomve_exn_rtti_unaligned_size\lib\libc.a(memcpy.c.o):(.text.memcpy)
 2002876  2002876        0     1                 $t
 2002877  2002877       12     1                 memcpy
 2002877  2002877       12     1                 __aeabi_memcpy4
 2002877  2002877       12     1                 __aeabi_memcpy8
 2002877  2002877       12     1                 __aeabi_memcpy
 2002888  2002888        e     2         E:\Renesas\RAv6.4.0\RA\toolchains\llvm_arm\ATfE-21.1.1-Windows-x86_64\bin\..\lib\clang-runtimes/arm-none-eabi/armv8.1m.main_hard_fpdp_nomve_exn_rtti_unaligned_size\lib\libc.a(memset.c.o):(.text.memset)
 2002888  2002888        0     1                 $t
 2002889  2002889        e     1                 memset
 2002898  2002898       28     4         E:\Renesas\RAv6.4.0\RA\toolchains\llvm_arm\ATfE-21.1.1-Windows-x86_64\bin\..\lib\clang-runtimes/arm-none-eabi/armv8.1m.main_hard_fpdp_nomve_exn_rtti_unaligned_size\lib\libc.a(libc_picolib_inittls.c.o):(.text._init_tls)
 2002898  2002898        0     1                 $t
 2002899  2002899       28     1                 _init_tls
 20028b0  20028b0        0     1                 $d
 20028c0  20028c0       14     4         E:\Renesas\RAv6.4.0\RA\toolchains\llvm_arm\ATfE-21.1.1-Windows-x86_64\bin\..\lib\clang-runtimes/arm-none-eabi/armv8.1m.main_hard_fpdp_nomve_exn_rtti_unaligned_size\lib\libc.a(libc_picolib_machine_arm_set_tls.c.o):(.text._set_tls)
 20028c0  20028c0        0     1                 $t
 20028c1  20028c1       14     1                 _set_tls
 20028cc  20028cc        0     1                 $d
 20028d4  20028d4       11     1         ./src/SEGGER_RTT/SEGGER_RTT.o:(.rodata._DoInit._aInitStr)
 20028d4  20028d4       11     1                 _DoInit._aInitStr
 20028e5  20028e5       1f     1         <internal>:(.rodata.str1.1)
 2002904  2002904       10     1         <internal>:(.rodata.cst16)
 2002914  2002914        c     4         ./ra_gen/common_data.o:(.rodata.g_ioport)
 2002914  2002914        c     1                 g_ioport
 2002920  2002920       58     4         ./ra_gen/hal_data.o:(.rodata.g_led_b_extend)
 2002920  2002920       58     1                 g_led_b_extend
 2002978  2002978       20     4         ./ra_gen/hal_data.o:(.rodata.g_led_b_cfg)
 2002978  2002978       20     1                 g_led_b_cfg
 2002998  2002998        c     4         ./ra_gen/hal_data.o:(.rodata.g_led_b)
 2002998  2002998        c     1                 g_led_b
 20029a4  20029a4       58     4         ./ra_gen/hal_data.o:(.rodata.g_led_a_extend)
 20029a4  20029a4       58     1                 g_led_a_extend
 20029fc  20029fc       20     4         ./ra_gen/hal_data.o:(.rodata.g_led_a_cfg)
 20029fc  20029fc       20     1                 g_led_a_cfg
 2002a1c  2002a1c        c     4         ./ra_gen/hal_data.o:(.rodata.g_led_a)
 2002a1c  2002a1c        c     1                 g_led_a
 2002a28  2002a28       58     4         ./ra_gen/hal_data.o:(.rodata.g_right_wheel_extend)
 2002a28  2002a28       58     1                 g_right_wheel_extend
 2002a80  2002a80       20     4         ./ra_gen/hal_data.o:(.rodata.g_right_wheel_cfg)
 2002a80  2002a80       20     1                 g_right_wheel_cfg
 2002aa0  2002aa0        c     4         ./ra_gen/hal_data.o:(.rodata.g_right_wheel)
 2002aa0  2002aa0        c     1                 g_right_wheel
 2002aac  2002aac       58     4         ./ra_gen/hal_data.o:(.rodata.g_fan_extend)
 2002aac  2002aac       58     1                 g_fan_extend
 2002b04  2002b04       20     4         ./ra_gen/hal_data.o:(.rodata.g_fan_cfg)
 2002b04  2002b04       20     1                 g_fan_cfg
 2002b24  2002b24        c     4         ./ra_gen/hal_data.o:(.rodata.g_fan)
 2002b24  2002b24        c     1                 g_fan
 2002b30  2002b30       58     4         ./ra_gen/hal_data.o:(.rodata.g_left_wheel_extend)
 2002b30  2002b30       58     1                 g_left_wheel_extend
 2002b88  2002b88       20     4         ./ra_gen/hal_data.o:(.rodata.g_left_wheel_cfg)
 2002b88  2002b88       20     1                 g_left_wheel_cfg
 2002ba8  2002ba8        c     4         ./ra_gen/hal_data.o:(.rodata.g_left_wheel)
 2002ba8  2002ba8        c     1                 g_left_wheel
 2002bb4  2002bb4      478     4         ./ra_gen/pin_data.o:(.rodata.g_bsp_pin_cfg_data)
 2002bb4  2002bb4      478     1                 g_bsp_pin_cfg_data
 200302c  200302c        c     4         ./ra_gen/pin_data.o:(.rodata.g_bsp_pin_cfg)
 200302c  200302c        c     1                 g_bsp_pin_cfg
 2003038  2003038       16     2         ./ra_gen/vector_data.o:(.rodata.g_interrupt_event_link_select)
 2003038  2003038       16     1                 g_interrupt_event_link_select
 2003050  2003050       34     4         ./ra/fsp/src/r_ioport/r_ioport.o:(.rodata.g_ioport_on_ioport)
 2003050  2003050       34     1                 g_ioport_on_ioport
 2003084  2003084        6     2         ./ra/fsp/src/r_ioport/r_ioport.o:(.rodata.g_vbatt_pins_input)
 2003084  2003084        6     1                 g_vbatt_pins_input
 200308c  200308c       34     4         ./ra/fsp/src/r_gpt/r_gpt.o:(.rodata.g_timer_on_gpt)
 200308c  200308c       34     1                 g_timer_on_gpt
 20030c0  20030c0       20     4         ./ra/fsp/src/bsp/mcu/ra8p1/bsp_linker.o:(.rodata.nocache_list)
 20030c0  20030c0       20     1                 nocache_list
 20030e0  20030e0       18     4         ./ra/fsp/src/bsp/mcu/ra8p1/bsp_linker.o:(.rodata.g_init_info)
 20030e0  20030e0       18     1                 g_init_info
 20030f8  20030f8       84     4         ./ra/fsp/src/bsp/mcu/ra8p1/bsp_linker.o:(.rodata.zero_list)
 20030f8  20030f8       84     1                 zero_list
 200317c  200317c      190     4         ./ra/fsp/src/bsp/mcu/ra8p1/bsp_linker.o:(.rodata.copy_list)
 200317c  200317c      190     1                 copy_list
 200330c  200330c        a     2         ./ra/fsp/src/bsp/mcu/all/bsp_register_protection.o:(.rodata.g_prcr_masks)
 200330c  200330c        a     1                 g_prcr_masks
 2003318  2003318       4e     4         ./ra/fsp/src/bsp/mcu/all/bsp_common.o:(.version)
 2003318  2003318        4     1                 g_fsp_version
 200331c  200331c        6     1                 g_fsp_version_string
 2003322  2003322       44     1                 g_fsp_version_build_string
 2003366  2003366        0     1         __flash_readonly$$Limit = .
 2003366  2003366        0     1 __flash_preinit_array$$
 2003366  2003366        0     1         __preinit_array_start = .
 2003366  2003366        0     1         __preinit_array_end = .
 2003366  2003366        0     1 __flash_init_array$$
 2003366  2003366        0     1         __init_array_start = .
 2003366  2003366        0     1         __init_array_end = .
 2003366  2003366        0     1 __flash_fini_array$$
 2003366  2003366        0     1         __fini_array_start = .
 2003366  2003366        0     1         __fini_array_end = .
 2003366  2003366        0     1 __flash_arm.exidx$$
 2003366  2003366        0     1         __exidx_start = .
 2003366  2003366        0     1         __exidx_end = .
 2003400  2003400        0     1 .flash.endof
 2003400  2003400        0     1         __ddsc_FLASH_END = .
 2003400  2003400        0     1 .flash.flat_nsc
 2003400  2003400        0     1         __ddsc_FLASH_NSC = .
 2c9f040  2c9f040        0     1 .option_setting_ofs0.startof
 2c9f040  2c9f040        0     1         __ddsc_OPTION_SETTING_OFS0_START = .
 2c9f040  2c9f040        4     4 __option_setting_ofs0_reg$$
 2c9f040  2c9f040        0     1         __option_setting_ofs0_reg$$Base = .
 2c9f040  2c9f040        4     4         ./ra/fsp/src/bsp/mcu/ra8p1/bsp_linker.o:(.option_setting_ofs0)
 2c9f040  2c9f040        4     1                 g_bsp_cfg_option_setting_ofs0
 2c9f044  2c9f044        0     1         __option_setting_ofs0_reg$$Limit = .
 2c9f044  2c9f044        0     1 .option_setting_ofs0.endof
 2c9f044  2c9f044        0     1         __ddsc_OPTION_SETTING_OFS0_END = .
 2c9f044  2c9f044        0     1 .option_setting_ofs2.startof
 2c9f044  2c9f044        0     1         __ddsc_OPTION_SETTING_OFS2_START = .
 2c9f044  2c9f044        4     4 __option_setting_ofs2_reg$$
 2c9f044  2c9f044        0     1         __option_setting_ofs2_reg$$Base = .
 2c9f044  2c9f044        4     4         ./ra/fsp/src/bsp/mcu/ra8p1/bsp_linker.o:(.option_setting_ofs2)
 2c9f044  2c9f044        4     1                 g_bsp_cfg_option_setting_ofs2
 2c9f048  2c9f048        0     1         __option_setting_ofs2_reg$$Limit = .
 2c9f048  2c9f048        0     1 .option_setting_ofs2.endof
 2c9f048  2c9f048        0     1         __ddsc_OPTION_SETTING_OFS2_END = .
 2c9f074  2c9f074        0     1 .option_setting_sas.startof
 2c9f074  2c9f074        0     1         __ddsc_OPTION_SETTING_SAS_START = .
 2c9f074  2c9f074        0     1 __option_setting_sas_reg$$
 2c9f074  2c9f074        0     1         __option_setting_sas_reg$$Base = .
 2c9f074  2c9f074        0     1         __option_setting_sas_reg$$Limit = .
 2c9f074  2c9f074        0     1 .option_setting_sas.endof
 2c9f074  2c9f074        0     1         __ddsc_OPTION_SETTING_SAS_END = .
12c9f4c0 12c9f4c0        0     1 .option_setting_ofs1.startof
12c9f4c0 12c9f4c0        0     1         __ddsc_OPTION_SETTING_OFS1_START = .
12c9f4c0 12c9f4c0        0     1 __option_setting_ofs1_reg$$
12c9f4c0 12c9f4c0        0     1         __option_setting_ofs1_reg$$Base = .
12c9f4c0 12c9f4c0        0     1         __option_setting_ofs1_reg$$Limit = .
12c9f4c0 12c9f4c0        0     1 .option_setting_ofs1.endof
12c9f4c0 12c9f4c0        0     1         __ddsc_OPTION_SETTING_OFS1_END = .
 2c9f0c0  2c9f0c0        0     1 .option_setting_ofs1_sec.startof
 2c9f0c0  2c9f0c0        0     1         __ddsc_OPTION_SETTING_OFS1_SEC_START = .
 2c9f0c0  2c9f0c0        4     4 __option_setting_ofs1_sec_reg$$
 2c9f0c0  2c9f0c0        0     1         __option_setting_ofs1_sec_reg$$Base = .
 2c9f0c0  2c9f0c0        4     4         ./ra/fsp/src/bsp/mcu/ra8p1/bsp_linker.o:(.option_setting_ofs1_sec)
 2c9f0c0  2c9f0c0        4     1                 g_bsp_cfg_option_setting_ofs1_sec
 2c9f0c4  2c9f0c4        0     1         __option_setting_ofs1_sec_reg$$Limit = .
 2c9f0c4  2c9f0c4        0     1 .option_setting_ofs1_sec.endof
 2c9f0c4  2c9f0c4        0     1         __ddsc_OPTION_SETTING_OFS1_SEC_END = .
 2c9f120  2c9f120        0     1 .option_setting_ofs1_sel.startof
 2c9f120  2c9f120        0     1         __ddsc_OPTION_SETTING_OFS1_SEL_START = .
 2c9f120  2c9f120        4     4 __option_setting_ofs1_sel_reg$$
 2c9f120  2c9f120        0     1         __option_setting_ofs1_sel_reg$$Base = .
 2c9f120  2c9f120        4     4         ./ra/fsp/src/bsp/mcu/ra8p1/bsp_linker.o:(.option_setting_ofs1_sel)
 2c9f120  2c9f120        4     1                 g_bsp_cfg_option_setting_ofs1_sel
 2c9f124  2c9f124        0     1         __option_setting_ofs1_sel_reg$$Limit = .
 2c9f124  2c9f124        0     1 .option_setting_ofs1_sel.endof
 2c9f124  2c9f124        0     1         __ddsc_OPTION_SETTING_OFS1_SEL_END = .
12c9f4c4 12c9f4c4        0     1 .option_setting_ofs3.startof
12c9f4c4 12c9f4c4        0     1         __ddsc_OPTION_SETTING_OFS3_START = .
12c9f4c4 12c9f4c4        0     1 __option_setting_ofs3_reg$$
12c9f4c4 12c9f4c4        0     1         __option_setting_ofs3_reg$$Base = .
12c9f4c4 12c9f4c4        0     1         __option_setting_ofs3_reg$$Limit = .
12c9f4c4 12c9f4c4        0     1 .option_setting_ofs3.endof
12c9f4c4 12c9f4c4        0     1         __ddsc_OPTION_SETTING_OFS3_END = .
 2c9f0c4  2c9f0c4        0     1 .option_setting_ofs3_sec.startof
 2c9f0c4  2c9f0c4        0     1         __ddsc_OPTION_SETTING_OFS3_SEC_START = .
 2c9f0c4  2c9f0c4        4     4 __option_setting_ofs3_sec_reg$$
 2c9f0c4  2c9f0c4        0     1         __option_setting_ofs3_sec_reg$$Base = .
 2c9f0c4  2c9f0c4        4     4         ./ra/fsp/src/bsp/mcu/ra8p1/bsp_linker.o:(.option_setting_ofs3_sec)
 2c9f0c4  2c9f0c4        4     1                 g_bsp_cfg_option_setting_ofs3_sec
 2c9f0c8  2c9f0c8        0     1         __option_setting_ofs3_sec_reg$$Limit = .
 2c9f0c8  2c9f0c8        0     1 .option_setting_ofs3_sec.endof
 2c9f0c8  2c9f0c8        0     1         __ddsc_OPTION_SETTING_OFS3_SEC_END = .
 2c9f124  2c9f124        0     1 .option_setting_ofs3_sel.startof
 2c9f124  2c9f124        0     1         __ddsc_OPTION_SETTING_OFS3_SEL_START = .
 2c9f124  2c9f124        4     4 __option_setting_ofs3_sel_reg$$
 2c9f124  2c9f124        0     1         __option_setting_ofs3_sel_reg$$Base = .
 2c9f124  2c9f124        4     4         ./ra/fsp/src/bsp/mcu/ra8p1/bsp_linker.o:(.option_setting_ofs3_sel)
 2c9f124  2c9f124        4     1                 g_bsp_cfg_option_setting_ofs3_sel
 2c9f128  2c9f128        0     1         __option_setting_ofs3_sel_reg$$Limit = .
 2c9f128  2c9f128        0     1 .option_setting_ofs3_sel.endof
 2c9f128  2c9f128        0     1         __ddsc_OPTION_SETTING_OFS3_SEL_END = .
12c9f600 12c9f600        0     1 .option_setting_bps.startof
12c9f600 12c9f600        0     1         __ddsc_OPTION_SETTING_BPS_START = .
12c9f600 12c9f600        0     1 __option_setting_bps_reg$$
12c9f600 12c9f600        0     1         __option_setting_bps_reg$$Base = .
12c9f600 12c9f600        0     1         __option_setting_bps_reg$$Limit = .
12c9f600 12c9f600        0     1 .option_setting_bps.endof
12c9f600 12c9f600        0     1         __ddsc_OPTION_SETTING_BPS_END = .
 2c9f200  2c9f200        0     1 .option_setting_bps_sec.startof
 2c9f200  2c9f200        0     1         __ddsc_OPTION_SETTING_BPS_SEC_START = .
 2c9f200  2c9f200        0     1 __option_setting_bps_sec_reg$$
 2c9f200  2c9f200        0     1         __option_setting_bps_sec_reg$$Base = .
 2c9f200  2c9f200        0     1         __option_setting_bps_sec_reg$$Limit = .
 2c9f200  2c9f200        0     1 .option_setting_bps_sec.endof
 2c9f200  2c9f200        0     1         __ddsc_OPTION_SETTING_BPS_SEC_END = .
 2e07600  2e07600        0     1 .option_setting_otp_fsblctrl0.startof
 2e07600  2e07600        0     1         __ddsc_OPTION_SETTING_OTP_FSBLCTRL0_START = .
 2e07600  2e07600        0     1 __option_setting_otp_fsblctrl0_reg$$
 2e07600  2e07600        0     1         __option_setting_otp_fsblctrl0_reg$$Base = .
 2e07600  2e07600        0     1         __option_setting_otp_fsblctrl0_reg$$Limit = .
 2e07600  2e07600        0     1 .option_setting_otp_fsblctrl0.endof
 2e07600  2e07600        0     1         __ddsc_OPTION_SETTING_OTP_FSBLCTRL0_END = .
 2e07604  2e07604        0     1 .option_setting_otp_fsblctrl1.startof
 2e07604  2e07604        0     1         __ddsc_OPTION_SETTING_OTP_FSBLCTRL1_START = .
 2e07604  2e07604        0     1 __option_setting_otp_fsblctrl1_reg$$
 2e07604  2e07604        0     1         __option_setting_otp_fsblctrl1_reg$$Base = .
 2e07604  2e07604        0     1         __option_setting_otp_fsblctrl1_reg$$Limit = .
 2e07604  2e07604        0     1 .option_setting_otp_fsblctrl1.endof
 2e07604  2e07604        0     1         __ddsc_OPTION_SETTING_OTP_FSBLCTRL1_END = .
 2e07608  2e07608        0     1 .option_setting_otp_fsblctrl2.startof
 2e07608  2e07608        0     1         __ddsc_OPTION_SETTING_OTP_FSBLCTRL2_START = .
 2e07608  2e07608        0     1 __option_setting_otp_fsblctrl2_reg$$
 2e07608  2e07608        0     1         __option_setting_otp_fsblctrl2_reg$$Base = .
 2e07608  2e07608        0     1         __option_setting_otp_fsblctrl2_reg$$Limit = .
 2e07608  2e07608        0     1 .option_setting_otp_fsblctrl2.endof
 2e07608  2e07608        0     1         __ddsc_OPTION_SETTING_OTP_FSBLCTRL2_END = .
 2e07614  2e07614        0     1 .option_setting_otp_samr.startof
 2e07614  2e07614        0     1         __ddsc_OPTION_SETTING_OTP_SAMR_START = .
 2e07614  2e07614        0     1 __option_setting_otp_samr_reg$$
 2e07614  2e07614        0     1         __option_setting_otp_samr_reg$$Base = .
 2e07614  2e07614        0     1         __option_setting_otp_samr_reg$$Limit = .
 2e07614  2e07614        0     1 .option_setting_otp_samr.endof
 2e07614  2e07614        0     1         __ddsc_OPTION_SETTING_OTP_SAMR_END = .
 2e07620  2e07620        0     1 .option_setting_otp_sacc00.startof
 2e07620  2e07620        0     1         __ddsc_OPTION_SETTING_OTP_SACC00_START = .
 2e07620  2e07620        0     1 __option_setting_otp_sacc00_reg$$
 2e07620  2e07620        0     1         __option_setting_otp_sacc00_reg$$Base = .
 2e07620  2e07620        0     1         __option_setting_otp_sacc00_reg$$Limit = .
 2e07620  2e07620        0     1 .option_setting_otp_sacc00.endof
 2e07620  2e07620        0     1         __ddsc_OPTION_SETTING_OTP_SACC00_END = .
 2e07630  2e07630        0     1 .option_setting_otp_sacc10.startof
 2e07630  2e07630        0     1         __ddsc_OPTION_SETTING_OTP_SACC10_START = .
 2e07630  2e07630        0     1 __option_setting_otp_sacc10_reg$$
 2e07630  2e07630        0     1         __option_setting_otp_sacc10_reg$$Base = .
 2e07630  2e07630        0     1         __option_setting_otp_sacc10_reg$$Limit = .
 2e07630  2e07630        0     1 .option_setting_otp_sacc10.endof
 2e07630  2e07630        0     1         __ddsc_OPTION_SETTING_OTP_SACC10_END = .
 2e07640  2e07640        0     1 .option_setting_otp_sacc01.startof
 2e07640  2e07640        0     1         __ddsc_OPTION_SETTING_OTP_SACC01_START = .
 2e07640  2e07640        0     1 __option_setting_otp_sacc01_reg$$
 2e07640  2e07640        0     1         __option_setting_otp_sacc01_reg$$Base = .
 2e07640  2e07640        0     1         __option_setting_otp_sacc01_reg$$Limit = .
 2e07640  2e07640        0     1 .option_setting_otp_sacc01.endof
 2e07640  2e07640        0     1         __ddsc_OPTION_SETTING_OTP_SACC01_END = .
 2e07650  2e07650        0     1 .option_setting_otp_sacc11.startof
 2e07650  2e07650        0     1         __ddsc_OPTION_SETTING_OTP_SACC11_START = .
 2e07650  2e07650        0     1 __option_setting_otp_sacc11_reg$$
 2e07650  2e07650        0     1         __option_setting_otp_sacc11_reg$$Base = .
 2e07650  2e07650        0     1         __option_setting_otp_sacc11_reg$$Limit = .
 2e07650  2e07650        0     1 .option_setting_otp_sacc11.endof
 2e07650  2e07650        0     1         __ddsc_OPTION_SETTING_OTP_SACC11_END = .
 2e07660  2e07660        0     1 .option_setting_otp_sacc02.startof
 2e07660  2e07660        0     1         __ddsc_OPTION_SETTING_OTP_SACC02_START = .
 2e07660  2e07660        0     1 __option_setting_otp_sacc02_reg$$
 2e07660  2e07660        0     1         __option_setting_otp_sacc02_reg$$Base = .
 2e07660  2e07660        0     1         __option_setting_otp_sacc02_reg$$Limit = .
 2e07660  2e07660        0     1 .option_setting_otp_sacc02.endof
 2e07660  2e07660        0     1         __ddsc_OPTION_SETTING_OTP_SACC02_END = .
 2e07670  2e07670        0     1 .option_setting_otp_sacc12.startof
 2e07670  2e07670        0     1         __ddsc_OPTION_SETTING_OTP_SACC12_START = .
 2e07670  2e07670        0     1 __option_setting_otp_sacc12_reg$$
 2e07670  2e07670        0     1         __option_setting_otp_sacc12_reg$$Base = .
 2e07670  2e07670        0     1         __option_setting_otp_sacc12_reg$$Limit = .
 2e07670  2e07670        0     1 .option_setting_otp_sacc12.endof
 2e07670  2e07670        0     1         __ddsc_OPTION_SETTING_OTP_SACC12_END = .
 2e07680  2e07680        0     1 .option_setting_otp_sacc03.startof
 2e07680  2e07680        0     1         __ddsc_OPTION_SETTING_OTP_SACC03_START = .
 2e07680  2e07680        0     1 __option_setting_otp_sacc03_reg$$
 2e07680  2e07680        0     1         __option_setting_otp_sacc03_reg$$Base = .
 2e07680  2e07680        0     1         __option_setting_otp_sacc03_reg$$Limit = .
 2e07680  2e07680        0     1 .option_setting_otp_sacc03.endof
 2e07680  2e07680        0     1         __ddsc_OPTION_SETTING_OTP_SACC03_END = .
 2e07690  2e07690        0     1 .option_setting_otp_sacc13.startof
 2e07690  2e07690        0     1         __ddsc_OPTION_SETTING_OTP_SACC13_START = .
 2e07690  2e07690        0     1 __option_setting_otp_sacc13_reg$$
 2e07690  2e07690        0     1         __option_setting_otp_sacc13_reg$$Base = .
 2e07690  2e07690        0     1         __option_setting_otp_sacc13_reg$$Limit = .
 2e07690  2e07690        0     1 .option_setting_otp_sacc13.endof
 2e07690  2e07690        0     1         __ddsc_OPTION_SETTING_OTP_SACC13_END = .
 2e17700  2e17700        0     1 .option_setting_otp_pbps_sec.startof
 2e17700  2e17700        0     1         __ddsc_OPTION_SETTING_OTP_PBPS_SEC_START = .
 2e17700  2e17700        0     1 __option_setting_otp_pbps_sec_reg$$
 2e17700  2e17700        0     1         __option_setting_otp_pbps_sec_reg$$Base = .
 2e17700  2e17700        0     1         __option_setting_otp_pbps_sec_reg$$Limit = .
 2e17700  2e17700        0     1 .option_setting_otp_pbps_sec.endof
 2e17700  2e17700        0     1         __ddsc_OPTION_SETTING_OTP_PBPS_SEC_END = .
12e17780 12e17780        0     1 .option_setting_otp_pbps.startof
12e17780 12e17780        0     1         __ddsc_OPTION_SETTING_OTP_PBPS_START = .
12e17780 12e17780        0     1 __option_setting_otp_pbps_reg$$
12e17780 12e17780        0     1         __option_setting_otp_pbps_reg$$Base = .
12e17780 12e17780        0     1         __option_setting_otp_pbps_reg$$Limit = .
12e17780 12e17780        0     1 .option_setting_otp_pbps.endof
12e17780 12e17780        0     1         __ddsc_OPTION_SETTING_OTP_PBPS_END = .
 2e17920  2e17920        0     1 .option_setting_otp_zhuk.startof
 2e17920  2e17920        0     1         __ddsc_OPTION_SETTING_OTP_ZHUK_START = .
 2e17920  2e17920        0     1 __option_setting_otp_zhuk_reg$$
 2e17920  2e17920        0     1         __option_setting_otp_zhuk_reg$$Base = .
 2e17920  2e17920        0     1         __option_setting_otp_zhuk_reg$$Limit = .
 2e17920  2e17920        0     1 .option_setting_otp_zhuk.endof
 2e17920  2e17920        0     1         __ddsc_OPTION_SETTING_OTP_ZHUK_END = .
 2e17920  2e17920        0     1 PROVIDE( __tls_base = ADDR (__ram_tdata$$))
 2e17920  2e17920        0     1 PROVIDE( __tdata_source = LOADADDR (__ram_tdata$$))
 2e17920  2e17920        0     1 PROVIDE( __tdata_size = SIZEOF (__ram_tdata$$))
 2e17920  2e17920        0     1 PROVIDE( __tbss_offset = ADDR (__ram_tbss$$) - ADDR (__ram_tdata$$))
 2e17920  2e17920        0     1 PROVIDE( __tbss_size = SIZEOF (__ram_tbss$$))
 2e17920  2e17920        0     1 PROVIDE( __arm32_tls_tcb_offset = 8)
       0        0       3c     1 .ARM.attributes
       0        0       3c     1         E:\Renesas\RAv6.4.0\RA\toolchains\llvm_arm\ATfE-21.1.1-Windows-x86_64\bin\..\lib\clang-runtimes/arm-none-eabi/armv8.1m.main_hard_fpdp_nomve_exn_rtti_unaligned_size\lib\crt0.o:(.ARM.attributes)
       0        0     4bf4     1 .debug_loclists
       0        0     1054     1         ./src/SEGGER_RTT/SEGGER_RTT.o:(.debug_loclists)
    1054     1054      51e     1         ./src/SEGGER_RTT/SEGGER_RTT_printf.o:(.debug_loclists)
    1572     1572       d1     1         ./src/GPT/GPT.o:(.debug_loclists)
    1643     1643       5e     1         ./src/GLCDC/glcdc_display.o:(.debug_loclists)
    16a1     16a1      3fe     1         ./src/CAMERA/camera_sensor.o:(.debug_loclists)
    1a9f     1a9f      198     1         ./src/CAMERA/i2c_control.o:(.debug_loclists)
    1c37     1c37      1ef     1         ./src/CAMERA/mipi_csi.o:(.debug_loclists)
    1e26     1e26       1e     1         ./src/hal_warmstart.o:(.debug_loclists)
    1e44     1e44      29f     1         ./ra/fsp/src/r_vin/r_vin.o:(.debug_loclists)
    20e3     20e3       8c     1         ./ra/fsp/src/r_mipi_phy/r_mipi_phy.o:(.debug_loclists)
    216f     216f      3ab     1         ./ra/fsp/src/r_mipi_csi/r_mipi_csi.o:(.debug_loclists)
    251a     251a      4a1     1         ./ra/fsp/src/r_ioport/r_ioport.o:(.debug_loclists)
    29bb     29bb      611     1         ./ra/fsp/src/r_iic_master/r_iic_master.o:(.debug_loclists)
    2fcc     2fcc      c41     1         ./ra/fsp/src/r_gpt/r_gpt.o:(.debug_loclists)
    3c0d     3c0d      7b3     1         ./ra/fsp/src/r_glcdc/r_glcdc.o:(.debug_loclists)
    43c0     43c0      206     1         ./ra/fsp/src/r_dtc/r_dtc.o:(.debug_loclists)
    45c6     45c6      2ae     1         ./ra/fsp/src/bsp/mcu/all/bsp_clocks.o:(.debug_loclists)
    4874     4874       1d     1         ./ra/fsp/src/bsp/mcu/all/bsp_common.o:(.debug_loclists)
    4891     4891      10a     1         ./ra/fsp/src/bsp/mcu/all/bsp_delay.o:(.debug_loclists)
    499b     499b       35     1         ./ra/fsp/src/bsp/mcu/all/bsp_group_irq.o:(.debug_loclists)
    49d0     49d0       5c     1         ./ra/fsp/src/bsp/mcu/all/bsp_ipc.o:(.debug_loclists)
    4a2c     4a2c       50     1         ./ra/fsp/src/bsp/mcu/all/bsp_ospi_b.o:(.debug_loclists)
    4a7c     4a7c       5c     1         ./ra/fsp/src/bsp/mcu/all/bsp_register_protection.o:(.debug_loclists)
    4ad8     4ad8       35     1         ./ra/fsp/src/bsp/mcu/all/bsp_sbrk.o:(.debug_loclists)
    4b0d     4b0d       36     1         ./ra/fsp/src/bsp/mcu/all/bsp_sdram.o:(.debug_loclists)
    4b43     4b43       b1     1         ./ra/fsp/src/bsp/cmsis/Device/RENESAS/Source/system.o:(.debug_loclists)
       0        0     49cc     1 .debug_abbrev
       0        0      26b     1         ./src/SEGGER_RTT/SEGGER_RTT.o:(.debug_abbrev)
     26b      26b      1a4     1         ./src/SEGGER_RTT/SEGGER_RTT_printf.o:(.debug_abbrev)
     40f      40f      183     1         ./src/GPT/GPT.o:(.debug_abbrev)
     592      592      1a2     1         ./src/GLCDC/glcdc_display.o:(.debug_abbrev)
     734      734      2f1     1         ./src/CAMERA/camera_sensor.o:(.debug_abbrev)
     a25      a25      19d     1         ./src/CAMERA/i2c_control.o:(.debug_abbrev)
     bc2      bc2      367     1         ./src/CAMERA/mipi_csi.o:(.debug_abbrev)
     f29      f29       b3     1         ./src/hal_entry.o:(.debug_abbrev)
     fdc      fdc      106     1         ./src/hal_warmstart.o:(.debug_abbrev)
    10e2     10e2      2be     1         ./ra_gen/common_data.o:(.debug_abbrev)
    13a0     13a0      28a     1         ./ra_gen/hal_data.o:(.debug_abbrev)
    162a     162a       3c     1         ./ra_gen/main.o:(.debug_abbrev)
    1666     1666       e6     1         ./ra_gen/pin_data.o:(.debug_abbrev)
    174c     174c       a8     1         ./ra_gen/vector_data.o:(.debug_abbrev)
    17f4     17f4      436     1         ./ra/fsp/src/r_vin/r_vin.o:(.debug_abbrev)
    1c2a     1c2a      281     1         ./ra/fsp/src/r_mipi_phy/r_mipi_phy.o:(.debug_abbrev)
    1eab     1eab      3ff     1         ./ra/fsp/src/r_mipi_csi/r_mipi_csi.o:(.debug_abbrev)
    22aa     22aa      312     1         ./ra/fsp/src/r_ioport/r_ioport.o:(.debug_abbrev)
    25bc     25bc      425     1         ./ra/fsp/src/r_iic_master/r_iic_master.o:(.debug_abbrev)
    29e1     29e1      43e     1         ./ra/fsp/src/r_gpt/r_gpt.o:(.debug_abbrev)
    2e1f     2e1f      3b6     1         ./ra/fsp/src/r_glcdc/r_glcdc.o:(.debug_abbrev)
    31d5     31d5      3e6     1         ./ra/fsp/src/r_dtc/r_dtc.o:(.debug_abbrev)
    35bb     35bb       a2     1         ./ra/fsp/src/bsp/mcu/ra8p1/bsp_linker.o:(.debug_abbrev)
    365d     365d      34b     1         ./ra/fsp/src/bsp/mcu/all/bsp_clocks.o:(.debug_abbrev)
    39a8     39a8      149     1         ./ra/fsp/src/bsp/mcu/all/bsp_common.o:(.debug_abbrev)
    3af1     3af1       ad     1         ./ra/fsp/src/bsp/mcu/all/bsp_delay.o:(.debug_abbrev)
    3b9e     3b9e      208     1         ./ra/fsp/src/bsp/mcu/all/bsp_group_irq.o:(.debug_abbrev)
    3da6     3da6       44     1         ./ra/fsp/src/bsp/mcu/all/bsp_io.o:(.debug_abbrev)
    3dea     3dea      1d3     1         ./ra/fsp/src/bsp/mcu/all/bsp_ipc.o:(.debug_abbrev)
    3fbd     3fbd      17a     1         ./ra/fsp/src/bsp/mcu/all/bsp_irq.o:(.debug_abbrev)
    4137     4137      10a     1         ./ra/fsp/src/bsp/mcu/all/bsp_ospi_b.o:(.debug_abbrev)
    4241     4241      1f6     1         ./ra/fsp/src/bsp/mcu/all/bsp_register_protection.o:(.debug_abbrev)
    4437     4437       85     1         ./ra/fsp/src/bsp/mcu/all/bsp_sbrk.o:(.debug_abbrev)
    44bc     44bc      1c4     1         ./ra/fsp/src/bsp/mcu/all/bsp_sdram.o:(.debug_abbrev)
    4680     4680       a7     1         ./ra/fsp/src/bsp/cmsis/Device/RENESAS/Source/startup.o:(.debug_abbrev)
    4727     4727      2a5     1         ./ra/fsp/src/bsp/cmsis/Device/RENESAS/Source/system.o:(.debug_abbrev)
       0        0    644ed     1 .debug_info
       0        0     1130     1         ./src/SEGGER_RTT/SEGGER_RTT.o:(.debug_info)
    1130     1130      2db     1         ./src/SEGGER_RTT/SEGGER_RTT_printf.o:(.debug_info)
    140b     140b      9b7     1         ./src/GPT/GPT.o:(.debug_info)
    1dc2     1dc2      a96     1         ./src/GLCDC/glcdc_display.o:(.debug_info)
    2858     2858     150e     1         ./src/CAMERA/camera_sensor.o:(.debug_info)
    3d66     3d66      87e     1         ./src/CAMERA/i2c_control.o:(.debug_info)
    45e4     45e4     226f     1         ./src/CAMERA/mipi_csi.o:(.debug_info)
    6853     6853      a75     1         ./src/hal_entry.o:(.debug_info)
    72c8     72c8      9fb     1         ./src/hal_warmstart.o:(.debug_info)
    7cc3     7cc3     30ac     1         ./ra_gen/common_data.o:(.debug_info)
    ad6f     ad6f     4126     1         ./ra_gen/hal_data.o:(.debug_info)
    ee95     ee95       37     1         ./ra_gen/main.o:(.debug_info)
    eecc     eecc      49c     1         ./ra_gen/pin_data.o:(.debug_info)
    f368     f368      90c     1         ./ra_gen/vector_data.o:(.debug_info)
    fc74     fc74     4b4c     1         ./ra/fsp/src/r_vin/r_vin.o:(.debug_info)
   147c0    147c0     5dd1     1         ./ra/fsp/src/r_mipi_phy/r_mipi_phy.o:(.debug_info)
   1a591    1a591     6ef6     1         ./ra/fsp/src/r_mipi_csi/r_mipi_csi.o:(.debug_info)
   21487    21487     8172     1         ./ra/fsp/src/r_ioport/r_ioport.o:(.debug_info)
   295f9    295f9     8d1e     1         ./ra/fsp/src/r_iic_master/r_iic_master.o:(.debug_info)
   32317    32317     b461     1         ./ra/fsp/src/r_gpt/r_gpt.o:(.debug_info)
   3d778    3d778     4953     1         ./ra/fsp/src/r_glcdc/r_glcdc.o:(.debug_info)
   420cb    420cb     261b     1         ./ra/fsp/src/r_dtc/r_dtc.o:(.debug_info)
   446e6    446e6      20b     1         ./ra/fsp/src/bsp/mcu/ra8p1/bsp_linker.o:(.debug_info)
   448f1    448f1     8969     1         ./ra/fsp/src/bsp/mcu/all/bsp_clocks.o:(.debug_info)
   4d25a    4d25a      59c     1         ./ra/fsp/src/bsp/mcu/all/bsp_common.o:(.debug_info)
   4d7f6    4d7f6      104     1         ./ra/fsp/src/bsp/mcu/all/bsp_delay.o:(.debug_info)
   4d8fa    4d8fa     11d9     1         ./ra/fsp/src/bsp/mcu/all/bsp_group_irq.o:(.debug_info)
   4ead3    4ead3       43     1         ./ra/fsp/src/bsp/mcu/all/bsp_io.o:(.debug_info)
   4eb16    4eb16     1623     1         ./ra/fsp/src/bsp/mcu/all/bsp_ipc.o:(.debug_info)
   50139    50139     15b8     1         ./ra/fsp/src/bsp/mcu/all/bsp_irq.o:(.debug_info)
   516f1    516f1      592     1         ./ra/fsp/src/bsp/mcu/all/bsp_ospi_b.o:(.debug_info)
   51c83    51c83     52ad     1         ./ra/fsp/src/bsp/mcu/all/bsp_register_protection.o:(.debug_info)
   56f30    56f30       87     1         ./ra/fsp/src/bsp/mcu/all/bsp_sbrk.o:(.debug_info)
   56fb7    56fb7     6a72     1         ./ra/fsp/src/bsp/mcu/all/bsp_sdram.o:(.debug_info)
   5da29    5da29       a5     1         ./ra/fsp/src/bsp/cmsis/Device/RENESAS/Source/startup.o:(.debug_info)
   5dace    5dace     6a1f     1         ./ra/fsp/src/bsp/cmsis/Device/RENESAS/Source/system.o:(.debug_info)
       0        0      903     1 .debug_rnglists
       0        0      176     1         ./src/SEGGER_RTT/SEGGER_RTT.o:(.debug_rnglists)
     176      176       30     1         ./src/SEGGER_RTT/SEGGER_RTT_printf.o:(.debug_rnglists)
     1a6      1a6       1a     1         ./src/GPT/GPT.o:(.debug_rnglists)
     1c0      1c0       18     1         ./src/GLCDC/glcdc_display.o:(.debug_rnglists)
     1d8      1d8       33     1         ./src/CAMERA/camera_sensor.o:(.debug_rnglists)
     20b      20b       28     1         ./src/CAMERA/i2c_control.o:(.debug_rnglists)
     233      233       23     1         ./src/CAMERA/mipi_csi.o:(.debug_rnglists)
     256      256       7d     1         ./ra/fsp/src/r_vin/r_vin.o:(.debug_rnglists)
     2d3      2d3       18     1         ./ra/fsp/src/r_mipi_phy/r_mipi_phy.o:(.debug_rnglists)
     2eb      2eb       67     1         ./ra/fsp/src/r_mipi_csi/r_mipi_csi.o:(.debug_rnglists)
     352      352       5e     1         ./ra/fsp/src/r_ioport/r_ioport.o:(.debug_rnglists)
     3b0      3b0       9f     1         ./ra/fsp/src/r_iic_master/r_iic_master.o:(.debug_rnglists)
     44f      44f      1bb     1         ./ra/fsp/src/r_gpt/r_gpt.o:(.debug_rnglists)
     60a      60a      101     1         ./ra/fsp/src/r_glcdc/r_glcdc.o:(.debug_rnglists)
     70b      70b       6f     1         ./ra/fsp/src/r_dtc/r_dtc.o:(.debug_rnglists)
     77a      77a       a7     1         ./ra/fsp/src/bsp/mcu/all/bsp_clocks.o:(.debug_rnglists)
     821      821       1a     1         ./ra/fsp/src/bsp/mcu/all/bsp_common.o:(.debug_rnglists)
     83b      83b       17     1         ./ra/fsp/src/bsp/mcu/all/bsp_delay.o:(.debug_rnglists)
     852      852       17     1         ./ra/fsp/src/bsp/mcu/all/bsp_group_irq.o:(.debug_rnglists)
     869      869       20     1         ./ra/fsp/src/bsp/mcu/all/bsp_ipc.o:(.debug_rnglists)
     889      889       17     1         ./ra/fsp/src/bsp/mcu/all/bsp_register_protection.o:(.debug_rnglists)
     8a0      8a0       1b     1         ./ra/fsp/src/bsp/mcu/all/bsp_sdram.o:(.debug_rnglists)
     8bb      8bb       17     1         ./ra/fsp/src/bsp/cmsis/Device/RENESAS/Source/startup.o:(.debug_rnglists)
     8d2      8d2       31     1         ./ra/fsp/src/bsp/cmsis/Device/RENESAS/Source/system.o:(.debug_rnglists)
       0        0    1d90c     1 .debug_str_offsets
       0        0      188     1         ./src/SEGGER_RTT/SEGGER_RTT.o:(.debug_str_offsets)
     188      188       c4     1         ./src/SEGGER_RTT/SEGGER_RTT_printf.o:(.debug_str_offsets)
     24c      24c      60c     1         ./src/GPT/GPT.o:(.debug_str_offsets)
     858      858      668     1         ./src/GLCDC/glcdc_display.o:(.debug_str_offsets)
     ec0      ec0      9b4     1         ./src/CAMERA/camera_sensor.o:(.debug_str_offsets)
    1874     1874      550     1         ./src/CAMERA/i2c_control.o:(.debug_str_offsets)
    1dc4     1dc4      cb4     1         ./src/CAMERA/mipi_csi.o:(.debug_str_offsets)
    2a78     2a78      8e0     1         ./src/hal_entry.o:(.debug_str_offsets)
    3358     3358      820     1         ./src/hal_warmstart.o:(.debug_str_offsets)
    3b78     3b78     143c     1         ./ra_gen/common_data.o:(.debug_str_offsets)
    4fb4     4fb4     16d4     1         ./ra_gen/hal_data.o:(.debug_str_offsets)
    6688     6688       1c     1         ./ra_gen/main.o:(.debug_str_offsets)
    66a4     66a4      428     1         ./ra_gen/pin_data.o:(.debug_str_offsets)
    6acc     6acc      804     1         ./ra_gen/vector_data.o:(.debug_str_offsets)
    72d0     72d0     1718     1         ./ra/fsp/src/r_vin/r_vin.o:(.debug_str_offsets)
    89e8     89e8     1894     1         ./ra/fsp/src/r_mipi_phy/r_mipi_phy.o:(.debug_str_offsets)
    a27c     a27c     1664     1         ./ra/fsp/src/r_mipi_csi/r_mipi_csi.o:(.debug_str_offsets)
    b8e0     b8e0     2244     1         ./ra/fsp/src/r_ioport/r_ioport.o:(.debug_str_offsets)
    db24     db24     23c4     1         ./ra/fsp/src/r_iic_master/r_iic_master.o:(.debug_str_offsets)
    fee8     fee8     2f04     1         ./ra/fsp/src/r_gpt/r_gpt.o:(.debug_str_offsets)
   12dec    12dec     1500     1         ./ra/fsp/src/r_glcdc/r_glcdc.o:(.debug_str_offsets)
   142ec    142ec      cfc     1         ./ra/fsp/src/r_dtc/r_dtc.o:(.debug_str_offsets)
   14fe8    14fe8       ac     1         ./ra/fsp/src/bsp/mcu/ra8p1/bsp_linker.o:(.debug_str_offsets)
   15094    15094     1e38     1         ./ra/fsp/src/bsp/mcu/all/bsp_clocks.o:(.debug_str_offsets)
   16ecc    16ecc      468     1         ./ra/fsp/src/bsp/mcu/all/bsp_common.o:(.debug_str_offsets)
   17334    17334       74     1         ./ra/fsp/src/bsp/mcu/all/bsp_delay.o:(.debug_str_offsets)
   173a8    173a8      7e0     1         ./ra/fsp/src/bsp/mcu/all/bsp_group_irq.o:(.debug_str_offsets)
   17b88    17b88       24     1         ./ra/fsp/src/bsp/mcu/all/bsp_io.o:(.debug_str_offsets)
   17bac    17bac      8a8     1         ./ra/fsp/src/bsp/mcu/all/bsp_ipc.o:(.debug_str_offsets)
   18454    18454      b8c     1         ./ra/fsp/src/bsp/mcu/all/bsp_irq.o:(.debug_str_offsets)
   18fe0    18fe0      494     1         ./ra/fsp/src/bsp/mcu/all/bsp_ospi_b.o:(.debug_str_offsets)
   19474    19474     1320     1         ./ra/fsp/src/bsp/mcu/all/bsp_register_protection.o:(.debug_str_offsets)
[...]
                                                  ./ra/fsp/src/bsp/mcu/ra8p1/bsp_linker.o
__itcm_zero$$Limit                                fsp_gen.lld:578
                                                  ./ra/fsp/src/bsp/mcu/ra8p1/bsp_linker.o
__dtcm_zero$$Base                                 fsp_gen.lld:608
                                                  ./ra/fsp/src/bsp/mcu/ra8p1/bsp_linker.o
__dtcm_zero$$Limit                                fsp_gen.lld:611
                                                  ./ra/fsp/src/bsp/mcu/ra8p1/bsp_linker.o
__ram_zero_nocache$$Base                          fsp_gen.lld:643
                                                  ./ra/fsp/src/bsp/mcu/ra8p1/bsp_linker.o
__ram_zero$$Base                                  fsp_gen.lld:664
                                                  ./ra/fsp/src/bsp/mcu/ra8p1/bsp_linker.o
__ram_zero$$Limit                                 fsp_gen.lld:668
                                                  ./ra/fsp/src/bsp/mcu/ra8p1/bsp_linker.o
__ram_tbss$$Base                                  fsp_gen.lld:682
                                                  ./ra/fsp/src/bsp/mcu/ra8p1/bsp_linker.o
__ram_tbss$$Limit                                 fsp_gen.lld:687
                                                  ./ra/fsp/src/bsp/mcu/ra8p1/bsp_linker.o
__sdram_from_ospi0_cs1$$Base                      fsp_gen.lld:61
                                                  ./ra/fsp/src/bsp/mcu/ra8p1/bsp_linker.o
__sdram_from_ospi0_cs1$$Limit                     fsp_gen.lld:66
                                                  ./ra/fsp/src/bsp/mcu/ra8p1/bsp_linker.o
__sdram_from_ospi0_cs1$$Load                      fsp_gen.lld:61
                                                  ./ra/fsp/src/bsp/mcu/ra8p1/bsp_linker.o
__sdram_from_ospi1_cs1$$Base                      fsp_gen.lld:192
                                                  ./ra/fsp/src/bsp/mcu/ra8p1/bsp_linker.o
__sdram_from_ospi1_cs1$$Limit                     fsp_gen.lld:197
                                                  ./ra/fsp/src/bsp/mcu/ra8p1/bsp_linker.o
__sdram_from_ospi1_cs1$$Load                      fsp_gen.lld:192
                                                  ./ra/fsp/src/bsp/mcu/ra8p1/bsp_linker.o
__sdram_from_data_flash$$Base                     fsp_gen.lld:292
                                                  ./ra/fsp/src/bsp/mcu/ra8p1/bsp_linker.o
__sdram_from_data_flash$$Limit                    fsp_gen.lld:297
                                                  ./ra/fsp/src/bsp/mcu/ra8p1/bsp_linker.o
__sdram_from_data_flash$$Load                     fsp_gen.lld:292
                                                  ./ra/fsp/src/bsp/mcu/ra8p1/bsp_linker.o
__sdram_from_flash$$Base                          fsp_gen.lld:407
                                                  ./ra/fsp/src/bsp/mcu/ra8p1/bsp_linker.o
__sdram_from_flash$$Limit                         fsp_gen.lld:412
                                                  ./ra/fsp/src/bsp/mcu/ra8p1/bsp_linker.o
__sdram_from_flash$$Load                          fsp_gen.lld:407
                                                  ./ra/fsp/src/bsp/mcu/ra8p1/bsp_linker.o
__ospi0_cs0_from_ospi0_cs1$$Base                  fsp_gen.lld:78
                                                  ./ra/fsp/src/bsp/mcu/ra8p1/bsp_linker.o
__ospi0_cs0_from_ospi0_cs1$$Limit                 fsp_gen.lld:83
                                                  ./ra/fsp/src/bsp/mcu/ra8p1/bsp_linker.o
__ospi0_cs0_from_ospi0_cs1$$Load                  fsp_gen.lld:78
                                                  ./ra/fsp/src/bsp/mcu/ra8p1/bsp_linker.o
__ospi0_cs0_from_ospi1_cs1$$Base                  fsp_gen.lld:204
                                                  ./ra/fsp/src/bsp/mcu/ra8p1/bsp_linker.o
__ospi0_cs0_from_ospi1_cs1$$Limit                 fsp_gen.lld:209
                                                  ./ra/fsp/src/bsp/mcu/ra8p1/bsp_linker.o
__ospi0_cs0_from_ospi1_cs1$$Load                  fsp_gen.lld:204
                                                  ./ra/fsp/src/bsp/mcu/ra8p1/bsp_linker.o
__ospi0_cs0_from_data_flash$$Base                 fsp_gen.lld:304
                                                  ./ra/fsp/src/bsp/mcu/ra8p1/bsp_linker.o
__ospi0_cs0_from_data_flash$$Limit                fsp_gen.lld:309
                                                  ./ra/fsp/src/bsp/mcu/ra8p1/bsp_linker.o
__ospi0_cs0_from_data_flash$$Load                 fsp_gen.lld:304
                                                  ./ra/fsp/src/bsp/mcu/ra8p1/bsp_linker.o
__ospi0_cs0_from_flash$$Base                      fsp_gen.lld:457
                                                  ./ra/fsp/src/bsp/mcu/ra8p1/bsp_linker.o
__ospi0_cs0_from_flash$$Limit                     fsp_gen.lld:462
                                                  ./ra/fsp/src/bsp/mcu/ra8p1/bsp_linker.o
__ospi0_cs0_from_flash$$Load                      fsp_gen.lld:457
                                                  ./ra/fsp/src/bsp/mcu/ra8p1/bsp_linker.o
__ospi1_cs0_from_ospi0_cs1$$Base                  fsp_gen.lld:95
                                                  ./ra/fsp/src/bsp/mcu/ra8p1/bsp_linker.o
__ospi1_cs0_from_ospi0_cs1$$Limit                 fsp_gen.lld:100
                                                  ./ra/fsp/src/bsp/mcu/ra8p1/bsp_linker.o
__ospi1_cs0_from_ospi0_cs1$$Load                  fsp_gen.lld:95
                                                  ./ra/fsp/src/bsp/mcu/ra8p1/bsp_linker.o
__ospi1_cs0_from_ospi1_cs1$$Base                  fsp_gen.lld:216
                                                  ./ra/fsp/src/bsp/mcu/ra8p1/bsp_linker.o
__ospi1_cs0_from_ospi1_cs1$$Limit                 fsp_gen.lld:221
                                                  ./ra/fsp/src/bsp/mcu/ra8p1/bsp_linker.o
__ospi1_cs0_from_ospi1_cs1$$Load                  fsp_gen.lld:216
                                                  ./ra/fsp/src/bsp/mcu/ra8p1/bsp_linker.o
__ospi1_cs0_from_data_flash$$Base                 fsp_gen.lld:316
                                                  ./ra/fsp/src/bsp/mcu/ra8p1/bsp_linker.o
__ospi1_cs0_from_data_flash$$Limit                fsp_gen.lld:321
                                                  ./ra/fsp/src/bsp/mcu/ra8p1/bsp_linker.o
__ospi1_cs0_from_data_flash$$Load                 fsp_gen.lld:316
                                                  ./ra/fsp/src/bsp/mcu/ra8p1/bsp_linker.o
__ospi1_cs0_from_flash$$Base                      fsp_gen.lld:507
                                                  ./ra/fsp/src/bsp/mcu/ra8p1/bsp_linker.o
__ospi1_cs0_from_flash$$Limit                     fsp_gen.lld:512
                                                  ./ra/fsp/src/bsp/mcu/ra8p1/bsp_linker.o
__ospi1_cs0_from_flash$$Load                      fsp_gen.lld:507
                                                  ./ra/fsp/src/bsp/mcu/ra8p1/bsp_linker.o
__itcm_from_ospi0_cs1$$Base                       fsp_gen.lld:112
                                                  ./ra/fsp/src/bsp/mcu/ra8p1/bsp_linker.o
__itcm_from_ospi0_cs1$$Limit                      fsp_gen.lld:117
                                                  ./ra/fsp/src/bsp/mcu/ra8p1/bsp_linker.o
__itcm_from_ospi0_cs1$$Load                       fsp_gen.lld:112
                                                  ./ra/fsp/src/bsp/mcu/ra8p1/bsp_linker.o
__itcm_from_ospi1_cs1$$Base                       fsp_gen.lld:228
                                                  ./ra/fsp/src/bsp/mcu/ra8p1/bsp_linker.o
__itcm_from_ospi1_cs1$$Limit                      fsp_gen.lld:233
                                                  ./ra/fsp/src/bsp/mcu/ra8p1/bsp_linker.o
__itcm_from_ospi1_cs1$$Load                       fsp_gen.lld:228
                                                  ./ra/fsp/src/bsp/mcu/ra8p1/bsp_linker.o
__itcm_from_data_flash$$Base                      fsp_gen.lld:328
                                                  ./ra/fsp/src/bsp/mcu/ra8p1/bsp_linker.o
__itcm_from_data_flash$$Limit                     fsp_gen.lld:333
                                                  ./ra/fsp/src/bsp/mcu/ra8p1/bsp_linker.o
__itcm_from_data_flash$$Load                      fsp_gen.lld:328
                                                  ./ra/fsp/src/bsp/mcu/ra8p1/bsp_linker.o
__itcm_from_flash$$Base                           fsp_gen.lld:557
                                                  ./ra/fsp/src/bsp/mcu/ra8p1/bsp_linker.o
__itcm_from_flash$$Limit                          fsp_gen.lld:562
                                                  ./ra/fsp/src/bsp/mcu/ra8p1/bsp_linker.o
__itcm_from_flash$$Load                           fsp_gen.lld:557
                                                  ./ra/fsp/src/bsp/mcu/ra8p1/bsp_linker.o
__dtcm_from_ospi0_cs1$$Base                       fsp_gen.lld:129
                                                  ./ra/fsp/src/bsp/mcu/ra8p1/bsp_linker.o
__dtcm_from_ospi0_cs1$$Limit                      fsp_gen.lld:134
                                                  ./ra/fsp/src/bsp/mcu/ra8p1/bsp_linker.o
__dtcm_from_ospi0_cs1$$Load                       fsp_gen.lld:129
                                                  ./ra/fsp/src/bsp/mcu/ra8p1/bsp_linker.o
__dtcm_from_ospi1_cs1$$Base                       fsp_gen.lld:240
                                                  ./ra/fsp/src/bsp/mcu/ra8p1/bsp_linker.o
__dtcm_from_ospi1_cs1$$Limit                      fsp_gen.lld:245
                                                  ./ra/fsp/src/bsp/mcu/ra8p1/bsp_linker.o
__dtcm_from_ospi1_cs1$$Load                       fsp_gen.lld:240
                                                  ./ra/fsp/src/bsp/mcu/ra8p1/bsp_linker.o
__dtcm_from_data_flash$$Base                      fsp_gen.lld:340
                                                  ./ra/fsp/src/bsp/mcu/ra8p1/bsp_linker.o
__dtcm_from_data_flash$$Limit                     fsp_gen.lld:345
                                                  ./ra/fsp/src/bsp/mcu/ra8p1/bsp_linker.o
__dtcm_from_data_flash$$Load                      fsp_gen.lld:340
                                                  ./ra/fsp/src/bsp/mcu/ra8p1/bsp_linker.o
__dtcm_from_flash$$Base                           fsp_gen.lld:590
                                                  ./ra/fsp/src/bsp/mcu/ra8p1/bsp_linker.o
__dtcm_from_flash$$Limit                          fsp_gen.lld:595
                                                  ./ra/fsp/src/bsp/mcu/ra8p1/bsp_linker.o
__dtcm_from_flash$$Load                           fsp_gen.lld:590
                                                  ./ra/fsp/src/bsp/mcu/ra8p1/bsp_linker.o
__ram_from_ospi0_cs1$$Base                        fsp_gen.lld:152
                                                  ./ra/fsp/src/bsp/mcu/ra8p1/bsp_linker.o
__ram_from_ospi0_cs1$$Limit                       fsp_gen.lld:157
                                                  ./ra/fsp/src/bsp/mcu/ra8p1/bsp_linker.o
__ram_from_ospi0_cs1$$Load                        fsp_gen.lld:152
                                                  ./ra/fsp/src/bsp/mcu/ra8p1/bsp_linker.o
__ram_from_ospi1_cs1$$Base                        fsp_gen.lld:252
                                                  ./ra/fsp/src/bsp/mcu/ra8p1/bsp_linker.o
__ram_from_ospi1_cs1$$Limit                       fsp_gen.lld:257
                                                  ./ra/fsp/src/bsp/mcu/ra8p1/bsp_linker.o
__ram_from_ospi1_cs1$$Load                        fsp_gen.lld:252
                                                  ./ra/fsp/src/bsp/mcu/ra8p1/bsp_linker.o
__ram_from_data_flash$$Base                       fsp_gen.lld:352
                                                  ./ra/fsp/src/bsp/mcu/ra8p1/bsp_linker.o
__ram_from_data_flash$$Limit                      fsp_gen.lld:357
                                                  ./ra/fsp/src/bsp/mcu/ra8p1/bsp_linker.o
__ram_from_data_flash$$Load                       fsp_gen.lld:352
                                                  ./ra/fsp/src/bsp/mcu/ra8p1/bsp_linker.o
__ram_from_flash$$Base                            fsp_gen.lld:623
                                                  ./ra/fsp/src/bsp/mcu/ra8p1/bsp_linker.o
__ram_from_flash$$Limit                           fsp_gen.lld:630
                                                  ./ra/fsp/src/bsp/mcu/ra8p1/bsp_linker.o
__ram_from_flash$$Load                            fsp_gen.lld:623
                                                  ./ra/fsp/src/bsp/mcu/ra8p1/bsp_linker.o
__ram_tdata$$Base                                 fsp_gen.lld:673
                                                  ./ra/fsp/src/bsp/mcu/ra8p1/bsp_linker.o
__ram_tdata$$Limit                                fsp_gen.lld:677
                                                  ./ra/fsp/src/bsp/mcu/ra8p1/bsp_linker.o
__ram_tdata$$Load                                 fsp_gen.lld:673
                                                  ./ra/fsp/src/bsp/mcu/ra8p1/bsp_linker.o
SystemCoreClockUpdate                             ./ra/fsp/src/bsp/mcu/all/bsp_clocks.o
                                                  ./ra/fsp/src/bsp/cmsis/Device/RENESAS/Source/system.o
bsp_clock_init                                    ./ra/fsp/src/bsp/mcu/all/bsp_clocks.o
                                                  ./ra/fsp/src/bsp/cmsis/Device/RENESAS/Source/system.o
R_BSP_SubClockStabilizeWaitAfterReset             ./ra/fsp/src/bsp/mcu/all/bsp_clocks.o
R_BSP_Init_RTC                                    ./ra/fsp/src/bsp/mcu/all/bsp_clocks.o
                                                  ./ra/fsp/src/bsp/cmsis/Device/RENESAS/Source/system.o
bsp_init_internal                                 ./ra/fsp/src/bsp/mcu/all/bsp_common.o
bsp_init                                          ./ra/fsp/src/bsp/mcu/all/bsp_common.o
                                                  ./ra/fsp/src/bsp/cmsis/Device/RENESAS/Source/system.o
bsp_prv_software_delay_loop                       ./ra/fsp/src/bsp/mcu/all/bsp_delay.o
g_bsp_group_irq_sources                           ./ra/fsp/src/bsp/mcu/all/bsp_group_irq.o
NMI_Handler                                       ./ra/fsp/src/bsp/mcu/all/bsp_group_irq.o
                                                  ./ra/fsp/src/bsp/cmsis/Device/RENESAS/Source/startup.o
bsp_irq_cfg                                       ./ra/fsp/src/bsp/mcu/all/bsp_irq.o
                                                  ./ra/fsp/src/bsp/cmsis/Device/RENESAS/Source/system.o
g_protect_counters                                ./ra/fsp/src/bsp/mcu/all/bsp_register_protection.o
Reset_Handler                                     ./ra/fsp/src/bsp/cmsis/Device/RENESAS/Source/startup.o
SystemInit                                        ./ra/fsp/src/bsp/cmsis/Device/RENESAS/Source/system.o
                                                  ./ra/fsp/src/bsp/cmsis/Device/RENESAS/Source/startup.o
Default_Handler                                   ./ra/fsp/src/bsp/cmsis/Device/RENESAS/Source/startup.o
g_main_stack                                      ./ra/fsp/src/bsp/cmsis/Device/RENESAS/Source/startup.o
                                                  ./ra/fsp/src/bsp/cmsis/Device/RENESAS/Source/system.o
__Vectors                                         ./ra/fsp/src/bsp/cmsis/Device/RENESAS/Source/startup.o
                                                  ./ra/fsp/src/bsp/cmsis/Device/RENESAS/Source/system.o
HardFault_Handler                                 ./ra/fsp/src/bsp/cmsis/Device/RENESAS/Source/startup.o
MemManage_Handler                                 ./ra/fsp/src/bsp/cmsis/Device/RENESAS/Source/startup.o
BusFault_Handler                                  ./ra/fsp/src/bsp/cmsis/Device/RENESAS/Source/startup.o
UsageFault_Handler                                ./ra/fsp/src/bsp/cmsis/Device/RENESAS/Source/startup.o
SecureFault_Handler                               ./ra/fsp/src/bsp/cmsis/Device/RENESAS/Source/startup.o
SVC_Handler                                       ./ra/fsp/src/bsp/cmsis/Device/RENESAS/Source/startup.o
DebugMon_Handler                                  ./ra/fsp/src/bsp/cmsis/Device/RENESAS/Source/startup.o
PendSV_Handler                                    ./ra/fsp/src/bsp/cmsis/Device/RENESAS/Source/startup.o
SysTick_Handler                                   ./ra/fsp/src/bsp/cmsis/Device/RENESAS/Source/startup.o
_init_tls                                         E:\Renesas\RAv6.4.0\RA\toolchains\llvm_arm\ATfE-21.1.1-Windows-x86_64\bin\..\lib\clang-runtimes/arm-none-eabi/armv8.1m.main_hard_fpdp_nomve_exn_rtti_unaligned_size\lib\libc.a(libc_picolib_inittls.c.o)
                                                  ./ra/fsp/src/bsp/cmsis/Device/RENESAS/Source/system.o
__init_array_start                                fsp_gen.lld:750
                                                  ./ra/fsp/src/bsp/cmsis/Device/RENESAS/Source/system.o
__init_array_end                                  fsp_gen.lld:753
                                                  ./ra/fsp/src/bsp/cmsis/Device/RENESAS/Source/system.o
bzero                                             E:\Renesas\RAv6.4.0\RA\toolchains\llvm_arm\ATfE-21.1.1-Windows-x86_64\bin\..\lib\clang-runtimes/arm-none-eabi/armv8.1m.main_hard_fpdp_nomve_exn_rtti_unaligned_size\lib\libc.a(bzero.c.o)
__aeabi_memcpy8                                   E:\Renesas\RAv6.4.0\RA\toolchains\llvm_arm\ATfE-21.1.1-Windows-x86_64\bin\..\lib\clang-runtimes/arm-none-eabi/armv8.1m.main_hard_fpdp_nomve_exn_rtti_unaligned_size\lib\libc.a(memcpy.c.o)
__tdata_source                                    fsp_gen.lld:1286
                                                  E:\Renesas\RAv6.4.0\RA\toolchains\llvm_arm\ATfE-21.1.1-Windows-x86_64\bin\..\lib\clang-runtimes/arm-none-eabi/armv8.1m.main_hard_fpdp_nomve_exn_rtti_unaligned_size\lib\libc.a(libc_picolib_inittls.c.o)
__tdata_size                                      fsp_gen.lld:1287
                                                  E:\Renesas\RAv6.4.0\RA\toolchains\llvm_arm\ATfE-21.1.1-Windows-x86_64\bin\..\lib\clang-runtimes/arm-none-eabi/armv8.1m.main_hard_fpdp_nomve_exn_rtti_unaligned_size\lib\libc.a(libc_picolib_inittls.c.o)
__tbss_offset                                     fsp_gen.lld:1288
                                                  E:\Renesas\RAv6.4.0\RA\toolchains\llvm_arm\ATfE-21.1.1-Windows-x86_64\bin\..\lib\clang-runtimes/arm-none-eabi/armv8.1m.main_hard_fpdp_nomve_exn_rtti_unaligned_size\lib\libc.a(libc_picolib_inittls.c.o)
__tbss_size                                       fsp_gen.lld:1289
                                                  E:\Renesas\RAv6.4.0\RA\toolchains\llvm_arm\ATfE-21.1.1-Windows-x86_64\bin\..\lib\clang-runtimes/arm-none-eabi/armv8.1m.main_hard_fpdp_nomve_exn_rtti_unaligned_size\lib\libc.a(libc_picolib_inittls.c.o)
__arm32_tls_tcb_offset                            fsp_gen.lld:1290
                                                  E:\Renesas\RAv6.4.0\RA\toolchains\llvm_arm\ATfE-21.1.1-Windows-x86_64\bin\..\lib\clang-runtimes/arm-none-eabi/armv8.1m.main_hard_fpdp_nomve_exn_rtti_unaligned_size\lib\libc.a(libc_picolib_machine_arm_set_tls.c.o)
__tls                                             E:\Renesas\RAv6.4.0\RA\toolchains\llvm_arm\ATfE-21.1.1-Windows-x86_64\bin\..\lib\clang-runtimes/arm-none-eabi/armv8.1m.main_hard_fpdp_nomve_exn_rtti_unaligned_size\lib\libc.a(libc_picolib_machine_arm_tls.c.o)
                                                  E:\Renesas\RAv6.4.0\RA\toolchains\llvm_arm\ATfE-21.1.1-Windows-x86_64\bin\..\lib\clang-runtimes/arm-none-eabi/armv8.1m.main_hard_fpdp_nomve_exn_rtti_unaligned_size\lib\libc.a(libc_picolib_machine_arm_set_tls.c.o)
                                                  E:\Renesas\RAv6.4.0\RA\toolchains\llvm_arm\ATfE-21.1.1-Windows-x86_64\bin\..\lib\clang-runtimes/arm-none-eabi/armv8.1m.main_hard_fpdp_nomve_exn_rtti_unaligned_size\lib\libc.a(libc_picolib_machine_arm_read_tp.S.o)
