T5864 000:005.769   SEGGER J-Link V9.42 Log File
T5864 000:006.368   DLL Compiled: May  6 2026 12:25:27
T5864 000:006.374   Logging started @ 2026-06-23 12:18
T5864 000:006.380   Process: C:\Users\LWX\.eclipse\com.renesas.platform_1013479593\DebugComp\RA\e2-server-gdb.exe
T5864 000:006.681 - 6.386ms 
T5864 000:006.698 JLINK_GetDLLVersion()
T5864 000:006.704 - 0.006ms returns 94200
T5864 000:009.442 JLINK_OpenEx(...)
T5864 000:018.027   Firmware: J-Link OB-RA4M2 compiled Dec 10 2025 15:52:53
T5864 000:019.115   Firmware: J-Link OB-RA4M2 compiled Dec 10 2025 15:52:53
T5864 000:031.755   Hardware: V1.00
T5864 000:031.783   S/N: 1080032619
T5864 000:031.796   OEM: SEGGER
T5864 000:031.815   Feature(s): None
T5864 000:032.676   Bootloader: 2021 May 14
T5864 000:033.097   USB speed mode: Full speed (12 MBit/s)
T5864 000:033.580   TELNET listener socket opened on port 19021
T5864 000:033.861   WEBSRV WEBSRV_Init(): Starting webserver thread(s)
T5864 000:034.024   WEBSRV Webserver running on local port 19080
T5864 000:034.383   Looking for J-Link GUI Server exe at: C:\Users\LWX\.eclipse\com.renesas.platform_1013479593\DebugComp\RA\ARM\Segger_v9.42.0\JLinkGUIServer.exe
T5864 000:034.529   Looking for J-Link GUI Server exe at: E:\Renesas\segger\JLink_V912\\JLinkGUIServer.exe
T5864 000:034.560   Forking J-Link GUI Server: E:\Renesas\segger\JLink_V912\\JLinkGUIServer.exe
T5864 000:166.612   J-Link GUI Server info: "J-Link GUI server V9.12 "
T5864 000:172.757 - 163.191ms returns "O.K."
T5864 000:172.894 JLINK_TIF_Select(JLINKARM_TIF_SWD)
T5864 000:173.418 - 0.528ms returns 0x00
T5864 000:173.446 JLINK_ClrRESET()
T5864 000:173.625 - 0.179ms 
T5864 000:224.925 JLINK_SetSpeed(1500)
T5864 000:225.118 - 0.206ms 
T5864 000:225.157 JLINK_CORESIGHT_Configure(PerformTIFInit=0)
T5864 000:225.990 - 0.834ms returns 0
T5864 000:226.548 JLINK_CORESIGHT_ReadAPDPReg(DP reg 0x00)
T5864 000:227.050   Value=0x6BA02477
T5864 000:227.066 - 0.524ms returns 0
T5864 000:227.077 JLINK_CORESIGHT_WriteAPDPReg(DP reg 0x00, 0x0000001F)
T5864 000:227.279 - 0.201ms returns 0
T5864 000:227.298 JLINK_CORESIGHT_ReadAPDPReg(DP reg 0x00)
T5864 000:227.516   Value=0x6BA02477
T5864 000:227.541 - 0.242ms returns 0
T5864 000:227.555 JLINK_CORESIGHT_WriteAPDPReg(DP reg 0x02, 0x00000000)
T5864 000:227.764 - 0.208ms returns 0
T5864 000:227.788 JLINK_CORESIGHT_WriteAPDPReg(DP reg 0x01, 0x50000000)
T5864 000:227.983 - 0.195ms returns 0
T5864 000:228.004 JLINK_CORESIGHT_ReadAPDPReg(DP reg 0x01)
T5864 000:228.175   Value=0xF0000000
T5864 000:228.185 - 0.181ms returns 0
T5864 000:228.194 JLINK_CORESIGHT_WriteAPDPReg(DP reg 0x00, 0x0000001F)
T5864 000:228.391 - 0.196ms returns 0
T5864 000:228.408 JLINK_CORESIGHT_ReadAPDPReg(DP reg 0x00)
T5864 000:228.611   Value=0x6BA02477
T5864 000:228.637 - 0.229ms returns 0
T5864 000:228.651 JLINK_CORESIGHT_WriteAPDPReg(DP reg 0x01, 0x54000000)
T5864 000:228.869 - 0.218ms returns 0
T5864 000:228.879 JLINK_CORESIGHT_WriteAPDPReg(DP reg 0x01, 0x50000F00)
T5864 000:229.070 - 0.191ms returns 0
T5864 000:229.079 JLINK_CORESIGHT_WriteAPDPReg(DP reg 0x02, 0x01000000)
T5864 000:229.252 - 0.174ms returns 0
T5864 000:229.261 JLINK_CORESIGHT_WriteAPDPReg(AP reg 0x00, 0x80000002)
T5864 000:229.435 - 0.174ms returns 0
T5864 000:229.444 JLINK_CORESIGHT_WriteAPDPReg(AP reg 0x01, 0x80011100)
T5864 000:229.617 - 0.173ms returns 0
T5864 000:229.625 JLINK_CORESIGHT_WriteAPDPReg(AP reg 0x03, 0x000000A5)
T5864 000:229.797 - 0.171ms returns 0
T5864 000:229.810 JLINK_CORESIGHT_WriteAPDPReg(AP reg 0x00, 0x80000002)
T5864 000:229.987 - 0.176ms returns 0
T5864 000:229.996 JLINK_CORESIGHT_WriteAPDPReg(AP reg 0x01, 0x80011100)
T5864 000:230.170 - 0.174ms returns 0
T5864 000:230.179 JLINK_CORESIGHT_ReadAPDPReg(AP reg 0x03)
T5864 000:230.400   Value=0x000000A5
T5864 000:230.409 - 0.230ms returns 0
T5864 000:230.417 JLINK_ClrTMS()
T5864 000:230.463 - 0.045ms 
T5864 000:235.942 JLINK_SetTCK()
T5864 000:236.047 - 0.105ms returns 0
T5864 000:241.719 JLINK_SetRESET()
T5864 000:241.958 - 0.238ms 
T5864 000:442.761 JLINK_CORESIGHT_WriteAPDPReg(AP reg 0x00, 0x80000002)
T5864 000:443.086 - 0.325ms returns 0
T5864 000:443.104 JLINK_CORESIGHT_WriteAPDPReg(AP reg 0x01, 0x80011100)
T5864 000:443.323 - 0.219ms returns 0
T5864 000:443.339 JLINK_CORESIGHT_ReadAPDPReg(AP reg 0x03)
T5864 000:443.626   Value=0x00000000
T5864 000:443.646 - 0.307ms returns 0
T5864 000:443.660 JLINK_CORESIGHT_WriteAPDPReg(AP reg 0x00, 0x80000002)
T5864 000:443.875 - 0.215ms returns 0
T5864 000:443.890 JLINK_CORESIGHT_WriteAPDPReg(AP reg 0x01, 0x80011140)
T5864 000:444.139 - 0.248ms returns 0
T5864 000:444.168 JLINK_CORESIGHT_ReadAPDPReg(AP reg 0x03)
T5864 000:444.407   Value=0x00000002
T5864 000:444.418 - 0.250ms returns 0
T5864 000:444.426 JLINK_CORESIGHT_WriteAPDPReg(AP reg 0x00, 0x80000002)
T5864 000:444.638 - 0.211ms returns 0
T5864 000:444.647 JLINK_CORESIGHT_WriteAPDPReg(AP reg 0x01, 0x80011120)
T5864 000:444.868 - 0.221ms returns 0
T5864 000:444.877 JLINK_CORESIGHT_WriteAPDPReg(AP reg 0x03, 0x00000055)
T5864 000:445.088 - 0.211ms returns 0
T5864 000:445.097 JLINK_CORESIGHT_WriteAPDPReg(AP reg 0x00, 0x80000002)
T5864 000:445.310 - 0.213ms returns 0
T5864 000:445.327 JLINK_CORESIGHT_WriteAPDPReg(AP reg 0x01, 0x80011140)
T5864 000:445.500 - 0.173ms returns 0
T5864 000:445.510 JLINK_CORESIGHT_ReadAPDPReg(AP reg 0x03)
T5864 000:445.762   Value=0x00000002
T5864 000:445.772 - 0.262ms returns 0
T5864 000:445.780 JLINK_CORESIGHT_ReadAPDPReg(AP reg 0x03)
T5864 000:445.996   Value=0x00000002
T5864 000:446.009 - 0.229ms returns 0
T5864 000:446.017 JLINK_CORESIGHT_ReadAPDPReg(AP reg 0x03)
T5864 000:446.254   Value=0x00000002
T5864 000:446.268 - 0.250ms returns 0
T5864 000:446.277 JLINK_CORESIGHT_ReadAPDPReg(AP reg 0x03)
T5864 000:446.538   Value=0x00000002
T5864 000:446.553 - 0.276ms returns 0
T5864 000:446.562 JLINK_CORESIGHT_ReadAPDPReg(AP reg 0x03)
T5864 000:446.788   Value=0x00000002
T5864 000:446.803 - 0.241ms returns 0
T5864 000:446.813 JLINK_CORESIGHT_ReadAPDPReg(AP reg 0x03)
T5864 000:447.060   Value=0x00000002
T5864 000:447.075 - 0.262ms returns 0
T5864 000:447.084 JLINK_CORESIGHT_ReadAPDPReg(AP reg 0x03)
T5864 000:447.297   Value=0x00000002
T5864 000:447.307 - 0.223ms returns 0
T5864 000:447.315 JLINK_CORESIGHT_ReadAPDPReg(AP reg 0x03)
T5864 000:447.536   Value=0x00000002
T5864 000:447.547 - 0.232ms returns 0
T5864 000:447.555 JLINK_CORESIGHT_ReadAPDPReg(AP reg 0x03)
T5864 000:447.879   Value=0x00000002
T5864 000:447.896 - 0.340ms returns 0
T5864 000:447.905 JLINK_CORESIGHT_ReadAPDPReg(AP reg 0x03)
T5864 000:448.129   Value=0x00000002
T5864 000:448.145 - 0.240ms returns 0
T5864 000:448.154 JLINK_CORESIGHT_ReadAPDPReg(AP reg 0x03)
T5864 000:448.377   Value=0x00000002
T5864 000:448.388 - 0.233ms returns 0
T5864 000:448.395 JLINK_CORESIGHT_ReadAPDPReg(AP reg 0x03)
T5864 000:448.633   Value=0x00000002
T5864 000:448.643 - 0.248ms returns 0
T5864 000:448.651 JLINK_CORESIGHT_ReadAPDPReg(AP reg 0x03)
T5864 000:448.918   Value=0x00000002
T5864 000:448.941 - 0.289ms returns 0
T5864 000:448.955 JLINK_CORESIGHT_ReadAPDPReg(AP reg 0x03)
T5864 000:449.203   Value=0x00000002
T5864 000:449.223 - 0.268ms returns 0
T5864 000:449.236 JLINK_CORESIGHT_ReadAPDPReg(AP reg 0x03)
T5864 000:449.493   Value=0x00000002
T5864 000:449.509 - 0.273ms returns 0
T5864 000:449.522 JLINK_CORESIGHT_ReadAPDPReg(AP reg 0x03)
T5864 000:449.765   Value=0x00000002
T5864 000:449.780 - 0.258ms returns 0
T5864 000:449.793 JLINK_CORESIGHT_ReadAPDPReg(AP reg 0x03)
T5864 000:450.026   Value=0x00000002
T5864 000:450.042 - 0.249ms returns 0
T5864 000:450.054 JLINK_CORESIGHT_ReadAPDPReg(AP reg 0x03)
T5864 000:450.291   Value=0x00000002
T5864 000:450.306 - 0.252ms returns 0
T5864 000:450.318 JLINK_CORESIGHT_ReadAPDPReg(AP reg 0x03)
T5864 000:450.560   Value=0x00000002
T5864 000:450.578 - 0.259ms returns 0
T5864 000:450.590 JLINK_CORESIGHT_ReadAPDPReg(AP reg 0x03)
T5864 000:450.827   Value=0x00000002
T5864 000:450.845 - 0.254ms returns 0
T5864 000:450.859 JLINK_CORESIGHT_ReadAPDPReg(AP reg 0x03)
T5864 000:451.086   Value=0x00000002
T5864 000:451.111 - 0.252ms returns 0
T5864 000:451.124 JLINK_CORESIGHT_ReadAPDPReg(AP reg 0x03)
T5864 000:451.371   Value=0x00000002
T5864 000:451.381 - 0.257ms returns 0
T5864 000:451.389 JLINK_CORESIGHT_ReadAPDPReg(AP reg 0x03)
T5864 000:451.606   Value=0x00000002
T5864 000:451.616 - 0.227ms returns 0
T5864 000:451.623 JLINK_CORESIGHT_ReadAPDPReg(AP reg 0x03)
T5864 000:451.834   Value=0x00000002
T5864 000:451.844 - 0.221ms returns 0
T5864 000:451.852 JLINK_CORESIGHT_ReadAPDPReg(AP reg 0x03)
T5864 000:452.074   Value=0x00000002
T5864 000:452.091 - 0.239ms returns 0
T5864 000:452.104 JLINK_CORESIGHT_ReadAPDPReg(AP reg 0x03)
T5864 000:452.340   Value=0x00000002
T5864 000:452.350 - 0.245ms returns 0
T5864 000:452.357 JLINK_CORESIGHT_ReadAPDPReg(AP reg 0x03)
T5864 000:452.576   Value=0x00000002
T5864 000:452.585 - 0.227ms returns 0
T5864 000:452.592 JLINK_CORESIGHT_ReadAPDPReg(AP reg 0x03)
T5864 000:452.804   Value=0x00000002
T5864 000:452.813 - 0.220ms returns 0
T5864 000:452.821 JLINK_CORESIGHT_ReadAPDPReg(AP reg 0x03)
T5864 000:453.039   Value=0x00000002
T5864 000:453.048 - 0.227ms returns 0
T5864 000:453.056 JLINK_CORESIGHT_ReadAPDPReg(AP reg 0x03)
T5864 000:453.277   Value=0x00000002
T5864 000:453.294 - 0.238ms returns 0
T5864 000:453.307 JLINK_CORESIGHT_ReadAPDPReg(AP reg 0x03)
T5864 000:453.540   Value=0x00000002
T5864 000:453.550 - 0.243ms returns 0
T5864 000:453.557 JLINK_CORESIGHT_ReadAPDPReg(AP reg 0x03)
T5864 000:453.774   Value=0x00000002
T5864 000:453.783 - 0.226ms returns 0
T5864 000:453.791 JLINK_CORESIGHT_ReadAPDPReg(AP reg 0x03)
T5864 000:454.003   Value=0x00000002
T5864 000:454.013 - 0.222ms returns 0
T5864 000:454.020 JLINK_CORESIGHT_ReadAPDPReg(AP reg 0x03)
T5864 000:454.238   Value=0x00000002
T5864 000:454.247 - 0.227ms returns 0
T5864 000:454.255 JLINK_CORESIGHT_ReadAPDPReg(AP reg 0x03)
T5864 000:454.473   Value=0x00000002
T5864 000:454.490 - 0.235ms returns 0
T5864 000:454.503 JLINK_CORESIGHT_ReadAPDPReg(AP reg 0x03)
T5864 000:454.763   Value=0x00000002
T5864 000:454.773 - 0.270ms returns 0
T5864 000:454.781 JLINK_CORESIGHT_ReadAPDPReg(AP reg 0x03)
T5864 000:455.005   Value=0x00000002
T5864 000:455.016 - 0.235ms returns 0
T5864 000:455.024 JLINK_CORESIGHT_ReadAPDPReg(AP reg 0x03)
T5864 000:455.238   Value=0x00000002
T5864 000:455.247 - 0.223ms returns 0
T5864 000:455.255 JLINK_CORESIGHT_ReadAPDPReg(AP reg 0x03)
T5864 000:455.473   Value=0x00000002
T5864 000:455.482 - 0.227ms returns 0
T5864 000:455.489 JLINK_CORESIGHT_ReadAPDPReg(AP reg 0x03)
T5864 000:455.765   Value=0x00000002
T5864 000:455.782 - 0.292ms returns 0
T5864 000:455.795 JLINK_CORESIGHT_ReadAPDPReg(AP reg 0x03)
T5864 000:456.031   Value=0x00000002
T5864 000:456.048 - 0.253ms returns 0
T5864 000:456.065 JLINK_CORESIGHT_ReadAPDPReg(AP reg 0x03)
T5864 000:456.309   Value=0x00000002
T5864 000:456.328 - 0.263ms returns 0
T5864 000:456.341 JLINK_CORESIGHT_ReadAPDPReg(AP reg 0x03)
T5864 000:456.582   Value=0x00000000
T5864 000:456.597 - 0.256ms returns 0
T5864 000:456.610 JLINK_CORESIGHT_WriteAPDPReg(AP reg 0x00, 0x80000002)
T5864 000:456.800 - 0.190ms returns 0
T5864 000:456.814 JLINK_CORESIGHT_WriteAPDPReg(AP reg 0x01, 0x80011130)
T5864 000:457.010 - 0.196ms returns 0
T5864 000:457.027 JLINK_CORESIGHT_ReadAPDPReg(AP reg 0x03)
T5864 000:457.272   Value=0x000000C6
T5864 000:457.289 - 0.262ms returns 0
T5864 000:457.315 JLINK_CORESIGHT_WriteAPDPReg(AP reg 0x00, 0x80000002)
T5864 000:457.505 - 0.191ms returns 0
T5864 000:457.520 JLINK_CORESIGHT_WriteAPDPReg(AP reg 0x01, 0x80011140)
T5864 000:457.765 - 0.245ms returns 0
T5864 000:457.779 JLINK_CORESIGHT_ReadAPDPReg(AP reg 0x03)
T5864 000:458.011   Value=0x00000002
T5864 000:458.026 - 0.247ms returns 0
T5864 000:458.039 JLINK_CORESIGHT_WriteAPDPReg(AP reg 0x00, 0x80000002)
T5864 000:458.214 - 0.175ms returns 0
T5864 000:458.224 JLINK_CORESIGHT_WriteAPDPReg(AP reg 0x01, 0x80011120)
T5864 000:458.403 - 0.178ms returns 0
T5864 000:458.418 JLINK_CORESIGHT_WriteAPDPReg(AP reg 0x03, 0x3A010001)
T5864 000:458.618 - 0.200ms returns 0
T5864 000:458.638 JLINK_CORESIGHT_WriteAPDPReg(AP reg 0x00, 0x80000002)
T5864 000:458.869 - 0.230ms returns 0
T5864 000:458.887 JLINK_CORESIGHT_WriteAPDPReg(AP reg 0x01, 0x80011140)
T5864 000:459.072 - 0.185ms returns 0
T5864 000:459.094 JLINK_CORESIGHT_ReadAPDPReg(AP reg 0x03)
T5864 000:459.346   Value=0x00000002
T5864 000:459.364 - 0.269ms returns 0
T5864 000:459.384 JLINK_CORESIGHT_WriteAPDPReg(AP reg 0x00, 0x80000002)
T5864 000:459.577 - 0.193ms returns 0
T5864 000:459.599 JLINK_CORESIGHT_WriteAPDPReg(AP reg 0x01, 0x80011120)
T5864 000:459.784 - 0.185ms returns 0
T5864 000:459.796 JLINK_CORESIGHT_WriteAPDPReg(AP reg 0x03, 0x000003C5)
T5864 000:459.976 - 0.180ms returns 0
T5864 000:459.988 JLINK_CORESIGHT_WriteAPDPReg(AP reg 0x00, 0x80000002)
T5864 000:460.158 - 0.170ms returns 0
T5864 000:460.170 JLINK_CORESIGHT_WriteAPDPReg(AP reg 0x01, 0x80011140)
T5864 000:460.346 - 0.176ms returns 0
T5864 000:460.358 JLINK_CORESIGHT_ReadAPDPReg(AP reg 0x03)
T5864 000:460.587   Value=0x00000000
T5864 000:460.599 - 0.241ms returns 0
T5864 000:460.610 JLINK_CORESIGHT_WriteAPDPReg(AP reg 0x00, 0x80000002)
T5864 000:460.781 - 0.170ms returns 0
T5864 000:460.794 JLINK_CORESIGHT_WriteAPDPReg(AP reg 0x01, 0x80011130)
T5864 000:460.981 - 0.187ms returns 0
T5864 000:461.000 JLINK_CORESIGHT_ReadAPDPReg(AP reg 0x03)
T5864 000:461.238   Value=0x3A2A0081
T5864 000:461.253 - 0.253ms returns 0
T5864 000:461.270 JLINK_CORESIGHT_WriteAPDPReg(AP reg 0x00, 0x80000002)
T5864 000:461.463 - 0.193ms returns 0
T5864 000:461.481 JLINK_CORESIGHT_WriteAPDPReg(AP reg 0x01, 0x80011140)
T5864 000:461.669 - 0.187ms returns 0
T5864 000:461.690 JLINK_CORESIGHT_ReadAPDPReg(AP reg 0x03)
T5864 000:461.922   Value=0x00000000
T5864 000:461.940 - 0.249ms returns 0
T5864 000:461.957 JLINK_CORESIGHT_WriteAPDPReg(AP reg 0x00, 0x80000002)
T5864 000:462.150 - 0.193ms returns 0
T5864 000:462.161 JLINK_CORESIGHT_WriteAPDPReg(AP reg 0x01, 0x80011130)
T5864 000:462.350 - 0.188ms returns 0
T5864 000:462.370 JLINK_CORESIGHT_ReadAPDPReg(AP reg 0x03)
T5864 000:462.631   Value=0x808D5B00
T5864 000:462.643 - 0.272ms returns 0
T5864 000:462.654 JLINK_CORESIGHT_WriteAPDPReg(AP reg 0x00, 0x80000002)
T5864 000:462.876 - 0.221ms returns 0
T5864 000:462.889 JLINK_CORESIGHT_WriteAPDPReg(AP reg 0x01, 0x80011140)
T5864 000:463.065 - 0.176ms returns 0
T5864 000:463.077 JLINK_CORESIGHT_ReadAPDPReg(AP reg 0x03)
T5864 000:463.297   Value=0x00000000
T5864 000:463.306 - 0.229ms returns 0
T5864 000:463.317 JLINK_CORESIGHT_WriteAPDPReg(AP reg 0x00, 0x80000002)
T5864 000:463.495 - 0.178ms returns 0
T5864 000:463.507 JLINK_CORESIGHT_WriteAPDPReg(AP reg 0x01, 0x80011130)
T5864 000:463.762 - 0.255ms returns 0
T5864 000:463.774 JLINK_CORESIGHT_ReadAPDPReg(AP reg 0x03)
T5864 000:463.992   Value=0x0406070A
T5864 000:464.001 - 0.226ms returns 0
T5864 000:464.011 JLINK_CORESIGHT_WriteAPDPReg(AP reg 0x00, 0x80000002)
T5864 000:464.184 - 0.173ms returns 0
T5864 000:464.196 JLINK_CORESIGHT_WriteAPDPReg(AP reg 0x01, 0x80011140)
T5864 000:464.378 - 0.182ms returns 0
T5864 000:464.389 JLINK_CORESIGHT_ReadAPDPReg(AP reg 0x03)
T5864 000:464.607   Value=0x00000000
T5864 000:464.617 - 0.227ms returns 0
T5864 000:464.628 JLINK_CORESIGHT_WriteAPDPReg(AP reg 0x00, 0x80000002)
T5864 000:464.797 - 0.169ms returns 0
T5864 000:464.809 JLINK_CORESIGHT_WriteAPDPReg(AP reg 0x01, 0x80011130)
T5864 000:464.985 - 0.176ms returns 0
T5864 000:464.997 JLINK_CORESIGHT_ReadAPDPReg(AP reg 0x03)
T5864 000:465.221   Value=0x3254540B
T5864 000:465.230 - 0.233ms returns 0
T5864 000:465.241 JLINK_CORESIGHT_WriteAPDPReg(AP reg 0x00, 0x80000002)
T5864 000:465.415 - 0.174ms returns 0
T5864 000:465.426 JLINK_CORESIGHT_WriteAPDPReg(AP reg 0x01, 0x80011140)
T5864 000:465.600 - 0.173ms returns 0
T5864 000:465.611 JLINK_CORESIGHT_ReadAPDPReg(AP reg 0x03)
T5864 000:465.834   Value=0x00000000
T5864 000:465.844 - 0.233ms returns 0
T5864 000:465.855 JLINK_CORESIGHT_WriteAPDPReg(AP reg 0x00, 0x80000002)
T5864 000:466.034 - 0.178ms returns 0
T5864 000:466.063 JLINK_CORESIGHT_WriteAPDPReg(AP reg 0x01, 0x80011130)
T5864 000:466.319 - 0.256ms returns 0
T5864 000:466.336 JLINK_CORESIGHT_ReadAPDPReg(AP reg 0x03)
T5864 000:466.568   Value=0x546E9759
T5864 000:466.578 - 0.242ms returns 0
T5864 000:466.589 JLINK_CORESIGHT_WriteAPDPReg(AP reg 0x00, 0x80000002)
T5864 000:466.766 - 0.177ms returns 0
T5864 000:466.788 JLINK_CORESIGHT_WriteAPDPReg(AP reg 0x01, 0x80011140)
T5864 000:466.979 - 0.190ms returns 0
T5864 000:467.507 JLINK_CORESIGHT_ReadAPDPReg(AP reg 0x03)
T5864 000:467.760   Value=0x00000000
T5864 000:467.770 - 0.262ms returns 0
T5864 000:467.778 JLINK_CORESIGHT_WriteAPDPReg(AP reg 0x00, 0x80000002)
T5864 000:467.949 - 0.171ms returns 0
T5864 000:467.958 JLINK_CORESIGHT_WriteAPDPReg(AP reg 0x01, 0x80011130)
T5864 000:468.132 - 0.174ms returns 0
T5864 000:468.146 JLINK_CORESIGHT_ReadAPDPReg(AP reg 0x03)
T5864 000:468.381   Value=0x34325736
T5864 000:468.396 - 0.249ms returns 0
T5864 000:468.408 JLINK_CORESIGHT_WriteAPDPReg(AP reg 0x00, 0x80000002)
T5864 000:468.605 - 0.197ms returns 0
T5864 000:468.620 JLINK_CORESIGHT_WriteAPDPReg(AP reg 0x01, 0x80011140)
T5864 000:468.800 - 0.180ms returns 0
T5864 000:468.815 JLINK_CORESIGHT_ReadAPDPReg(AP reg 0x03)
T5864 000:469.047   Value=0x00000000
T5864 000:469.062 - 0.248ms returns 0
T5864 000:469.075 JLINK_CORESIGHT_WriteAPDPReg(AP reg 0x00, 0x80000002)
T5864 000:469.266 - 0.191ms returns 0
T5864 000:469.275 JLINK_CORESIGHT_WriteAPDPReg(AP reg 0x01, 0x80011130)
T5864 000:469.448 - 0.173ms returns 0
T5864 000:469.457 JLINK_CORESIGHT_ReadAPDPReg(AP reg 0x03)
T5864 000:469.686   Value=0x58082D30
T5864 000:469.712 - 0.254ms returns 0
T5864 000:469.726 JLINK_CORESIGHT_WriteAPDPReg(AP reg 0x00, 0x80000002)
T5864 000:469.920 - 0.194ms returns 0
T5864 000:469.930 JLINK_CORESIGHT_WriteAPDPReg(AP reg 0x01, 0x80011140)
T5864 000:470.106 - 0.175ms returns 0
T5864 000:470.115 JLINK_CORESIGHT_ReadAPDPReg(AP reg 0x03)
T5864 000:470.340   Value=0x00000000
T5864 000:470.350 - 0.235ms returns 0
T5864 000:470.357 JLINK_CORESIGHT_WriteAPDPReg(AP reg 0x00, 0x80000002)
T5864 000:470.531 - 0.174ms returns 0
T5864 000:470.540 JLINK_CORESIGHT_WriteAPDPReg(AP reg 0x01, 0x80011130)
T5864 000:470.762 - 0.222ms returns 0
T5864 000:470.771 JLINK_CORESIGHT_ReadAPDPReg(AP reg 0x03)
T5864 000:471.002   Value=0x4B375276
T5864 000:471.021 - 0.249ms returns 0
T5864 000:471.034 JLINK_CORESIGHT_WriteAPDPReg(AP reg 0x00, 0x80000002)
T5864 000:471.225 - 0.191ms returns 0
T5864 000:471.235 JLINK_CORESIGHT_WriteAPDPReg(AP reg 0x01, 0x80011140)
T5864 000:471.410 - 0.174ms returns 0
T5864 000:471.418 JLINK_CORESIGHT_ReadAPDPReg(AP reg 0x03)
T5864 000:471.643   Value=0x00000000
T5864 000:471.653 - 0.234ms returns 0
T5864 000:471.660 JLINK_CORESIGHT_WriteAPDPReg(AP reg 0x00, 0x80000002)
T5864 000:471.867 - 0.206ms returns 0
T5864 000:471.876 JLINK_CORESIGHT_WriteAPDPReg(AP reg 0x01, 0x80011130)
T5864 000:472.059 - 0.183ms returns 0
T5864 000:472.068 JLINK_CORESIGHT_ReadAPDPReg(AP reg 0x03)
T5864 000:472.297   Value=0x31503841
T5864 000:472.314 - 0.246ms returns 0
T5864 000:472.327 JLINK_CORESIGHT_WriteAPDPReg(AP reg 0x00, 0x80000002)
T5864 000:472.520 - 0.193ms returns 0
T5864 000:472.530 JLINK_CORESIGHT_WriteAPDPReg(AP reg 0x01, 0x80011140)
T5864 000:472.762 - 0.232ms returns 0
T5864 000:472.771 JLINK_CORESIGHT_ReadAPDPReg(AP reg 0x03)
T5864 000:472.996   Value=0x00000000
T5864 000:473.005 - 0.234ms returns 0
T5864 000:473.013 JLINK_CORESIGHT_WriteAPDPReg(AP reg 0x00, 0x80000002)
T5864 000:473.188 - 0.175ms returns 0
T5864 000:473.197 JLINK_CORESIGHT_WriteAPDPReg(AP reg 0x01, 0x80011130)
T5864 000:473.375 - 0.177ms returns 0
T5864 000:473.383 JLINK_CORESIGHT_ReadAPDPReg(AP reg 0x03)
T5864 000:473.609   Value=0x434C464B
T5864 000:473.619 - 0.235ms returns 0
T5864 000:473.626 JLINK_CORESIGHT_WriteAPDPReg(AP reg 0x00, 0x80000002)
T5864 000:473.798 - 0.171ms returns 0
T5864 000:473.806 JLINK_CORESIGHT_WriteAPDPReg(AP reg 0x01, 0x80011140)
T5864 000:473.977 - 0.171ms returns 0
T5864 000:473.986 JLINK_CORESIGHT_ReadAPDPReg(AP reg 0x03)
T5864 000:474.214   Value=0x00000000
T5864 000:474.225 - 0.238ms returns 0
T5864 000:474.232 JLINK_CORESIGHT_WriteAPDPReg(AP reg 0x00, 0x80000002)
T5864 000:474.408 - 0.176ms returns 0
T5864 000:474.417 JLINK_CORESIGHT_WriteAPDPReg(AP reg 0x01, 0x80011130)
T5864 000:474.592 - 0.175ms returns 0
T5864 000:474.601 JLINK_CORESIGHT_ReadAPDPReg(AP reg 0x03)
T5864 000:474.828   Value=0x20204341
T5864 000:474.838 - 0.237ms returns 0
T5864 000:474.846 JLINK_CORESIGHT_WriteAPDPReg(AP reg 0x00, 0x80000002)
T5864 000:475.025 - 0.179ms returns 0
T5864 000:475.034 JLINK_CORESIGHT_WriteAPDPReg(AP reg 0x01, 0x80011140)
T5864 000:475.210 - 0.176ms returns 0
T5864 000:475.218 JLINK_CORESIGHT_ReadAPDPReg(AP reg 0x03)
T5864 000:475.443   Value=0x00000000
T5864 000:475.452 - 0.233ms returns 0
T5864 000:475.460 JLINK_CORESIGHT_WriteAPDPReg(AP reg 0x00, 0x80000002)
T5864 000:475.641 - 0.181ms returns 0
T5864 000:475.650 JLINK_CORESIGHT_WriteAPDPReg(AP reg 0x01, 0x80011130)
T5864 000:475.873 - 0.223ms returns 0
T5864 000:475.882 JLINK_CORESIGHT_ReadAPDPReg(AP reg 0x03)
T5864 000:476.113   Value=0x00038A20
T5864 000:476.134 - 0.252ms returns 0
T5864 000:476.243 JLINK_CORESIGHT_WriteAPDPReg(AP reg 0x00, 0x80000002)
T5864 000:476.435 - 0.192ms returns 0
T5864 000:476.446 JLINK_CORESIGHT_WriteAPDPReg(AP reg 0x01, 0x80011140)
T5864 000:476.620 - 0.174ms returns 0
T5864 000:476.629 JLINK_CORESIGHT_ReadAPDPReg(AP reg 0x03)
T5864 000:476.856   Value=0x00000002
T5864 000:476.873 - 0.244ms returns 0
T5864 000:476.887 JLINK_CORESIGHT_WriteAPDPReg(AP reg 0x00, 0x80000002)
T5864 000:477.075 - 0.188ms returns 0
T5864 000:477.085 JLINK_CORESIGHT_WriteAPDPReg(AP reg 0x01, 0x80011120)
T5864 000:477.269 - 0.184ms returns 0
T5864 000:477.293 JLINK_CORESIGHT_WriteAPDPReg(AP reg 0x03, 0x39020001)
T5864 000:477.489 - 0.196ms returns 0
T5864 000:477.498 JLINK_CORESIGHT_WriteAPDPReg(AP reg 0x00, 0x80000002)
T5864 000:477.673 - 0.174ms returns 0
T5864 000:477.682 JLINK_CORESIGHT_WriteAPDPReg(AP reg 0x01, 0x80011140)
T5864 000:477.866 - 0.184ms returns 0
T5864 000:477.875 JLINK_CORESIGHT_ReadAPDPReg(AP reg 0x03)
T5864 000:478.101   Value=0x00000002
T5864 000:478.116 - 0.241ms returns 0
T5864 000:478.125 JLINK_CORESIGHT_WriteAPDPReg(AP reg 0x00, 0x80000002)
T5864 000:478.301 - 0.176ms returns 0
T5864 000:478.310 JLINK_CORESIGHT_WriteAPDPReg(AP reg 0x01, 0x80011120)
T5864 000:478.494 - 0.183ms returns 0
T5864 000:478.525 JLINK_CORESIGHT_WriteAPDPReg(AP reg 0x03, 0x0003B312)
T5864 000:478.768 - 0.242ms returns 0
T5864 000:478.786 JLINK_CORESIGHT_WriteAPDPReg(AP reg 0x00, 0x80000002)
T5864 000:478.983 - 0.197ms returns 0
T5864 000:478.997 JLINK_CORESIGHT_WriteAPDPReg(AP reg 0x01, 0x80011140)
T5864 000:479.187 - 0.189ms returns 0
T5864 000:479.196 JLINK_CORESIGHT_ReadAPDPReg(AP reg 0x03)
T5864 000:479.525   Value=0x00000000
T5864 000:479.542 - 0.345ms returns 0
T5864 000:479.551 JLINK_CORESIGHT_WriteAPDPReg(AP reg 0x00, 0x80000002)
T5864 000:479.764 - 0.212ms returns 0
T5864 000:479.779 JLINK_CORESIGHT_WriteAPDPReg(AP reg 0x01, 0x80011130)
T5864 000:479.951 - 0.172ms returns 0
T5864 000:479.961 JLINK_CORESIGHT_ReadAPDPReg(AP reg 0x03)
T5864 000:480.186   Value=0xB90A0081
T5864 000:480.196 - 0.235ms returns 0
T5864 000:480.204 JLINK_CORESIGHT_WriteAPDPReg(AP reg 0x00, 0x80000002)
T5864 000:480.374 - 0.170ms returns 0
T5864 000:480.383 JLINK_CORESIGHT_WriteAPDPReg(AP reg 0x01, 0x80011140)
T5864 000:480.556 - 0.172ms returns 0
T5864 000:480.566 JLINK_CORESIGHT_ReadAPDPReg(AP reg 0x03)
T5864 000:480.793   Value=0x00000000
T5864 000:480.804 - 0.238ms returns 0
T5864 000:480.813 JLINK_CORESIGHT_WriteAPDPReg(AP reg 0x00, 0x80000002)
T5864 000:480.979 - 0.166ms returns 0
T5864 000:480.988 JLINK_CORESIGHT_WriteAPDPReg(AP reg 0x01, 0x80011130)
T5864 000:481.190 - 0.201ms returns 0
T5864 000:481.199 JLINK_CORESIGHT_ReadAPDPReg(AP reg 0x03)
T5864 000:481.428   Value=0xFFFFFFC0
T5864 000:481.439 - 0.240ms returns 0
T5864 000:481.448 JLINK_CORESIGHT_WriteAPDPReg(AP reg 0x00, 0x80000002)
T5864 000:481.629 - 0.181ms returns 0
T5864 000:481.650 JLINK_CORESIGHT_WriteAPDPReg(AP reg 0x01, 0x80011140)
T5864 000:481.873 - 0.223ms returns 0
T5864 000:481.884 JLINK_CORESIGHT_ReadAPDPReg(AP reg 0x03)
T5864 000:482.108   Value=0x00000000
T5864 000:482.117 - 0.233ms returns 0
T5864 000:482.125 JLINK_CORESIGHT_WriteAPDPReg(AP reg 0x00, 0x80000002)
T5864 000:482.301 - 0.175ms returns 0
T5864 000:482.310 JLINK_CORESIGHT_WriteAPDPReg(AP reg 0x01, 0x80011130)
T5864 000:482.492 - 0.182ms returns 0
T5864 000:482.501 JLINK_CORESIGHT_ReadAPDPReg(AP reg 0x03)
T5864 000:482.766   Value=0xFFFFFFFF
T5864 000:482.783 - 0.281ms returns 0
T5864 000:482.796 JLINK_CORESIGHT_WriteAPDPReg(AP reg 0x00, 0x80000002)
T5864 000:482.985 - 0.189ms returns 0
T5864 000:482.995 JLINK_CORESIGHT_WriteAPDPReg(AP reg 0x01, 0x80011140)
T5864 000:483.169 - 0.174ms returns 0
T5864 000:483.179 JLINK_CORESIGHT_ReadAPDPReg(AP reg 0x03)
T5864 000:483.403   Value=0x00000000
T5864 000:483.413 - 0.234ms returns 0
T5864 000:483.421 JLINK_CORESIGHT_WriteAPDPReg(AP reg 0x00, 0x80000002)
T5864 000:483.597 - 0.176ms returns 0
T5864 000:483.606 JLINK_CORESIGHT_WriteAPDPReg(AP reg 0x01, 0x80011130)
T5864 000:483.779 - 0.173ms returns 0
T5864 000:483.788 JLINK_CORESIGHT_ReadAPDPReg(AP reg 0x03)
T5864 000:484.010   Value=0x000385FF
T5864 000:484.027 - 0.239ms returns 0
T5864 000:484.114 JLINK_CORESIGHT_WriteAPDPReg(AP reg 0x00, 0x80000002)
T5864 000:484.307 - 0.193ms returns 0
T5864 000:484.316 JLINK_CORESIGHT_WriteAPDPReg(AP reg 0x01, 0x80011140)
T5864 000:484.491 - 0.174ms returns 0
T5864 000:484.500 JLINK_CORESIGHT_ReadAPDPReg(AP reg 0x03)
T5864 000:484.762   Value=0x00000002
T5864 000:484.771 - 0.271ms returns 0
T5864 000:484.779 JLINK_CORESIGHT_WriteAPDPReg(AP reg 0x00, 0x80000002)
T5864 000:484.951 - 0.171ms returns 0
T5864 000:484.960 JLINK_CORESIGHT_WriteAPDPReg(AP reg 0x01, 0x80011120)
T5864 000:485.136 - 0.175ms returns 0
T5864 000:485.145 JLINK_CORESIGHT_WriteAPDPReg(AP reg 0x03, 0x2C010001)
T5864 000:485.316 - 0.171ms returns 0
T5864 000:485.327 JLINK_CORESIGHT_WriteAPDPReg(AP reg 0x00, 0x80000002)
T5864 000:485.503 - 0.176ms returns 0
T5864 000:485.513 JLINK_CORESIGHT_WriteAPDPReg(AP reg 0x01, 0x80011140)
T5864 000:485.761 - 0.247ms returns 0
T5864 000:485.770 JLINK_CORESIGHT_ReadAPDPReg(AP reg 0x03)
T5864 000:485.983   Value=0x00000002
T5864 000:485.992 - 0.222ms returns 0
T5864 000:486.000 JLINK_CORESIGHT_WriteAPDPReg(AP reg 0x00, 0x80000002)
T5864 000:486.175 - 0.175ms returns 0
T5864 000:486.185 JLINK_CORESIGHT_WriteAPDPReg(AP reg 0x01, 0x80011120)
T5864 000:486.393 - 0.207ms returns 0
T5864 000:486.412 JLINK_CORESIGHT_WriteAPDPReg(AP reg 0x03, 0x000003D3)
T5864 000:486.613 - 0.201ms returns 0
T5864 000:486.639 JLINK_CORESIGHT_WriteAPDPReg(AP reg 0x00, 0x80000002)
T5864 000:486.868 - 0.229ms returns 0
T5864 000:486.878 JLINK_CORESIGHT_WriteAPDPReg(AP reg 0x01, 0x80011140)
T5864 000:487.053 - 0.175ms returns 0
T5864 000:487.062 JLINK_CORESIGHT_ReadAPDPReg(AP reg 0x03)
T5864 000:487.289   Value=0x00000002
T5864 000:487.304 - 0.242ms returns 0
T5864 000:487.317 JLINK_CORESIGHT_ReadAPDPReg(AP reg 0x03)
T5864 000:487.557   Value=0x00000002
T5864 000:487.573 - 0.256ms returns 0
T5864 000:487.585 JLINK_CORESIGHT_ReadAPDPReg(AP reg 0x03)
T5864 000:487.806   Value=0x00000002
T5864 000:487.823 - 0.237ms returns 0
T5864 000:487.836 JLINK_CORESIGHT_ReadAPDPReg(AP reg 0x03)
T5864 000:488.071   Value=0x00000002
T5864 000:488.087 - 0.251ms returns 0
T5864 000:488.100 JLINK_CORESIGHT_ReadAPDPReg(AP reg 0x03)
T5864 000:488.336   Value=0x00000002
T5864 000:488.351 - 0.251ms returns 0
T5864 000:488.364 JLINK_CORESIGHT_ReadAPDPReg(AP reg 0x03)
T5864 000:488.603   Value=0x00000002
T5864 000:488.613 - 0.249ms returns 0
T5864 000:488.620 JLINK_CORESIGHT_ReadAPDPReg(AP reg 0x03)
T5864 000:488.834   Value=0x00000002
T5864 000:488.844 - 0.223ms returns 0
T5864 000:488.852 JLINK_CORESIGHT_ReadAPDPReg(AP reg 0x03)
T5864 000:489.073   Value=0x00000002
T5864 000:489.091 - 0.238ms returns 0
T5864 000:489.104 JLINK_CORESIGHT_ReadAPDPReg(AP reg 0x03)
T5864 000:489.341   Value=0x00000000
T5864 000:489.350 - 0.247ms returns 0
T5864 000:489.358 JLINK_CORESIGHT_WriteAPDPReg(AP reg 0x00, 0x80000002)
T5864 000:489.540 - 0.182ms returns 0
T5864 000:489.550 JLINK_CORESIGHT_WriteAPDPReg(AP reg 0x01, 0x80011130)
T5864 000:489.760 - 0.211ms returns 0
T5864 000:489.769 JLINK_CORESIGHT_ReadAPDPReg(AP reg 0x03)
T5864 000:489.993   Value=0x2C020081
T5864 000:490.002 - 0.233ms returns 0
T5864 000:490.010 JLINK_CORESIGHT_WriteAPDPReg(AP reg 0x00, 0x80000002)
T5864 000:490.191 - 0.180ms returns 0
T5864 000:490.209 JLINK_CORESIGHT_WriteAPDPReg(AP reg 0x01, 0x80011140)
T5864 000:490.393 - 0.183ms returns 0
T5864 000:490.403 JLINK_CORESIGHT_ReadAPDPReg(AP reg 0x03)
T5864 000:490.624   Value=0x00000000
T5864 000:490.634 - 0.231ms returns 0
T5864 000:490.642 JLINK_CORESIGHT_WriteAPDPReg(AP reg 0x00, 0x80000002)
T5864 000:490.872 - 0.230ms returns 0
T5864 000:490.881 JLINK_CORESIGHT_WriteAPDPReg(AP reg 0x01, 0x80011130)
T5864 000:491.055 - 0.174ms returns 0
T5864 000:491.064 JLINK_CORESIGHT_ReadAPDPReg(AP reg 0x03)
T5864 000:491.293   Value=0x0003CE04
T5864 000:491.310 - 0.246ms returns 0
T5864 000:491.327 JLINK_CORESIGHT_WriteAPDPReg(AP reg 0x00, 0x80000002)
T5864 000:491.528 - 0.201ms returns 0
T5864 000:491.548 JLINK_CORESIGHT_WriteAPDPReg(AP reg 0x01, 0x80011140)
T5864 000:491.766 - 0.218ms returns 0
T5864 000:491.785 JLINK_CORESIGHT_ReadAPDPReg(AP reg 0x03)
T5864 000:492.024   Value=0x00000002
T5864 000:492.050 - 0.264ms returns 0
T5864 000:492.061 JLINK_CORESIGHT_WriteAPDPReg(AP reg 0x00, 0x80000002)
T5864 000:492.256 - 0.194ms returns 0
T5864 000:492.281 JLINK_CORESIGHT_WriteAPDPReg(AP reg 0x01, 0x80011120)
T5864 000:492.484 - 0.203ms returns 0
T5864 000:492.501 JLINK_CORESIGHT_WriteAPDPReg(AP reg 0x03, 0x73010001)
T5864 000:492.679 - 0.177ms returns 0
T5864 000:492.696 JLINK_CORESIGHT_WriteAPDPReg(AP reg 0x00, 0x80000002)
T5864 000:492.874 - 0.178ms returns 0
T5864 000:492.891 JLINK_CORESIGHT_WriteAPDPReg(AP reg 0x01, 0x80011140)
T5864 000:493.068 - 0.177ms returns 0
T5864 000:493.081 JLINK_CORESIGHT_ReadAPDPReg(AP reg 0x03)
T5864 000:493.300   Value=0x00000002
T5864 000:493.309 - 0.228ms returns 0
T5864 000:493.320 JLINK_CORESIGHT_WriteAPDPReg(AP reg 0x00, 0x80000002)
T5864 000:493.529 - 0.209ms returns 0
T5864 000:493.540 JLINK_CORESIGHT_WriteAPDPReg(AP reg 0x01, 0x80011120)
T5864 000:493.883 - 0.342ms returns 0
T5864 000:502.870 JLINK_CORESIGHT_WriteAPDPReg(AP reg 0x03, 0x0000038C)
T5864 000:503.121 - 0.251ms returns 0
T5864 000:503.142 JLINK_CORESIGHT_WriteAPDPReg(AP reg 0x00, 0x80000002)
T5864 000:503.343 - 0.200ms returns 0
T5864 000:503.362 JLINK_CORESIGHT_WriteAPDPReg(AP reg 0x01, 0x80011140)
T5864 000:503.561 - 0.199ms returns 0
T5864 000:503.582 JLINK_CORESIGHT_ReadAPDPReg(AP reg 0x03)
T5864 000:503.830   Value=0x00000002
T5864 000:503.846 - 0.264ms returns 0
T5864 000:503.863 JLINK_CORESIGHT_ReadAPDPReg(AP reg 0x03)
T5864 000:504.094   Value=0x00000002
T5864 000:504.104 - 0.242ms returns 0
T5864 000:504.115 JLINK_CORESIGHT_ReadAPDPReg(AP reg 0x03)
T5864 000:504.345   Value=0x00000002
T5864 000:504.354 - 0.239ms returns 0
T5864 000:504.364 JLINK_CORESIGHT_ReadAPDPReg(AP reg 0x03)
T5864 000:504.589   Value=0x00000002
T5864 000:504.599 - 0.234ms returns 0
T5864 000:504.609 JLINK_CORESIGHT_ReadAPDPReg(AP reg 0x03)
T5864 000:504.823   Value=0x00000002
T5864 000:504.833 - 0.224ms returns 0
T5864 000:504.843 JLINK_CORESIGHT_ReadAPDPReg(AP reg 0x03)
T5864 000:505.066   Value=0x00000002
T5864 000:505.083 - 0.240ms returns 0
T5864 000:505.095 JLINK_CORESIGHT_ReadAPDPReg(AP reg 0x03)
T5864 000:505.324   Value=0x00000002
T5864 000:505.337 - 0.241ms returns 0
T5864 000:505.348 JLINK_CORESIGHT_ReadAPDPReg(AP reg 0x03)
T5864 000:505.573   Value=0x00000002
T5864 000:505.583 - 0.235ms returns 0
T5864 000:505.593 JLINK_CORESIGHT_ReadAPDPReg(AP reg 0x03)
T5864 000:505.839   Value=0x00000000
T5864 000:505.848 - 0.254ms returns 0
T5864 000:505.858 JLINK_CORESIGHT_WriteAPDPReg(AP reg 0x00, 0x80000002)
T5864 000:506.259 - 0.400ms returns 0
T5864 000:506.291 JLINK_CORESIGHT_WriteAPDPReg(AP reg 0x01, 0x80011130)
T5864 000:506.487 - 0.196ms returns 0
T5864 000:506.504 JLINK_CORESIGHT_ReadAPDPReg(AP reg 0x03)
T5864 000:506.761   Value=0x73020081
T5864 000:506.770 - 0.266ms returns 0
T5864 000:506.781 JLINK_CORESIGHT_WriteAPDPReg(AP reg 0x00, 0x80000002)
T5864 000:506.955 - 0.174ms returns 0
T5864 000:506.966 JLINK_CORESIGHT_WriteAPDPReg(AP reg 0x01, 0x80011140)
T5864 000:507.144 - 0.178ms returns 0
T5864 000:507.164 JLINK_CORESIGHT_ReadAPDPReg(AP reg 0x03)
T5864 000:507.396   Value=0x00000000
T5864 000:507.407 - 0.243ms returns 0
T5864 000:507.419 JLINK_CORESIGHT_WriteAPDPReg(AP reg 0x00, 0x80000002)
T5864 000:507.589 - 0.169ms returns 0
T5864 000:507.600 JLINK_CORESIGHT_WriteAPDPReg(AP reg 0x01, 0x80011130)
T5864 000:507.772 - 0.172ms returns 0
T5864 000:507.784 JLINK_CORESIGHT_ReadAPDPReg(AP reg 0x03)
T5864 000:508.009   Value=0x00038902
T5864 000:508.018 - 0.234ms returns 0
T5864 000:508.561 JLINK_CORESIGHT_WriteAPDPReg(AP reg 0x00, 0x80000002)
T5864 000:508.774 - 0.213ms returns 0
T5864 000:508.785 JLINK_CORESIGHT_WriteAPDPReg(AP reg 0x01, 0x80011140)
T5864 000:508.969 - 0.184ms returns 0
T5864 000:508.984 JLINK_CORESIGHT_ReadAPDPReg(AP reg 0x03)
T5864 000:509.230   Value=0x00000002
T5864 000:509.256 - 0.272ms returns 0
T5864 000:509.276 JLINK_CORESIGHT_WriteAPDPReg(AP reg 0x00, 0x80000002)
T5864 000:509.501 - 0.224ms returns 0
T5864 000:509.523 JLINK_CORESIGHT_WriteAPDPReg(AP reg 0x01, 0x80011120)
T5864 000:509.766 - 0.242ms returns 0
T5864 000:509.790 JLINK_CORESIGHT_WriteAPDPReg(AP reg 0x03, 0x75010001)
T5864 000:509.988 - 0.197ms returns 0
T5864 000:510.013 JLINK_CORESIGHT_WriteAPDPReg(AP reg 0x00, 0x80000002)
T5864 000:510.208 - 0.195ms returns 0
T5864 000:510.220 JLINK_CORESIGHT_WriteAPDPReg(AP reg 0x01, 0x80011140)
T5864 000:510.448 - 0.227ms returns 0
T5864 000:510.459 JLINK_CORESIGHT_ReadAPDPReg(AP reg 0x03)
T5864 000:510.764   Value=0x00000002
T5864 000:510.773 - 0.314ms returns 0
T5864 000:510.781 JLINK_CORESIGHT_WriteAPDPReg(AP reg 0x00, 0x80000002)
T5864 000:510.982 - 0.200ms returns 0
T5864 000:510.993 JLINK_CORESIGHT_WriteAPDPReg(AP reg 0x01, 0x80011120)
T5864 000:511.176 - 0.182ms returns 0
T5864 000:511.184 JLINK_CORESIGHT_WriteAPDPReg(AP reg 0x03, 0x0000038A)
T5864 000:511.355 - 0.170ms returns 0
T5864 000:511.366 JLINK_CORESIGHT_WriteAPDPReg(AP reg 0x00, 0x80000002)
T5864 000:511.561 - 0.194ms returns 0
T5864 000:511.576 JLINK_CORESIGHT_WriteAPDPReg(AP reg 0x01, 0x80011140)
T5864 000:511.759 - 0.183ms returns 0
T5864 000:511.769 JLINK_CORESIGHT_ReadAPDPReg(AP reg 0x03)
T5864 000:512.000   Value=0x00000002
T5864 000:512.018 - 0.248ms returns 0
T5864 000:512.032 JLINK_CORESIGHT_ReadAPDPReg(AP reg 0x03)
T5864 000:512.273   Value=0x00000002
T5864 000:512.288 - 0.256ms returns 0
T5864 000:512.301 JLINK_CORESIGHT_ReadAPDPReg(AP reg 0x03)
T5864 000:512.539   Value=0x00000002
T5864 000:512.564 - 0.263ms returns 0
T5864 000:512.578 JLINK_CORESIGHT_ReadAPDPReg(AP reg 0x03)
T5864 000:512.818   Value=0x00000002
T5864 000:512.833 - 0.255ms returns 0
T5864 000:512.846 JLINK_CORESIGHT_ReadAPDPReg(AP reg 0x03)
T5864 000:513.082   Value=0x00000002
T5864 000:513.097 - 0.251ms returns 0
T5864 000:513.109 JLINK_CORESIGHT_ReadAPDPReg(AP reg 0x03)
T5864 000:513.346   Value=0x00000002
T5864 000:513.364 - 0.254ms returns 0
T5864 000:513.376 JLINK_CORESIGHT_ReadAPDPReg(AP reg 0x03)
T5864 000:513.611   Value=0x00000002
T5864 000:513.628 - 0.252ms returns 0
T5864 000:513.644 JLINK_CORESIGHT_ReadAPDPReg(AP reg 0x03)
T5864 000:513.915   Value=0x00000002
T5864 000:513.925 - 0.281ms returns 0
T5864 000:513.933 JLINK_CORESIGHT_ReadAPDPReg(AP reg 0x03)
T5864 000:514.149   Value=0x00000002
T5864 000:514.158 - 0.225ms returns 0
T5864 000:514.166 JLINK_CORESIGHT_ReadAPDPReg(AP reg 0x03)
T5864 000:514.378   Value=0x00000002
T5864 000:514.387 - 0.221ms returns 0
T5864 000:514.395 JLINK_CORESIGHT_ReadAPDPReg(AP reg 0x03)
T5864 000:514.615   Value=0x00000002
T5864 000:514.627 - 0.232ms returns 0
T5864 000:514.635 JLINK_CORESIGHT_ReadAPDPReg(AP reg 0x03)
T5864 000:514.849   Value=0x00000002
T5864 000:514.866 - 0.231ms returns 0
T5864 000:514.879 JLINK_CORESIGHT_ReadAPDPReg(AP reg 0x03)
T5864 000:515.111   Value=0x00000002
T5864 000:515.122 - 0.243ms returns 0
T5864 000:515.130 JLINK_CORESIGHT_ReadAPDPReg(AP reg 0x03)
T5864 000:515.347   Value=0x00000002
T5864 000:515.356 - 0.227ms returns 0
T5864 000:515.364 JLINK_CORESIGHT_ReadAPDPReg(AP reg 0x03)
T5864 000:515.576   Value=0x00000002
T5864 000:515.585 - 0.221ms returns 0
T5864 000:515.592 JLINK_CORESIGHT_ReadAPDPReg(AP reg 0x03)
T5864 000:515.803   Value=0x00000000
T5864 000:515.812 - 0.220ms returns 0
T5864 000:515.820 JLINK_CORESIGHT_WriteAPDPReg(AP reg 0x00, 0x80000002)
T5864 000:515.989 - 0.168ms returns 0
T5864 000:516.005 JLINK_CORESIGHT_WriteAPDPReg(AP reg 0x01, 0x80011130)
T5864 000:516.180 - 0.174ms returns 0
T5864 000:516.190 JLINK_CORESIGHT_ReadAPDPReg(AP reg 0x03)
T5864 000:516.413   Value=0x75020081
T5864 000:516.423 - 0.232ms returns 0
T5864 000:516.430 JLINK_CORESIGHT_WriteAPDPReg(AP reg 0x00, 0x80000002)
T5864 000:516.604 - 0.173ms returns 0
T5864 000:516.613 JLINK_CORESIGHT_WriteAPDPReg(AP reg 0x01, 0x80011140)
T5864 000:516.778 - 0.165ms returns 0
T5864 000:516.787 JLINK_CORESIGHT_ReadAPDPReg(AP reg 0x03)
T5864 000:517.011   Value=0x00000000
T5864 000:517.020 - 0.232ms returns 0
T5864 000:517.028 JLINK_CORESIGHT_WriteAPDPReg(AP reg 0x00, 0x80000002)
T5864 000:517.208 - 0.180ms returns 0
T5864 000:517.227 JLINK_CORESIGHT_WriteAPDPReg(AP reg 0x01, 0x80011130)
T5864 000:517.406 - 0.178ms returns 0
T5864 000:517.415 JLINK_CORESIGHT_ReadAPDPReg(AP reg 0x03)
T5864 000:517.638   Value=0x00038702
T5864 000:517.648 - 0.232ms returns 0
T5864 000:517.662 JLINK_CORESIGHT_WriteAPDPReg(AP reg 0x00, 0x80000002)
T5864 000:517.872 - 0.209ms returns 0
T5864 000:517.880 JLINK_CORESIGHT_WriteAPDPReg(AP reg 0x01, 0x80011140)
T5864 000:518.050 - 0.169ms returns 0
T5864 000:518.059 JLINK_CORESIGHT_ReadAPDPReg(AP reg 0x03)
T5864 000:518.286   Value=0x00000002
T5864 000:518.302 - 0.243ms returns 0
T5864 000:518.315 JLINK_CORESIGHT_WriteAPDPReg(AP reg 0x00, 0x80000002)
T5864 000:518.504 - 0.188ms returns 0
T5864 000:518.514 JLINK_CORESIGHT_WriteAPDPReg(AP reg 0x01, 0x80011120)
T5864 000:518.768 - 0.254ms returns 0
T5864 000:518.777 JLINK_CORESIGHT_WriteAPDPReg(AP reg 0x03, 0x4F010001)
T5864 000:518.997 - 0.220ms returns 0
T5864 000:519.017 JLINK_CORESIGHT_WriteAPDPReg(AP reg 0x00, 0x80000002)
T5864 000:519.225 - 0.207ms returns 0
T5864 000:519.236 JLINK_CORESIGHT_WriteAPDPReg(AP reg 0x01, 0x80011140)
T5864 000:519.415 - 0.178ms returns 0
T5864 000:519.431 JLINK_CORESIGHT_ReadAPDPReg(AP reg 0x03)
T5864 000:519.659   Value=0x00000002
T5864 000:519.676 - 0.245ms returns 0
T5864 000:519.689 JLINK_CORESIGHT_WriteAPDPReg(AP reg 0x00, 0x80000002)
T5864 000:519.880 - 0.191ms returns 0
T5864 000:519.894 JLINK_CORESIGHT_WriteAPDPReg(AP reg 0x01, 0x80011120)
T5864 000:520.079 - 0.185ms returns 0
T5864 000:520.093 JLINK_CORESIGHT_WriteAPDPReg(AP reg 0x03, 0x000003B0)
T5864 000:520.279 - 0.185ms returns 0
T5864 000:520.293 JLINK_CORESIGHT_WriteAPDPReg(AP reg 0x00, 0x80000002)
T5864 000:520.475 - 0.182ms returns 0
T5864 000:520.489 JLINK_CORESIGHT_WriteAPDPReg(AP reg 0x01, 0x80011140)
T5864 000:520.670 - 0.182ms returns 0
T5864 000:520.687 JLINK_CORESIGHT_ReadAPDPReg(AP reg 0x03)
T5864 000:520.923   Value=0x00000002
T5864 000:520.940 - 0.253ms returns 0
T5864 000:520.952 JLINK_CORESIGHT_ReadAPDPReg(AP reg 0x03)
T5864 000:521.182   Value=0x00000002
T5864 000:521.197 - 0.244ms returns 0
T5864 000:521.209 JLINK_CORESIGHT_ReadAPDPReg(AP reg 0x03)
T5864 000:521.457   Value=0x00000002
T5864 000:521.471 - 0.262ms returns 0
T5864 000:521.483 JLINK_CORESIGHT_ReadAPDPReg(AP reg 0x03)
T5864 000:521.764   Value=0x00000002
T5864 000:521.781 - 0.297ms returns 0
T5864 000:521.793 JLINK_CORESIGHT_ReadAPDPReg(AP reg 0x03)
T5864 000:522.027   Value=0x00000002
T5864 000:522.042 - 0.248ms returns 0
T5864 000:522.049 JLINK_CORESIGHT_ReadAPDPReg(AP reg 0x03)
T5864 000:522.273   Value=0x00000002
T5864 000:522.282 - 0.232ms returns 0
T5864 000:522.289 JLINK_CORESIGHT_ReadAPDPReg(AP reg 0x03)
T5864 000:522.502   Value=0x00000002
T5864 000:522.511 - 0.222ms returns 0
T5864 000:522.519 JLINK_CORESIGHT_ReadAPDPReg(AP reg 0x03)
T5864 000:522.761   Value=0x00000002
T5864 000:522.770 - 0.251ms returns 0
T5864 000:522.778 JLINK_CORESIGHT_ReadAPDPReg(AP reg 0x03)
T5864 000:522.997   Value=0x00000002
T5864 000:523.014 - 0.236ms returns 0
T5864 000:523.027 JLINK_CORESIGHT_ReadAPDPReg(AP reg 0x03)
T5864 000:523.267   Value=0x00000002
T5864 000:523.285 - 0.258ms returns 0
T5864 000:523.298 JLINK_CORESIGHT_ReadAPDPReg(AP reg 0x03)
T5864 000:523.533   Value=0x00000002
T5864 000:523.548 - 0.250ms returns 0
T5864 000:523.560 JLINK_CORESIGHT_ReadAPDPReg(AP reg 0x03)
T5864 000:523.793   Value=0x00000002
T5864 000:523.808 - 0.247ms returns 0
T5864 000:523.820 JLINK_CORESIGHT_ReadAPDPReg(AP reg 0x03)
T5864 000:524.043   Value=0x00000002
T5864 000:524.058 - 0.238ms returns 0
T5864 000:524.070 JLINK_CORESIGHT_ReadAPDPReg(AP reg 0x03)
T5864 000:524.309   Value=0x00000002
T5864 000:524.326 - 0.256ms returns 0
T5864 000:524.338 JLINK_CORESIGHT_ReadAPDPReg(AP reg 0x03)
T5864 000:524.581   Value=0x00000000
T5864 000:524.597 - 0.258ms returns 0
T5864 000:524.610 JLINK_CORESIGHT_WriteAPDPReg(AP reg 0x00, 0x80000002)
T5864 000:524.805 - 0.195ms returns 0
T5864 000:524.819 JLINK_CORESIGHT_WriteAPDPReg(AP reg 0x01, 0x80011130)
T5864 000:525.010 - 0.191ms returns 0
T5864 000:525.024 JLINK_CORESIGHT_ReadAPDPReg(AP reg 0x03)
T5864 000:525.299   Value=0x4F0B0081
T5864 000:525.319 - 0.295ms returns 0
T5864 000:525.332 JLINK_CORESIGHT_WriteAPDPReg(AP reg 0x00, 0x80000002)
T5864 000:525.529 - 0.197ms returns 0
T5864 000:525.548 JLINK_CORESIGHT_WriteAPDPReg(AP reg 0x01, 0x80011140)
T5864 000:525.766 - 0.218ms returns 0
T5864 000:525.791 JLINK_CORESIGHT_ReadAPDPReg(AP reg 0x03)
T5864 000:526.175   Value=0x00000000
T5864 000:526.185 - 0.394ms returns 0
T5864 000:526.193 JLINK_CORESIGHT_WriteAPDPReg(AP reg 0x00, 0x80000002)
T5864 000:526.377 - 0.184ms returns 0
T5864 000:526.386 JLINK_CORESIGHT_WriteAPDPReg(AP reg 0x01, 0x80011130)
T5864 000:526.571 - 0.184ms returns 0
T5864 000:526.591 JLINK_CORESIGHT_ReadAPDPReg(AP reg 0x03)
T5864 000:526.825   Value=0x20000000
T5864 000:526.836 - 0.245ms returns 0
T5864 000:526.844 JLINK_CORESIGHT_WriteAPDPReg(AP reg 0x00, 0x80000002)
T5864 000:527.015 - 0.171ms returns 0
T5864 000:527.025 JLINK_CORESIGHT_WriteAPDPReg(AP reg 0x01, 0x80011140)
T5864 000:527.204 - 0.178ms returns 0
T5864 000:527.225 JLINK_CORESIGHT_ReadAPDPReg(AP reg 0x03)
T5864 000:527.478   Value=0x00000000
T5864 000:527.488 - 0.263ms returns 0
T5864 000:527.496 JLINK_CORESIGHT_WriteAPDPReg(AP reg 0x00, 0x80000002)
T5864 000:527.665 - 0.168ms returns 0
T5864 000:527.673 JLINK_CORESIGHT_WriteAPDPReg(AP reg 0x01, 0x80011130)
T5864 000:527.865 - 0.192ms returns 0
T5864 000:527.874 JLINK_CORESIGHT_ReadAPDPReg(AP reg 0x03)
T5864 000:528.096   Value=0x00000000
T5864 000:528.105 - 0.231ms returns 0
T5864 000:528.113 JLINK_CORESIGHT_WriteAPDPReg(AP reg 0x00, 0x80000002)
T5864 000:528.289 - 0.176ms returns 0
T5864 000:528.306 JLINK_CORESIGHT_WriteAPDPReg(AP reg 0x01, 0x80011140)
T5864 000:528.482 - 0.176ms returns 0
T5864 000:528.491 JLINK_CORESIGHT_ReadAPDPReg(AP reg 0x03)
T5864 000:528.760   Value=0x00000000
T5864 000:528.769 - 0.278ms returns 0
T5864 000:528.777 JLINK_CORESIGHT_WriteAPDPReg(AP reg 0x00, 0x80000002)
T5864 000:528.950 - 0.172ms returns 0
T5864 000:528.958 JLINK_CORESIGHT_WriteAPDPReg(AP reg 0x01, 0x80011130)
T5864 000:529.132 - 0.173ms returns 0
T5864 000:529.141 JLINK_CORESIGHT_ReadAPDPReg(AP reg 0x03)
T5864 000:529.367   Value=0x03860000
T5864 000:529.384 - 0.242ms returns 0
T5864 000:529.532 JLINK_CORESIGHT_ReadAPDPReg(DP reg 0x01)
T5864 000:529.760   Value=0xF0000F40
T5864 000:529.770 - 0.238ms returns 0
T5864 000:529.778 JLINK_CORESIGHT_WriteAPDPReg(DP reg 0x01, 0xA0000F40)
T5864 000:529.962 - 0.184ms returns 0
T5864 000:529.971 JLINK_CORESIGHT_ReadAPDPReg(DP reg 0x01)
T5864 000:530.142   Value=0x00000F40
T5864 000:530.151 - 0.180ms returns 0
T5864 000:530.159 JLINK_ClrRESET()
T5864 000:530.305 - 0.146ms 
T5864 000:637.302 JLINK_Close()
T5864 000:650.513 - 13.210ms
T5864 000:650.853   
T5864 000:650.874   Closed
