T597C 000:001.249   SEGGER J-Link V9.42 Log File
T597C 000:001.363   DLL Compiled: May  6 2026 12:25:27
T597C 000:001.369   Logging started @ 2026-08-15 00:08
T597C 000:001.375   Process: C:\Users\LWX\.eclipse\com.renesas.platform_1013479593\DebugComp\RA\e2-server-gdb.exe
T597C 000:001.389 - 1.380ms 
T597C 000:001.404 JLINK_GetDLLVersion()
T597C 000:001.410 - 0.006ms returns 94200
T597C 000:003.526 JLINK_OpenEx(...)
T597C 000:010.446   Firmware: J-Link OB-RA4M2 compiled May  6 2026 16:18:23
T597C 000:010.997   Firmware: J-Link OB-RA4M2 compiled May  6 2026 16:18:23
T597C 000:022.644   Hardware: V1.00
T597C 000:022.677   S/N: 1080068464
T597C 000:022.689   OEM: SEGGER
T597C 000:022.707   Feature(s): None
T597C 000:023.227   Bootloader: 2021 May 14
T597C 000:023.598   USB speed mode: Full speed (12 MBit/s)
T597C 000:023.901   TELNET listener socket opened on port 19021
T597C 000:024.097   WEBSRV WEBSRV_Init(): Starting webserver thread(s)
T597C 000:024.339   WEBSRV Webserver running on local port 19080
T597C 000:024.458   Looking for J-Link GUI Server exe at: C:\Users\LWX\.eclipse\com.renesas.platform_1013479593\DebugComp\RA\ARM\Segger_v9.42.0\JLinkGUIServer.exe
T597C 000:024.634   Looking for J-Link GUI Server exe at: E:\Renesas\segger\JLink_V912\\JLinkGUIServer.exe
T597C 000:024.722   Forking J-Link GUI Server: E:\Renesas\segger\JLink_V912\\JLinkGUIServer.exe
T597C 000:081.222   J-Link GUI Server info: "J-Link GUI server V9.12 "
T597C 000:083.236 - 79.706ms returns "O.K."
T597C 000:083.338 JLINK_TIF_Select(JLINKARM_TIF_SWD)
T597C 000:083.786 - 0.450ms returns 0x00
T597C 000:083.822 JLINK_ClrRESET()
T597C 000:084.076 - 0.254ms 
T597C 000:134.960 JLINK_SetSpeed(1500)
T597C 000:135.235 - 0.280ms 
T597C 000:135.271 JLINK_CORESIGHT_Configure(PerformTIFInit=0)
T597C 000:135.774 - 0.505ms returns 0
T597C 000:135.839 JLINK_CORESIGHT_ReadAPDPReg(DP reg 0x00)
T597C 000:136.321   Value=0x6BA02477
T597C 000:136.347 - 0.512ms returns 0
T597C 000:136.364 JLINK_CORESIGHT_WriteAPDPReg(DP reg 0x00, 0x0000001F)
T597C 000:136.614 - 0.250ms returns 0
T597C 000:136.630 JLINK_CORESIGHT_ReadAPDPReg(DP reg 0x00)
T597C 000:136.840   Value=0x6BA02477
T597C 000:136.856 - 0.226ms returns 0
T597C 000:136.864 JLINK_CORESIGHT_WriteAPDPReg(DP reg 0x02, 0x00000000)
T597C 000:137.062 - 0.197ms returns 0
T597C 000:137.089 JLINK_CORESIGHT_WriteAPDPReg(DP reg 0x01, 0x50000000)
T597C 000:137.309 - 0.220ms returns 0
T597C 000:137.333 JLINK_CORESIGHT_ReadAPDPReg(DP reg 0x01)
T597C 000:137.536   Value=0xF0000040
T597C 000:137.552 - 0.219ms returns 0
T597C 000:137.560 JLINK_CORESIGHT_WriteAPDPReg(DP reg 0x00, 0x0000001F)
T597C 000:137.764 - 0.203ms returns 0
T597C 000:137.780 JLINK_CORESIGHT_ReadAPDPReg(DP reg 0x00)
T597C 000:137.983   Value=0x6BA02477
T597C 000:138.004 - 0.223ms returns 0
T597C 000:138.012 JLINK_CORESIGHT_WriteAPDPReg(DP reg 0x01, 0x54000000)
T597C 000:138.218 - 0.205ms returns 0
T597C 000:138.245 JLINK_CORESIGHT_WriteAPDPReg(DP reg 0x01, 0x50000F00)
T597C 000:138.549 - 0.304ms returns 0
T597C 000:138.577 JLINK_CORESIGHT_WriteAPDPReg(DP reg 0x02, 0x01000000)
T597C 000:138.801 - 0.224ms returns 0
T597C 000:138.828 JLINK_CORESIGHT_WriteAPDPReg(AP reg 0x00, 0x80000002)
T597C 000:139.040 - 0.211ms returns 0
T597C 000:139.067 JLINK_CORESIGHT_WriteAPDPReg(AP reg 0x01, 0x80011100)
T597C 000:139.249 - 0.182ms returns 0
T597C 000:139.264 JLINK_CORESIGHT_WriteAPDPReg(AP reg 0x03, 0x000000A5)
T597C 000:139.451 - 0.187ms returns 0
T597C 000:139.477 JLINK_CORESIGHT_WriteAPDPReg(AP reg 0x00, 0x80000002)
T597C 000:139.665 - 0.188ms returns 0
T597C 000:139.680 JLINK_CORESIGHT_WriteAPDPReg(AP reg 0x01, 0x80011100)
T597C 000:139.864 - 0.184ms returns 0
T597C 000:139.878 JLINK_CORESIGHT_ReadAPDPReg(AP reg 0x03)
T597C 000:140.104   Value=0x000000A5
T597C 000:140.119 - 0.241ms returns 0
T597C 000:140.131 JLINK_ClrTMS()
T597C 000:140.190 - 0.059ms 
T597C 000:145.986 JLINK_SetTCK()
T597C 000:146.138 - 0.151ms returns 0
T597C 000:151.560 JLINK_SetRESET()
T597C 000:151.716 - 0.156ms 
T597C 000:352.214 JLINK_CORESIGHT_WriteAPDPReg(AP reg 0x00, 0x80000002)
T597C 000:352.762 - 0.547ms returns 0
T597C 000:352.791 JLINK_CORESIGHT_WriteAPDPReg(AP reg 0x01, 0x80011100)
T597C 000:353.035 - 0.243ms returns 0
T597C 000:353.062 JLINK_CORESIGHT_ReadAPDPReg(AP reg 0x03)
T597C 000:353.441   Value=0x00000000
T597C 000:353.467 - 0.405ms returns 0
T597C 000:353.482 JLINK_CORESIGHT_WriteAPDPReg(AP reg 0x00, 0x80000002)
T597C 000:353.700 - 0.218ms returns 0
T597C 000:353.716 JLINK_CORESIGHT_WriteAPDPReg(AP reg 0x01, 0x80011140)
T597C 000:353.907 - 0.191ms returns 0
T597C 000:353.925 JLINK_CORESIGHT_ReadAPDPReg(AP reg 0x03)
T597C 000:354.141   Value=0x00000002
T597C 000:354.156 - 0.231ms returns 0
T597C 000:354.165 JLINK_CORESIGHT_WriteAPDPReg(AP reg 0x00, 0x80000002)
T597C 000:354.423 - 0.257ms returns 0
T597C 000:354.439 JLINK_CORESIGHT_WriteAPDPReg(AP reg 0x01, 0x80011120)
T597C 000:354.643 - 0.204ms returns 0
T597C 000:354.660 JLINK_CORESIGHT_WriteAPDPReg(AP reg 0x03, 0x00000055)
T597C 000:354.860 - 0.200ms returns 0
T597C 000:354.877 JLINK_CORESIGHT_WriteAPDPReg(AP reg 0x00, 0x80000002)
T597C 000:355.068 - 0.191ms returns 0
T597C 000:355.084 JLINK_CORESIGHT_WriteAPDPReg(AP reg 0x01, 0x80011140)
T597C 000:355.260 - 0.175ms returns 0
T597C 000:355.272 JLINK_CORESIGHT_ReadAPDPReg(AP reg 0x03)
T597C 000:355.594   Value=0x00000002
T597C 000:355.610 - 0.338ms returns 0
T597C 000:355.619 JLINK_CORESIGHT_ReadAPDPReg(AP reg 0x03)
T597C 000:355.849   Value=0x00000002
T597C 000:355.861 - 0.242ms returns 0
T597C 000:355.869 JLINK_CORESIGHT_ReadAPDPReg(AP reg 0x03)
T597C 000:356.093   Value=0x00000002
T597C 000:356.106 - 0.237ms returns 0
T597C 000:356.114 JLINK_CORESIGHT_ReadAPDPReg(AP reg 0x03)
T597C 000:356.431   Value=0x00000002
T597C 000:356.458 - 0.343ms returns 0
T597C 000:356.472 JLINK_CORESIGHT_ReadAPDPReg(AP reg 0x03)
T597C 000:356.726   Value=0x00000002
T597C 000:356.752 - 0.280ms returns 0
T597C 000:356.766 JLINK_CORESIGHT_ReadAPDPReg(AP reg 0x03)
T597C 000:356.993   Value=0x00000002
T597C 000:357.008 - 0.242ms returns 0
T597C 000:357.016 JLINK_CORESIGHT_ReadAPDPReg(AP reg 0x03)
T597C 000:357.241   Value=0x00000002
T597C 000:357.252 - 0.235ms returns 0
T597C 000:357.260 JLINK_CORESIGHT_ReadAPDPReg(AP reg 0x03)
T597C 000:357.482   Value=0x00000002
T597C 000:357.518 - 0.258ms returns 0
T597C 000:357.526 JLINK_CORESIGHT_ReadAPDPReg(AP reg 0x03)
T597C 000:357.746   Value=0x00000002
T597C 000:357.762 - 0.236ms returns 0
T597C 000:357.775 JLINK_CORESIGHT_ReadAPDPReg(AP reg 0x03)
T597C 000:358.013   Value=0x00000002
T597C 000:358.023 - 0.248ms returns 0
T597C 000:358.030 JLINK_CORESIGHT_ReadAPDPReg(AP reg 0x03)
T597C 000:358.249   Value=0x00000002
T597C 000:358.261 - 0.230ms returns 0
T597C 000:358.268 JLINK_CORESIGHT_ReadAPDPReg(AP reg 0x03)
T597C 000:358.485   Value=0x00000002
T597C 000:358.501 - 0.233ms returns 0
T597C 000:358.514 JLINK_CORESIGHT_ReadAPDPReg(AP reg 0x03)
T597C 000:358.749   Value=0x00000002
T597C 000:358.765 - 0.251ms returns 0
T597C 000:358.777 JLINK_CORESIGHT_ReadAPDPReg(AP reg 0x03)
T597C 000:359.001   Value=0x00000002
T597C 000:359.016 - 0.238ms returns 0
T597C 000:359.027 JLINK_CORESIGHT_ReadAPDPReg(AP reg 0x03)
T597C 000:359.254   Value=0x00000002
T597C 000:359.268 - 0.240ms returns 0
T597C 000:359.280 JLINK_CORESIGHT_ReadAPDPReg(AP reg 0x03)
T597C 000:359.558   Value=0x00000002
T597C 000:359.571 - 0.291ms returns 0
T597C 000:359.579 JLINK_CORESIGHT_ReadAPDPReg(AP reg 0x03)
T597C 000:359.809   Value=0x00000002
T597C 000:359.821 - 0.242ms returns 0
T597C 000:359.829 JLINK_CORESIGHT_ReadAPDPReg(AP reg 0x03)
T597C 000:360.051   Value=0x00000002
T597C 000:360.112 - 0.282ms returns 0
T597C 000:360.147 JLINK_CORESIGHT_ReadAPDPReg(AP reg 0x03)
T597C 000:360.408   Value=0x00000002
T597C 000:360.424 - 0.277ms returns 0
T597C 000:360.436 JLINK_CORESIGHT_ReadAPDPReg(AP reg 0x03)
T597C 000:360.661   Value=0x00000002
T597C 000:360.676 - 0.240ms returns 0
T597C 000:360.688 JLINK_CORESIGHT_ReadAPDPReg(AP reg 0x03)
T597C 000:360.915   Value=0x00000002
T597C 000:360.948 - 0.260ms returns 0
T597C 000:360.986 JLINK_CORESIGHT_ReadAPDPReg(AP reg 0x03)
T597C 000:361.212   Value=0x00000002
T597C 000:361.229 - 0.243ms returns 0
T597C 000:361.241 JLINK_CORESIGHT_ReadAPDPReg(AP reg 0x03)
T597C 000:361.462   Value=0x00000002
T597C 000:361.478 - 0.237ms returns 0
T597C 000:361.492 JLINK_CORESIGHT_ReadAPDPReg(AP reg 0x03)
T597C 000:361.748   Value=0x00000002
T597C 000:361.761 - 0.269ms returns 0
T597C 000:361.770 JLINK_CORESIGHT_ReadAPDPReg(AP reg 0x03)
T597C 000:361.996   Value=0x00000002
T597C 000:362.029 - 0.260ms returns 0
T597C 000:362.040 JLINK_CORESIGHT_ReadAPDPReg(AP reg 0x03)
T597C 000:362.275   Value=0x00000002
T597C 000:362.290 - 0.250ms returns 0
T597C 000:362.301 JLINK_CORESIGHT_ReadAPDPReg(AP reg 0x03)
T597C 000:362.579   Value=0x00000002
T597C 000:362.594 - 0.292ms returns 0
T597C 000:362.606 JLINK_CORESIGHT_ReadAPDPReg(AP reg 0x03)
T597C 000:362.850   Value=0x00000002
T597C 000:362.869 - 0.263ms returns 0
T597C 000:362.881 JLINK_CORESIGHT_ReadAPDPReg(AP reg 0x03)
T597C 000:363.119   Value=0x00000002
T597C 000:363.135 - 0.254ms returns 0
T597C 000:363.147 JLINK_CORESIGHT_ReadAPDPReg(AP reg 0x03)
T597C 000:363.410   Value=0x00000002
T597C 000:363.420 - 0.273ms returns 0
T597C 000:363.427 JLINK_CORESIGHT_ReadAPDPReg(AP reg 0x03)
T597C 000:363.643   Value=0x00000002
T597C 000:363.651 - 0.224ms returns 0
T597C 000:363.658 JLINK_CORESIGHT_ReadAPDPReg(AP reg 0x03)
T597C 000:363.870   Value=0x00000002
T597C 000:363.880 - 0.222ms returns 0
T597C 000:364.212 JLINK_CORESIGHT_ReadAPDPReg(AP reg 0x03)
T597C 000:364.429   Value=0x00000002
T597C 000:364.439 - 0.227ms returns 0
T597C 000:364.446 JLINK_CORESIGHT_ReadAPDPReg(AP reg 0x03)
T597C 000:364.662   Value=0x00000002
T597C 000:364.689 - 0.242ms returns 0
T597C 000:364.696 JLINK_CORESIGHT_ReadAPDPReg(AP reg 0x03)
T597C 000:364.912   Value=0x00000002
T597C 000:364.921 - 0.225ms returns 0
T597C 000:364.928 JLINK_CORESIGHT_ReadAPDPReg(AP reg 0x03)
T597C 000:365.144   Value=0x00000002
T597C 000:365.153 - 0.225ms returns 0
T597C 000:365.160 JLINK_CORESIGHT_ReadAPDPReg(AP reg 0x03)
T597C 000:365.410   Value=0x00000002
T597C 000:365.424 - 0.264ms returns 0
T597C 000:365.432 JLINK_CORESIGHT_ReadAPDPReg(AP reg 0x03)
T597C 000:365.651   Value=0x00000002
T597C 000:365.667 - 0.234ms returns 0
T597C 000:365.679 JLINK_CORESIGHT_ReadAPDPReg(AP reg 0x03)
T597C 000:365.899   Value=0x00000002
T597C 000:365.915 - 0.236ms returns 0
T597C 000:365.957 JLINK_CORESIGHT_ReadAPDPReg(AP reg 0x03)
T597C 000:366.183   Value=0x00000000
T597C 000:366.197 - 0.240ms returns 0
T597C 000:366.209 JLINK_CORESIGHT_WriteAPDPReg(AP reg 0x00, 0x80000002)
T597C 000:366.415 - 0.205ms returns 0
T597C 000:366.429 JLINK_CORESIGHT_WriteAPDPReg(AP reg 0x01, 0x80011130)
T597C 000:366.611 - 0.182ms returns 0
T597C 000:366.624 JLINK_CORESIGHT_ReadAPDPReg(AP reg 0x03)
T597C 000:366.852   Value=0x000000C6
T597C 000:366.863 - 0.238ms returns 0
T597C 000:366.880 JLINK_CORESIGHT_WriteAPDPReg(AP reg 0x00, 0x80000002)
T597C 000:367.055 - 0.175ms returns 0
T597C 000:367.064 JLINK_CORESIGHT_WriteAPDPReg(AP reg 0x01, 0x80011140)
T597C 000:367.239 - 0.175ms returns 0
T597C 000:367.248 JLINK_CORESIGHT_ReadAPDPReg(AP reg 0x03)
T597C 000:367.476   Value=0x00000002
T597C 000:367.485 - 0.237ms returns 0
T597C 000:367.493 JLINK_CORESIGHT_WriteAPDPReg(AP reg 0x00, 0x80000002)
T597C 000:367.668 - 0.175ms returns 0
T597C 000:367.677 JLINK_CORESIGHT_WriteAPDPReg(AP reg 0x01, 0x80011120)
T597C 000:367.849 - 0.172ms returns 0
T597C 000:367.862 JLINK_CORESIGHT_WriteAPDPReg(AP reg 0x03, 0x3A010001)
T597C 000:368.042 - 0.179ms returns 0
T597C 000:368.081 JLINK_CORESIGHT_WriteAPDPReg(AP reg 0x00, 0x80000002)
T597C 000:368.284 - 0.203ms returns 0
T597C 000:368.300 JLINK_CORESIGHT_WriteAPDPReg(AP reg 0x01, 0x80011140)
T597C 000:368.515 - 0.215ms returns 0
T597C 000:368.531 JLINK_CORESIGHT_ReadAPDPReg(AP reg 0x03)
T597C 000:368.787   Value=0x00000002
T597C 000:368.804 - 0.273ms returns 0
T597C 000:368.818 JLINK_CORESIGHT_WriteAPDPReg(AP reg 0x00, 0x80000002)
T597C 000:369.009 - 0.192ms returns 0
T597C 000:369.024 JLINK_CORESIGHT_WriteAPDPReg(AP reg 0x01, 0x80011120)
T597C 000:369.207 - 0.183ms returns 0
T597C 000:369.225 JLINK_CORESIGHT_WriteAPDPReg(AP reg 0x03, 0x000003C5)
T597C 000:369.413 - 0.188ms returns 0
T597C 000:369.438 JLINK_CORESIGHT_WriteAPDPReg(AP reg 0x00, 0x80000002)
T597C 000:369.620 - 0.182ms returns 0
T597C 000:369.636 JLINK_CORESIGHT_WriteAPDPReg(AP reg 0x01, 0x80011140)
T597C 000:369.813 - 0.177ms returns 0
T597C 000:369.821 JLINK_CORESIGHT_ReadAPDPReg(AP reg 0x03)
T597C 000:370.044   Value=0x00000002
T597C 000:370.053 - 0.231ms returns 0
T597C 000:370.060 JLINK_CORESIGHT_ReadAPDPReg(AP reg 0x03)
T597C 000:370.280   Value=0x00000002
T597C 000:370.292 - 0.232ms returns 0
T597C 000:370.300 JLINK_CORESIGHT_ReadAPDPReg(AP reg 0x03)
T597C 000:370.568   Value=0x00000002
T597C 000:370.583 - 0.283ms returns 0
T597C 000:370.595 JLINK_CORESIGHT_ReadAPDPReg(AP reg 0x03)
T597C 000:370.828   Value=0x00000002
T597C 000:370.843 - 0.248ms returns 0
T597C 000:370.855 JLINK_CORESIGHT_ReadAPDPReg(AP reg 0x03)
T597C 000:371.075   Value=0x00000002
T597C 000:371.089 - 0.234ms returns 0
T597C 000:371.101 JLINK_CORESIGHT_ReadAPDPReg(AP reg 0x03)
T597C 000:371.321   Value=0x00000002
T597C 000:371.338 - 0.237ms returns 0
T597C 000:371.349 JLINK_CORESIGHT_ReadAPDPReg(AP reg 0x03)
T597C 000:371.568   Value=0x00000000
T597C 000:371.579 - 0.230ms returns 0
T597C 000:371.587 JLINK_CORESIGHT_WriteAPDPReg(AP reg 0x00, 0x80000002)
T597C 000:371.772 - 0.185ms returns 0
T597C 000:371.788 JLINK_CORESIGHT_WriteAPDPReg(AP reg 0x01, 0x80011130)
T597C 000:371.981 - 0.191ms returns 0
T597C 000:372.003 JLINK_CORESIGHT_ReadAPDPReg(AP reg 0x03)
T597C 000:372.247   Value=0x3A2A0081
T597C 000:372.295 - 0.292ms returns 0
T597C 000:372.309 JLINK_CORESIGHT_WriteAPDPReg(AP reg 0x00, 0x80000002)
T597C 000:372.513 - 0.204ms returns 0
T597C 000:372.527 JLINK_CORESIGHT_WriteAPDPReg(AP reg 0x01, 0x80011140)
T597C 000:372.707 - 0.179ms returns 0
T597C 000:372.733 JLINK_CORESIGHT_ReadAPDPReg(AP reg 0x03)
T597C 000:372.974   Value=0x00000000
T597C 000:372.991 - 0.257ms returns 0
T597C 000:373.003 JLINK_CORESIGHT_WriteAPDPReg(AP reg 0x00, 0x80000002)
T597C 000:373.194 - 0.190ms returns 0
T597C 000:373.208 JLINK_CORESIGHT_WriteAPDPReg(AP reg 0x01, 0x80011130)
T597C 000:373.411 - 0.203ms returns 0
T597C 000:373.425 JLINK_CORESIGHT_ReadAPDPReg(AP reg 0x03)
T597C 000:373.656   Value=0x808D5B00
T597C 000:373.671 - 0.246ms returns 0
T597C 000:373.683 JLINK_CORESIGHT_WriteAPDPReg(AP reg 0x00, 0x80000002)
T597C 000:373.859 - 0.176ms returns 0
T597C 000:373.873 JLINK_CORESIGHT_WriteAPDPReg(AP reg 0x01, 0x80011140)
T597C 000:374.057 - 0.184ms returns 0
T597C 000:374.066 JLINK_CORESIGHT_ReadAPDPReg(AP reg 0x03)
T597C 000:374.290   Value=0x00000000
T597C 000:374.305 - 0.238ms returns 0
T597C 000:374.313 JLINK_CORESIGHT_WriteAPDPReg(AP reg 0x00, 0x80000002)
T597C 000:374.516 - 0.202ms returns 0
T597C 000:374.525 JLINK_CORESIGHT_WriteAPDPReg(AP reg 0x01, 0x80011130)
T597C 000:374.700 - 0.174ms returns 0
T597C 000:374.709 JLINK_CORESIGHT_ReadAPDPReg(AP reg 0x03)
T597C 000:374.932   Value=0x0406070A
T597C 000:374.941 - 0.232ms returns 0
T597C 000:374.948 JLINK_CORESIGHT_WriteAPDPReg(AP reg 0x00, 0x80000002)
T597C 000:375.116 - 0.168ms returns 0
T597C 000:375.125 JLINK_CORESIGHT_WriteAPDPReg(AP reg 0x01, 0x80011140)
T597C 000:375.300 - 0.174ms returns 0
T597C 000:375.309 JLINK_CORESIGHT_ReadAPDPReg(AP reg 0x03)
T597C 000:375.565   Value=0x00000000
T597C 000:375.577 - 0.268ms returns 0
T597C 000:375.585 JLINK_CORESIGHT_WriteAPDPReg(AP reg 0x00, 0x80000002)
T597C 000:375.762 - 0.177ms returns 0
T597C 000:375.772 JLINK_CORESIGHT_WriteAPDPReg(AP reg 0x01, 0x80011130)
T597C 000:375.946 - 0.174ms returns 0
T597C 000:375.954 JLINK_CORESIGHT_ReadAPDPReg(AP reg 0x03)
T597C 000:376.178   Value=0x3254540B
T597C 000:376.187 - 0.232ms returns 0
T597C 000:376.194 JLINK_CORESIGHT_WriteAPDPReg(AP reg 0x00, 0x80000002)
T597C 000:376.405 - 0.210ms returns 0
T597C 000:376.454 JLINK_CORESIGHT_WriteAPDPReg(AP reg 0x01, 0x80011140)
T597C 000:376.637 - 0.183ms returns 0
T597C 000:376.650 JLINK_CORESIGHT_ReadAPDPReg(AP reg 0x03)
T597C 000:376.871   Value=0x00000000
T597C 000:376.882 - 0.232ms returns 0
T597C 000:376.889 JLINK_CORESIGHT_WriteAPDPReg(AP reg 0x00, 0x80000002)
T597C 000:377.062 - 0.173ms returns 0
T597C 000:377.071 JLINK_CORESIGHT_WriteAPDPReg(AP reg 0x01, 0x80011130)
T597C 000:377.245 - 0.174ms returns 0
T597C 000:377.254 JLINK_CORESIGHT_ReadAPDPReg(AP reg 0x03)
T597C 000:377.485   Value=0x54588559
T597C 000:377.495 - 0.241ms returns 0
T597C 000:377.502 JLINK_CORESIGHT_WriteAPDPReg(AP reg 0x00, 0x80000002)
T597C 000:377.675 - 0.173ms returns 0
T597C 000:377.686 JLINK_CORESIGHT_WriteAPDPReg(AP reg 0x01, 0x80011140)
T597C 000:377.860 - 0.174ms returns 0
T597C 000:377.872 JLINK_CORESIGHT_ReadAPDPReg(AP reg 0x03)
T597C 000:378.098   Value=0x00000000
T597C 000:378.108 - 0.235ms returns 0
T597C 000:378.115 JLINK_CORESIGHT_WriteAPDPReg(AP reg 0x00, 0x80000002)
T597C 000:378.291 - 0.176ms returns 0
T597C 000:378.300 JLINK_CORESIGHT_WriteAPDPReg(AP reg 0x01, 0x80011130)
T597C 000:378.510 - 0.210ms returns 0
T597C 000:378.519 JLINK_CORESIGHT_ReadAPDPReg(AP reg 0x03)
T597C 000:378.736   Value=0x34325736
T597C 000:378.745 - 0.226ms returns 0
T597C 000:378.752 JLINK_CORESIGHT_WriteAPDPReg(AP reg 0x00, 0x80000002)
T597C 000:378.928 - 0.176ms returns 0
T597C 000:378.941 JLINK_CORESIGHT_WriteAPDPReg(AP reg 0x01, 0x80011140)
T597C 000:379.117 - 0.175ms returns 0
T597C 000:379.126 JLINK_CORESIGHT_ReadAPDPReg(AP reg 0x03)
T597C 000:379.410   Value=0x00000000
T597C 000:379.420 - 0.294ms returns 0
T597C 000:379.427 JLINK_CORESIGHT_WriteAPDPReg(AP reg 0x00, 0x80000002)
T597C 000:379.601 - 0.174ms returns 0
T597C 000:379.610 JLINK_CORESIGHT_WriteAPDPReg(AP reg 0x01, 0x80011130)
T597C 000:379.783 - 0.173ms returns 0
T597C 000:379.792 JLINK_CORESIGHT_ReadAPDPReg(AP reg 0x03)
T597C 000:380.011   Value=0x70082D30
T597C 000:380.023 - 0.231ms returns 0
T597C 000:380.030 JLINK_CORESIGHT_WriteAPDPReg(AP reg 0x00, 0x80000002)
T597C 000:380.202 - 0.171ms returns 0
T597C 000:380.211 JLINK_CORESIGHT_WriteAPDPReg(AP reg 0x01, 0x80011140)
T597C 000:380.403 - 0.192ms returns 0
T597C 000:380.411 JLINK_CORESIGHT_ReadAPDPReg(AP reg 0x03)
T597C 000:380.639   Value=0x00000000
T597C 000:380.648 - 0.237ms returns 0
T597C 000:380.656 JLINK_CORESIGHT_WriteAPDPReg(AP reg 0x00, 0x80000002)
T597C 000:380.830 - 0.174ms returns 0
T597C 000:380.838 JLINK_CORESIGHT_WriteAPDPReg(AP reg 0x01, 0x80011130)
T597C 000:381.013 - 0.175ms returns 0
T597C 000:381.022 JLINK_CORESIGHT_ReadAPDPReg(AP reg 0x03)
T597C 000:381.241   Value=0x4B375268
T597C 000:381.252 - 0.230ms returns 0
T597C 000:381.260 JLINK_CORESIGHT_WriteAPDPReg(AP reg 0x00, 0x80000002)
T597C 000:381.436 - 0.175ms returns 0
T597C 000:381.452 JLINK_CORESIGHT_WriteAPDPReg(AP reg 0x01, 0x80011140)
T597C 000:381.630 - 0.178ms returns 0
T597C 000:381.644 JLINK_CORESIGHT_ReadAPDPReg(AP reg 0x03)
T597C 000:381.873   Value=0x00000000
T597C 000:381.888 - 0.244ms returns 0
T597C 000:381.900 JLINK_CORESIGHT_WriteAPDPReg(AP reg 0x00, 0x80000002)
T597C 000:382.076 - 0.177ms returns 0
T597C 000:382.090 JLINK_CORESIGHT_WriteAPDPReg(AP reg 0x01, 0x80011130)
T597C 000:382.266 - 0.176ms returns 0
T597C 000:382.279 JLINK_CORESIGHT_ReadAPDPReg(AP reg 0x03)
T597C 000:382.565   Value=0x31503841
T597C 000:382.576 - 0.297ms returns 0
T597C 000:382.584 JLINK_CORESIGHT_WriteAPDPReg(AP reg 0x00, 0x80000002)
T597C 000:382.759 - 0.175ms returns 0
T597C 000:382.769 JLINK_CORESIGHT_WriteAPDPReg(AP reg 0x01, 0x80011140)
T597C 000:382.945 - 0.176ms returns 0
T597C 000:382.953 JLINK_CORESIGHT_ReadAPDPReg(AP reg 0x03)
T597C 000:383.175   Value=0x00000000
T597C 000:383.184 - 0.230ms returns 0
T597C 000:383.191 JLINK_CORESIGHT_WriteAPDPReg(AP reg 0x00, 0x80000002)
T597C 000:383.410 - 0.219ms returns 0
T597C 000:383.419 JLINK_CORESIGHT_WriteAPDPReg(AP reg 0x01, 0x80011130)
T597C 000:383.619 - 0.200ms returns 0
T597C 000:383.630 JLINK_CORESIGHT_ReadAPDPReg(AP reg 0x03)
T597C 000:383.862   Value=0x434C464B
T597C 000:383.874 - 0.243ms returns 0
T597C 000:383.881 JLINK_CORESIGHT_WriteAPDPReg(AP reg 0x00, 0x80000002)
T597C 000:384.053 - 0.171ms returns 0
T597C 000:384.062 JLINK_CORESIGHT_WriteAPDPReg(AP reg 0x01, 0x80011140)
T597C 000:384.236 - 0.173ms returns 0
T597C 000:384.245 JLINK_CORESIGHT_ReadAPDPReg(AP reg 0x03)
T597C 000:384.466   Value=0x00000000
T597C 000:384.475 - 0.230ms returns 0
T597C 000:384.482 JLINK_CORESIGHT_WriteAPDPReg(AP reg 0x00, 0x80000002)
T597C 000:384.656 - 0.173ms returns 0
T597C 000:384.664 JLINK_CORESIGHT_WriteAPDPReg(AP reg 0x01, 0x80011130)
T597C 000:384.840 - 0.175ms returns 0
T597C 000:384.853 JLINK_CORESIGHT_ReadAPDPReg(AP reg 0x03)
T597C 000:385.080   Value=0x20204341
T597C 000:385.094 - 0.241ms returns 0
T597C 000:385.102 JLINK_CORESIGHT_WriteAPDPReg(AP reg 0x00, 0x80000002)
T597C 000:385.281 - 0.178ms returns 0
T597C 000:385.296 JLINK_CORESIGHT_WriteAPDPReg(AP reg 0x01, 0x80011140)
T597C 000:385.517 - 0.221ms returns 0
T597C 000:385.531 JLINK_CORESIGHT_ReadAPDPReg(AP reg 0x03)
T597C 000:385.757   Value=0x00000000
T597C 000:385.771 - 0.240ms returns 0
T597C 000:385.783 JLINK_CORESIGHT_WriteAPDPReg(AP reg 0x00, 0x80000002)
T597C 000:385.974 - 0.190ms returns 0
T597C 000:385.988 JLINK_CORESIGHT_WriteAPDPReg(AP reg 0x01, 0x80011130)
T597C 000:386.162 - 0.175ms returns 0
T597C 000:386.175 JLINK_CORESIGHT_ReadAPDPReg(AP reg 0x03)
T597C 000:386.405   Value=0x0003A820
T597C 000:386.415 - 0.240ms returns 0
T597C 000:386.474 JLINK_CORESIGHT_WriteAPDPReg(AP reg 0x00, 0x80000002)
T597C 000:386.664 - 0.190ms returns 0
T597C 000:386.673 JLINK_CORESIGHT_WriteAPDPReg(AP reg 0x01, 0x80011140)
T597C 000:386.854 - 0.180ms returns 0
T597C 000:386.863 JLINK_CORESIGHT_ReadAPDPReg(AP reg 0x03)
T597C 000:387.086   Value=0x00000002
T597C 000:387.096 - 0.233ms returns 0
T597C 000:387.104 JLINK_CORESIGHT_WriteAPDPReg(AP reg 0x00, 0x80000002)
T597C 000:387.287 - 0.183ms returns 0
T597C 000:387.300 JLINK_CORESIGHT_WriteAPDPReg(AP reg 0x01, 0x80011120)
T597C 000:387.525 - 0.224ms returns 0
T597C 000:387.554 JLINK_CORESIGHT_WriteAPDPReg(AP reg 0x03, 0x39020001)
T597C 000:387.741 - 0.187ms returns 0
T597C 000:387.755 JLINK_CORESIGHT_WriteAPDPReg(AP reg 0x00, 0x80000002)
T597C 000:387.931 - 0.176ms returns 0
T597C 000:387.954 JLINK_CORESIGHT_WriteAPDPReg(AP reg 0x01, 0x80011140)
T597C 000:388.128 - 0.174ms returns 0
T597C 000:388.137 JLINK_CORESIGHT_ReadAPDPReg(AP reg 0x03)
T597C 000:388.409   Value=0x00000002
T597C 000:388.463 - 0.325ms returns 0
T597C 000:388.472 JLINK_CORESIGHT_WriteAPDPReg(AP reg 0x00, 0x80000002)
T597C 000:388.650 - 0.177ms returns 0
T597C 000:388.671 JLINK_CORESIGHT_WriteAPDPReg(AP reg 0x01, 0x80011120)
T597C 000:388.841 - 0.170ms returns 0
T597C 000:388.851 JLINK_CORESIGHT_WriteAPDPReg(AP reg 0x03, 0x0003B312)
T597C 000:389.047 - 0.196ms returns 0
T597C 000:389.057 JLINK_CORESIGHT_WriteAPDPReg(AP reg 0x00, 0x80000002)
T597C 000:389.232 - 0.174ms returns 0
T597C 000:389.241 JLINK_CORESIGHT_WriteAPDPReg(AP reg 0x01, 0x80011140)
T597C 000:389.415 - 0.173ms returns 0
T597C 000:389.429 JLINK_CORESIGHT_ReadAPDPReg(AP reg 0x03)
T597C 000:389.663   Value=0x00000000
T597C 000:389.690 - 0.261ms returns 0
T597C 000:389.738 JLINK_CORESIGHT_WriteAPDPReg(AP reg 0x00, 0x80000002)
T597C 000:389.942 - 0.204ms returns 0
T597C 000:389.971 JLINK_CORESIGHT_WriteAPDPReg(AP reg 0x01, 0x80011130)
T597C 000:390.165 - 0.194ms returns 0
T597C 000:390.185 JLINK_CORESIGHT_ReadAPDPReg(AP reg 0x03)
T597C 000:390.417   Value=0xB90A0081
T597C 000:390.433 - 0.248ms returns 0
T597C 000:390.449 JLINK_CORESIGHT_WriteAPDPReg(AP reg 0x00, 0x80000002)
T597C 000:390.662 - 0.213ms returns 0
T597C 000:390.681 JLINK_CORESIGHT_WriteAPDPReg(AP reg 0x01, 0x80011140)
T597C 000:390.869 - 0.187ms returns 0
T597C 000:390.913 JLINK_CORESIGHT_ReadAPDPReg(AP reg 0x03)
T597C 000:391.185   Value=0x00000000
T597C 000:391.195 - 0.282ms returns 0
T597C 000:391.205 JLINK_CORESIGHT_WriteAPDPReg(AP reg 0x00, 0x80000002)
T597C 000:391.413 - 0.207ms returns 0
T597C 000:391.424 JLINK_CORESIGHT_WriteAPDPReg(AP reg 0x01, 0x80011130)
T597C 000:391.612 - 0.187ms returns 0
T597C 000:391.623 JLINK_CORESIGHT_ReadAPDPReg(AP reg 0x03)
T597C 000:391.848   Value=0xFFFFFFC0
T597C 000:391.857 - 0.234ms returns 0
T597C 000:391.867 JLINK_CORESIGHT_WriteAPDPReg(AP reg 0x00, 0x80000002)
T597C 000:392.050 - 0.182ms returns 0
T597C 000:392.073 JLINK_CORESIGHT_WriteAPDPReg(AP reg 0x01, 0x80011140)
T597C 000:392.245 - 0.172ms returns 0
T597C 000:392.258 JLINK_CORESIGHT_ReadAPDPReg(AP reg 0x03)
T597C 000:392.483   Value=0x00000000
T597C 000:392.495 - 0.237ms returns 0
T597C 000:392.506 JLINK_CORESIGHT_WriteAPDPReg(AP reg 0x00, 0x80000002)
T597C 000:392.677 - 0.171ms returns 0
T597C 000:392.690 JLINK_CORESIGHT_WriteAPDPReg(AP reg 0x01, 0x80011130)
T597C 000:392.866 - 0.175ms returns 0
T597C 000:392.878 JLINK_CORESIGHT_ReadAPDPReg(AP reg 0x03)
T597C 000:393.097   Value=0xFFFFFFFF
T597C 000:393.106 - 0.228ms returns 0
T597C 000:393.116 JLINK_CORESIGHT_WriteAPDPReg(AP reg 0x00, 0x80000002)
T597C 000:393.293 - 0.176ms returns 0
T597C 000:393.310 JLINK_CORESIGHT_WriteAPDPReg(AP reg 0x01, 0x80011140)
T597C 000:393.517 - 0.207ms returns 0
T597C 000:393.549 JLINK_CORESIGHT_ReadAPDPReg(AP reg 0x03)
T597C 000:393.783   Value=0x00000000
T597C 000:393.810 - 0.261ms returns 0
T597C 000:393.842 JLINK_CORESIGHT_WriteAPDPReg(AP reg 0x00, 0x80000002)
T597C 000:394.035 - 0.193ms returns 0
T597C 000:394.071 JLINK_CORESIGHT_WriteAPDPReg(AP reg 0x01, 0x80011130)
T597C 000:394.253 - 0.182ms returns 0
T597C 000:394.302 JLINK_CORESIGHT_ReadAPDPReg(AP reg 0x03)
T597C 000:394.559   Value=0x000385FF
T597C 000:394.568 - 0.266ms returns 0
T597C 000:394.901 JLINK_CORESIGHT_WriteAPDPReg(AP reg 0x00, 0x80000002)
T597C 000:395.098 - 0.196ms returns 0
T597C 000:395.107 JLINK_CORESIGHT_WriteAPDPReg(AP reg 0x01, 0x80011140)
T597C 000:395.282 - 0.175ms returns 0
T597C 000:395.291 JLINK_CORESIGHT_ReadAPDPReg(AP reg 0x03)
T597C 000:395.570   Value=0x00000002
T597C 000:395.579 - 0.287ms returns 0
T597C 000:395.586 JLINK_CORESIGHT_WriteAPDPReg(AP reg 0x00, 0x80000002)
T597C 000:395.754 - 0.168ms returns 0
T597C 000:395.763 JLINK_CORESIGHT_WriteAPDPReg(AP reg 0x01, 0x80011120)
T597C 000:395.937 - 0.174ms returns 0
T597C 000:395.945 JLINK_CORESIGHT_WriteAPDPReg(AP reg 0x03, 0x2C010001)
T597C 000:396.123 - 0.177ms returns 0
T597C 000:396.138 JLINK_CORESIGHT_WriteAPDPReg(AP reg 0x00, 0x80000002)
T597C 000:396.316 - 0.178ms returns 0
T597C 000:396.326 JLINK_CORESIGHT_WriteAPDPReg(AP reg 0x01, 0x80011140)
T597C 000:396.510 - 0.183ms returns 0
T597C 000:396.518 JLINK_CORESIGHT_ReadAPDPReg(AP reg 0x03)
T597C 000:396.753   Value=0x00000002
T597C 000:396.762 - 0.244ms returns 0
T597C 000:396.769 JLINK_CORESIGHT_WriteAPDPReg(AP reg 0x00, 0x80000002)
T597C 000:396.939 - 0.169ms returns 0
T597C 000:396.954 JLINK_CORESIGHT_WriteAPDPReg(AP reg 0x01, 0x80011120)
T597C 000:397.133 - 0.179ms returns 0
T597C 000:397.142 JLINK_CORESIGHT_WriteAPDPReg(AP reg 0x03, 0x000003D3)
T597C 000:397.319 - 0.176ms returns 0
T597C 000:397.332 JLINK_CORESIGHT_WriteAPDPReg(AP reg 0x00, 0x80000002)
T597C 000:397.515 - 0.182ms returns 0
T597C 000:397.545 JLINK_CORESIGHT_WriteAPDPReg(AP reg 0x01, 0x80011140)
T597C 000:397.720 - 0.175ms returns 0
T597C 000:397.729 JLINK_CORESIGHT_ReadAPDPReg(AP reg 0x03)
T597C 000:397.945   Value=0x00000002
T597C 000:397.955 - 0.226ms returns 0
T597C 000:397.980 JLINK_CORESIGHT_ReadAPDPReg(AP reg 0x03)
T597C 000:398.201   Value=0x00000002
T597C 000:398.212 - 0.232ms returns 0
T597C 000:398.220 JLINK_CORESIGHT_ReadAPDPReg(AP reg 0x03)
T597C 000:398.444   Value=0x00000002
T597C 000:398.497 - 0.276ms returns 0
T597C 000:398.507 JLINK_CORESIGHT_ReadAPDPReg(AP reg 0x03)
T597C 000:398.740   Value=0x00000000
T597C 000:398.751 - 0.244ms returns 0
T597C 000:398.759 JLINK_CORESIGHT_WriteAPDPReg(AP reg 0x00, 0x80000002)
T597C 000:398.936 - 0.176ms returns 0
T597C 000:398.946 JLINK_CORESIGHT_WriteAPDPReg(AP reg 0x01, 0x80011130)
T597C 000:399.128 - 0.182ms returns 0
T597C 000:399.159 JLINK_CORESIGHT_ReadAPDPReg(AP reg 0x03)
T597C 000:399.412   Value=0x2C020081
T597C 000:399.423 - 0.263ms returns 0
T597C 000:399.431 JLINK_CORESIGHT_WriteAPDPReg(AP reg 0x00, 0x80000002)
T597C 000:399.607 - 0.176ms returns 0
T597C 000:399.620 JLINK_CORESIGHT_WriteAPDPReg(AP reg 0x01, 0x80011140)
T597C 000:399.798 - 0.178ms returns 0
T597C 000:399.808 JLINK_CORESIGHT_ReadAPDPReg(AP reg 0x03)
T597C 000:400.030   Value=0x00000000
T597C 000:400.039 - 0.231ms returns 0
T597C 000:400.046 JLINK_CORESIGHT_WriteAPDPReg(AP reg 0x00, 0x80000002)
T597C 000:400.220 - 0.173ms returns 0
T597C 000:400.229 JLINK_CORESIGHT_WriteAPDPReg(AP reg 0x01, 0x80011130)
T597C 000:400.404 - 0.175ms returns 0
T597C 000:400.412 JLINK_CORESIGHT_ReadAPDPReg(AP reg 0x03)
T597C 000:400.635   Value=0x0003CE04
T597C 000:400.645 - 0.232ms returns 0
T597C 000:400.656 JLINK_CORESIGHT_WriteAPDPReg(AP reg 0x00, 0x80000002)
T597C 000:400.831 - 0.175ms returns 0
T597C 000:400.843 JLINK_CORESIGHT_WriteAPDPReg(AP reg 0x01, 0x80011140)
T597C 000:401.038 - 0.194ms returns 0
T597C 000:401.066 JLINK_CORESIGHT_ReadAPDPReg(AP reg 0x03)
T597C 000:401.288   Value=0x00000002
T597C 000:401.327 - 0.261ms returns 0
T597C 000:401.334 JLINK_CORESIGHT_WriteAPDPReg(AP reg 0x00, 0x80000002)
T597C 000:401.515 - 0.180ms returns 0
T597C 000:401.537 JLINK_CORESIGHT_WriteAPDPReg(AP reg 0x01, 0x80011120)
T597C 000:401.711 - 0.174ms returns 0
T597C 000:401.722 JLINK_CORESIGHT_WriteAPDPReg(AP reg 0x03, 0x73010001)
T597C 000:401.891 - 0.169ms returns 0
T597C 000:401.902 JLINK_CORESIGHT_WriteAPDPReg(AP reg 0x00, 0x80000002)
T597C 000:402.108 - 0.206ms returns 0
T597C 000:402.117 JLINK_CORESIGHT_WriteAPDPReg(AP reg 0x01, 0x80011140)
T597C 000:402.291 - 0.174ms returns 0
T597C 000:402.300 JLINK_CORESIGHT_ReadAPDPReg(AP reg 0x03)
T597C 000:402.564   Value=0x00000002
T597C 000:402.573 - 0.272ms returns 0
T597C 000:402.580 JLINK_CORESIGHT_WriteAPDPReg(AP reg 0x00, 0x80000002)
T597C 000:402.754 - 0.174ms returns 0
T597C 000:402.763 JLINK_CORESIGHT_WriteAPDPReg(AP reg 0x01, 0x80011120)
T597C 000:402.943 - 0.180ms returns 0
T597C 000:402.957 JLINK_CORESIGHT_WriteAPDPReg(AP reg 0x03, 0x0000038C)
T597C 000:403.169 - 0.211ms returns 0
T597C 000:403.195 JLINK_CORESIGHT_WriteAPDPReg(AP reg 0x00, 0x80000002)
T597C 000:403.412 - 0.216ms returns 0
T597C 000:403.426 JLINK_CORESIGHT_WriteAPDPReg(AP reg 0x01, 0x80011140)
T597C 000:403.601 - 0.176ms returns 0
T597C 000:403.611 JLINK_CORESIGHT_ReadAPDPReg(AP reg 0x03)
T597C 000:403.834   Value=0x00000002
T597C 000:403.844 - 0.232ms returns 0
T597C 000:403.851 JLINK_CORESIGHT_ReadAPDPReg(AP reg 0x03)
T597C 000:404.074   Value=0x00000002
T597C 000:404.110 - 0.258ms returns 0
T597C 000:404.145 JLINK_CORESIGHT_ReadAPDPReg(AP reg 0x03)
T597C 000:404.412   Value=0x00000002
T597C 000:404.436 - 0.291ms returns 0
T597C 000:404.450 JLINK_CORESIGHT_ReadAPDPReg(AP reg 0x03)
T597C 000:404.679   Value=0x00000002
T597C 000:404.690 - 0.240ms returns 0
T597C 000:404.698 JLINK_CORESIGHT_ReadAPDPReg(AP reg 0x03)
T597C 000:404.918   Value=0x00000002
T597C 000:404.928 - 0.230ms returns 0
T597C 000:404.935 JLINK_CORESIGHT_ReadAPDPReg(AP reg 0x03)
T597C 000:405.153   Value=0x00000002
T597C 000:405.162 - 0.226ms returns 0
T597C 000:405.169 JLINK_CORESIGHT_ReadAPDPReg(AP reg 0x03)
T597C 000:405.411   Value=0x00000002
T597C 000:405.426 - 0.256ms returns 0
T597C 000:405.437 JLINK_CORESIGHT_ReadAPDPReg(AP reg 0x03)
T597C 000:405.657   Value=0x00000002
T597C 000:405.669 - 0.231ms returns 0
T597C 000:405.676 JLINK_CORESIGHT_ReadAPDPReg(AP reg 0x03)
T597C 000:405.897   Value=0x00000002
T597C 000:405.913 - 0.237ms returns 0
T597C 000:405.925 JLINK_CORESIGHT_ReadAPDPReg(AP reg 0x03)
T597C 000:406.165   Value=0x00000002
T597C 000:406.179 - 0.254ms returns 0
T597C 000:406.191 JLINK_CORESIGHT_ReadAPDPReg(AP reg 0x03)
T597C 000:406.412   Value=0x00000002
T597C 000:406.427 - 0.236ms returns 0
T597C 000:406.439 JLINK_CORESIGHT_ReadAPDPReg(AP reg 0x03)
T597C 000:406.706   Value=0x00000002
T597C 000:406.720 - 0.280ms returns 0
T597C 000:406.727 JLINK_CORESIGHT_ReadAPDPReg(AP reg 0x03)
T597C 000:406.949   Value=0x00000002
T597C 000:406.961 - 0.233ms returns 0
T597C 000:406.975 JLINK_CORESIGHT_ReadAPDPReg(AP reg 0x03)
T597C 000:407.197   Value=0x00000000
T597C 000:407.207 - 0.232ms returns 0
T597C 000:407.215 JLINK_CORESIGHT_WriteAPDPReg(AP reg 0x00, 0x80000002)
T597C 000:407.409 - 0.194ms returns 0
T597C 000:407.418 JLINK_CORESIGHT_WriteAPDPReg(AP reg 0x01, 0x80011130)
T597C 000:407.591 - 0.173ms returns 0
T597C 000:407.600 JLINK_CORESIGHT_ReadAPDPReg(AP reg 0x03)
T597C 000:407.823   Value=0x73020081
T597C 000:407.832 - 0.232ms returns 0
T597C 000:407.839 JLINK_CORESIGHT_WriteAPDPReg(AP reg 0x00, 0x80000002)
T597C 000:408.013 - 0.173ms returns 0
T597C 000:408.021 JLINK_CORESIGHT_WriteAPDPReg(AP reg 0x01, 0x80011140)
T597C 000:408.229 - 0.208ms returns 0
T597C 000:408.239 JLINK_CORESIGHT_ReadAPDPReg(AP reg 0x03)
T597C 000:408.481   Value=0x00000000
T597C 000:408.494 - 0.255ms returns 0
T597C 000:408.503 JLINK_CORESIGHT_WriteAPDPReg(AP reg 0x00, 0x80000002)
T597C 000:408.685 - 0.182ms returns 0
T597C 000:408.697 JLINK_CORESIGHT_WriteAPDPReg(AP reg 0x01, 0x80011130)
T597C 000:408.889 - 0.191ms returns 0
T597C 000:408.910 JLINK_CORESIGHT_ReadAPDPReg(AP reg 0x03)
T597C 000:409.156   Value=0x00038902
T597C 000:409.169 - 0.259ms returns 0
T597C 000:409.180 JLINK_CORESIGHT_WriteAPDPReg(AP reg 0x00, 0x80000002)
T597C 000:409.492 - 0.312ms returns 0
T597C 000:409.515 JLINK_CORESIGHT_WriteAPDPReg(AP reg 0x01, 0x80011140)
T597C 000:409.719 - 0.204ms returns 0
T597C 000:409.745 JLINK_CORESIGHT_ReadAPDPReg(AP reg 0x03)
T597C 000:409.989   Value=0x00000002
T597C 000:410.005 - 0.260ms returns 0
T597C 000:410.018 JLINK_CORESIGHT_WriteAPDPReg(AP reg 0x00, 0x80000002)
T597C 000:410.204 - 0.185ms returns 0
T597C 000:410.235 JLINK_CORESIGHT_WriteAPDPReg(AP reg 0x01, 0x80011120)
T597C 000:410.411 - 0.176ms returns 0
T597C 000:410.435 JLINK_CORESIGHT_WriteAPDPReg(AP reg 0x03, 0x75010001)
T597C 000:410.611 - 0.177ms returns 0
T597C 000:410.645 JLINK_CORESIGHT_WriteAPDPReg(AP reg 0x00, 0x80000002)
T597C 000:410.820 - 0.174ms returns 0
T597C 000:410.829 JLINK_CORESIGHT_WriteAPDPReg(AP reg 0x01, 0x80011140)
T597C 000:411.002 - 0.172ms returns 0
T597C 000:411.011 JLINK_CORESIGHT_ReadAPDPReg(AP reg 0x03)
T597C 000:411.229   Value=0x00000002
T597C 000:411.239 - 0.227ms returns 0
T597C 000:411.247 JLINK_CORESIGHT_WriteAPDPReg(AP reg 0x00, 0x80000002)
T597C 000:411.422 - 0.175ms returns 0
T597C 000:411.434 JLINK_CORESIGHT_WriteAPDPReg(AP reg 0x01, 0x80011120)
T597C 000:411.610 - 0.176ms returns 0
T597C 000:411.630 JLINK_CORESIGHT_WriteAPDPReg(AP reg 0x03, 0x0000038A)
T597C 000:411.836 - 0.206ms returns 0
T597C 000:411.845 JLINK_CORESIGHT_WriteAPDPReg(AP reg 0x00, 0x80000002)
T597C 000:412.018 - 0.172ms returns 0
T597C 000:412.027 JLINK_CORESIGHT_WriteAPDPReg(AP reg 0x01, 0x80011140)
T597C 000:412.200 - 0.173ms returns 0
T597C 000:412.209 JLINK_CORESIGHT_ReadAPDPReg(AP reg 0x03)
T597C 000:412.429   Value=0x00000002
T597C 000:412.438 - 0.228ms returns 0
T597C 000:412.445 JLINK_CORESIGHT_ReadAPDPReg(AP reg 0x03)
T597C 000:412.664   Value=0x00000002
T597C 000:412.676 - 0.231ms returns 0
T597C 000:412.684 JLINK_CORESIGHT_ReadAPDPReg(AP reg 0x03)
T597C 000:412.915   Value=0x00000002
T597C 000:412.926 - 0.242ms returns 0
T597C 000:412.934 JLINK_CORESIGHT_ReadAPDPReg(AP reg 0x03)
T597C 000:413.157   Value=0x00000002
T597C 000:413.178 - 0.244ms returns 0
T597C 000:413.192 JLINK_CORESIGHT_ReadAPDPReg(AP reg 0x03)
T597C 000:413.430   Value=0x00000002
T597C 000:413.446 - 0.254ms returns 0
T597C 000:413.458 JLINK_CORESIGHT_ReadAPDPReg(AP reg 0x03)
T597C 000:413.678   Value=0x00000002
T597C 000:413.687 - 0.229ms returns 0
T597C 000:413.694 JLINK_CORESIGHT_ReadAPDPReg(AP reg 0x03)
T597C 000:413.905   Value=0x00000000
T597C 000:413.940 - 0.245ms returns 0
T597C 000:413.959 JLINK_CORESIGHT_WriteAPDPReg(AP reg 0x00, 0x80000002)
T597C 000:414.144 - 0.185ms returns 0
T597C 000:414.155 JLINK_CORESIGHT_WriteAPDPReg(AP reg 0x01, 0x80011130)
T597C 000:414.410 - 0.255ms returns 0
T597C 000:414.419 JLINK_CORESIGHT_ReadAPDPReg(AP reg 0x03)
T597C 000:414.647   Value=0x75020081
T597C 000:414.656 - 0.237ms returns 0
T597C 000:414.663 JLINK_CORESIGHT_WriteAPDPReg(AP reg 0x00, 0x80000002)
T597C 000:414.828 - 0.164ms returns 0
T597C 000:414.837 JLINK_CORESIGHT_WriteAPDPReg(AP reg 0x01, 0x80011140)
T597C 000:415.013 - 0.175ms returns 0
T597C 000:415.025 JLINK_CORESIGHT_ReadAPDPReg(AP reg 0x03)
T597C 000:415.251   Value=0x00000000
T597C 000:415.261 - 0.235ms returns 0
T597C 000:415.268 JLINK_CORESIGHT_WriteAPDPReg(AP reg 0x00, 0x80000002)
T597C 000:415.439 - 0.171ms returns 0
T597C 000:415.449 JLINK_CORESIGHT_WriteAPDPReg(AP reg 0x01, 0x80011130)
T597C 000:415.622 - 0.172ms returns 0
T597C 000:415.657 JLINK_CORESIGHT_ReadAPDPReg(AP reg 0x03)
T597C 000:415.880   Value=0x00038702
T597C 000:415.918 - 0.261ms returns 0
T597C 000:415.930 JLINK_CORESIGHT_WriteAPDPReg(AP reg 0x00, 0x80000002)
T597C 000:416.108 - 0.177ms returns 0
T597C 000:416.120 JLINK_CORESIGHT_WriteAPDPReg(AP reg 0x01, 0x80011140)
T597C 000:416.296 - 0.176ms returns 0
T597C 000:416.306 JLINK_CORESIGHT_ReadAPDPReg(AP reg 0x03)
T597C 000:416.565   Value=0x00000002
T597C 000:416.575 - 0.268ms returns 0
T597C 000:416.582 JLINK_CORESIGHT_WriteAPDPReg(AP reg 0x00, 0x80000002)
T597C 000:416.756 - 0.174ms returns 0
T597C 000:416.765 JLINK_CORESIGHT_WriteAPDPReg(AP reg 0x01, 0x80011120)
T597C 000:416.939 - 0.174ms returns 0
T597C 000:416.948 JLINK_CORESIGHT_WriteAPDPReg(AP reg 0x03, 0x4F010001)
T597C 000:417.119 - 0.171ms returns 0
T597C 000:417.128 JLINK_CORESIGHT_WriteAPDPReg(AP reg 0x00, 0x80000002)
T597C 000:417.303 - 0.175ms returns 0
T597C 000:417.315 JLINK_CORESIGHT_WriteAPDPReg(AP reg 0x01, 0x80011140)
T597C 000:417.525 - 0.208ms returns 0
T597C 000:417.548 JLINK_CORESIGHT_ReadAPDPReg(AP reg 0x03)
T597C 000:417.795   Value=0x00000002
T597C 000:417.810 - 0.262ms returns 0
T597C 000:417.818 JLINK_CORESIGHT_WriteAPDPReg(AP reg 0x00, 0x80000002)
T597C 000:418.014 - 0.195ms returns 0
T597C 000:418.025 JLINK_CORESIGHT_WriteAPDPReg(AP reg 0x01, 0x80011120)
T597C 000:418.200 - 0.175ms returns 0
T597C 000:418.209 JLINK_CORESIGHT_WriteAPDPReg(AP reg 0x03, 0x000003B0)
T597C 000:418.404 - 0.194ms returns 0
T597C 000:418.414 JLINK_CORESIGHT_WriteAPDPReg(AP reg 0x00, 0x80000002)
T597C 000:418.601 - 0.186ms returns 0
T597C 000:418.623 JLINK_CORESIGHT_WriteAPDPReg(AP reg 0x01, 0x80011140)
T597C 000:418.803 - 0.180ms returns 0
T597C 000:418.814 JLINK_CORESIGHT_ReadAPDPReg(AP reg 0x03)
T597C 000:419.046   Value=0x00000002
T597C 000:419.059 - 0.245ms returns 0
T597C 000:419.067 JLINK_CORESIGHT_ReadAPDPReg(AP reg 0x03)
T597C 000:419.300   Value=0x00000000
T597C 000:419.309 - 0.242ms returns 0
T597C 000:419.317 JLINK_CORESIGHT_WriteAPDPReg(AP reg 0x00, 0x80000002)
T597C 000:419.515 - 0.197ms returns 0
T597C 000:419.524 JLINK_CORESIGHT_WriteAPDPReg(AP reg 0x01, 0x80011130)
T597C 000:419.702 - 0.178ms returns 0
T597C 000:419.716 JLINK_CORESIGHT_ReadAPDPReg(AP reg 0x03)
T597C 000:419.946   Value=0x4F0B0081
T597C 000:419.956 - 0.240ms returns 0
T597C 000:419.968 JLINK_CORESIGHT_WriteAPDPReg(AP reg 0x00, 0x80000002)
T597C 000:420.158 - 0.189ms returns 0
T597C 000:420.183 JLINK_CORESIGHT_WriteAPDPReg(AP reg 0x01, 0x80011140)
T597C 000:420.410 - 0.226ms returns 0
T597C 000:420.432 JLINK_CORESIGHT_ReadAPDPReg(AP reg 0x03)
T597C 000:420.705   Value=0x00000000
T597C 000:420.718 - 0.285ms returns 0
T597C 000:420.730 JLINK_CORESIGHT_WriteAPDPReg(AP reg 0x00, 0x80000002)
T597C 000:420.913 - 0.183ms returns 0
T597C 000:420.933 JLINK_CORESIGHT_WriteAPDPReg(AP reg 0x01, 0x80011130)
T597C 000:421.123 - 0.189ms returns 0
T597C 000:421.145 JLINK_CORESIGHT_ReadAPDPReg(AP reg 0x03)
T597C 000:421.415   Value=0x00040000
T597C 000:421.429 - 0.284ms returns 0
T597C 000:421.443 JLINK_CORESIGHT_WriteAPDPReg(AP reg 0x00, 0x80000002)
T597C 000:421.640 - 0.197ms returns 0
T597C 000:421.665 JLINK_CORESIGHT_WriteAPDPReg(AP reg 0x01, 0x80011140)
T597C 000:421.885 - 0.220ms returns 0
T597C 000:421.904 JLINK_CORESIGHT_ReadAPDPReg(AP reg 0x03)
T597C 000:422.162   Value=0x00000000
T597C 000:422.172 - 0.267ms returns 0
T597C 000:422.182 JLINK_CORESIGHT_WriteAPDPReg(AP reg 0x00, 0x80000002)
T597C 000:422.411 - 0.228ms returns 0
T597C 000:422.423 JLINK_CORESIGHT_WriteAPDPReg(AP reg 0x01, 0x80011130)
T597C 000:422.598 - 0.174ms returns 0
T597C 000:422.615 JLINK_CORESIGHT_ReadAPDPReg(AP reg 0x03)
T597C 000:422.843   Value=0x00000000
T597C 000:422.858 - 0.243ms returns 0
T597C 000:422.870 JLINK_CORESIGHT_WriteAPDPReg(AP reg 0x00, 0x80000002)
T597C 000:423.049 - 0.178ms returns 0
T597C 000:423.068 JLINK_CORESIGHT_WriteAPDPReg(AP reg 0x01, 0x80011140)
T597C 000:423.248 - 0.180ms returns 0
T597C 000:423.262 JLINK_CORESIGHT_ReadAPDPReg(AP reg 0x03)
T597C 000:423.486   Value=0x00000000
T597C 000:423.503 - 0.241ms returns 0
T597C 000:423.521 JLINK_CORESIGHT_WriteAPDPReg(AP reg 0x00, 0x80000002)
T597C 000:423.717 - 0.195ms returns 0
T597C 000:423.734 JLINK_CORESIGHT_WriteAPDPReg(AP reg 0x01, 0x80011130)
T597C 000:423.925 - 0.191ms returns 0
T597C 000:423.943 JLINK_CORESIGHT_ReadAPDPReg(AP reg 0x03)
T597C 000:424.173   Value=0x03A20000
T597C 000:424.187 - 0.244ms returns 0
T597C 000:424.554 JLINK_CORESIGHT_ReadAPDPReg(DP reg 0x01)
T597C 000:424.736   Value=0xF0000F40
T597C 000:424.745 - 0.191ms returns 0
T597C 000:424.752 JLINK_CORESIGHT_WriteAPDPReg(DP reg 0x01, 0xA0000F40)
T597C 000:424.927 - 0.175ms returns 0
T597C 000:424.936 JLINK_CORESIGHT_ReadAPDPReg(DP reg 0x01)
T597C 000:425.110   Value=0x00000F40
T597C 000:425.119 - 0.183ms returns 0
T597C 000:425.126 JLINK_ClrRESET()
T597C 000:425.273 - 0.146ms 
T597C 000:535.805 JLINK_Close()
T597C 000:550.116 - 14.310ms
T597C 000:550.146   
T597C 000:550.155   Closed
